Archive member included to satisfy reference by file (symbol)

C:/Users/Mohamed Hosny/Desktop/ITI/CppES/msys64/msys64/mingw64/bin/../lib/gcc/x86_64-w64-mingw32/11.2.0/libstdc++.dll.a(d006693.o)
                              C:\Users\MOHAME~1\AppData\Local\Temp\ccctjwSj.o (__gxx_personality_seh0)
C:/Users/Mohamed Hosny/Desktop/ITI/CppES/msys64/msys64/mingw64/bin/../lib/gcc/x86_64-w64-mingw32/11.2.0/libstdc++.dll.a(d006336.o)
                              C:\Users\MOHAME~1\AppData\Local\Temp\ccctjwSj.o (vtable for __cxxabiv1::__vmi_class_type_info)
C:/Users/Mohamed Hosny/Desktop/ITI/CppES/msys64/msys64/mingw64/bin/../lib/gcc/x86_64-w64-mingw32/11.2.0/libstdc++.dll.a(d006330.o)
                              C:\Users\MOHAME~1\AppData\Local\Temp\ccctjwSj.o (vtable for __cxxabiv1::__class_type_info)
C:/Users/Mohamed Hosny/Desktop/ITI/CppES/msys64/msys64/mingw64/bin/../lib/gcc/x86_64-w64-mingw32/11.2.0/libstdc++.dll.a(d005582.o)
                              C:\Users\MOHAME~1\AppData\Local\Temp\ccctjwSj.o (std::basic_ostream<char, std::char_traits<char> >& std::operator<< <std::char_traits<char> >(std::basic_ostream<char, std::char_traits<char> >&, char const*))
C:/Users/Mohamed Hosny/Desktop/ITI/CppES/msys64/msys64/mingw64/bin/../lib/gcc/x86_64-w64-mingw32/11.2.0/libstdc++.dll.a(d005463.o)
                              C:\Users\MOHAME~1\AppData\Local\Temp\ccctjwSj.o (std::basic_ostream<char, std::char_traits<char> >& std::endl<char, std::char_traits<char> >(std::basic_ostream<char, std::char_traits<char> >&))
C:/Users/Mohamed Hosny/Desktop/ITI/CppES/msys64/msys64/mingw64/bin/../lib/gcc/x86_64-w64-mingw32/11.2.0/libstdc++.dll.a(d005462.o)
                              C:\Users\MOHAME~1\AppData\Local\Temp\ccctjwSj.o (std::cout)
C:/Users/Mohamed Hosny/Desktop/ITI/CppES/msys64/msys64/mingw64/bin/../lib/gcc/x86_64-w64-mingw32/11.2.0/libstdc++.dll.a(d005165.o)
                              C:\Users\MOHAME~1\AppData\Local\Temp\ccctjwSj.o (std::ios_base::Init::~Init())
C:/Users/Mohamed Hosny/Desktop/ITI/CppES/msys64/msys64/mingw64/bin/../lib/gcc/x86_64-w64-mingw32/11.2.0/libstdc++.dll.a(d005163.o)
                              C:\Users\MOHAME~1\AppData\Local\Temp\ccctjwSj.o (std::ios_base::Init::Init())
C:/Users/Mohamed Hosny/Desktop/ITI/CppES/msys64/msys64/mingw64/bin/../lib/gcc/x86_64-w64-mingw32/11.2.0/libstdc++.dll.a(d001905.o)
                              C:\Users\MOHAME~1\AppData\Local\Temp\ccctjwSj.o (std::ostream::operator<<(int))
C:/Users/Mohamed Hosny/Desktop/ITI/CppES/msys64/msys64/mingw64/bin/../lib/gcc/x86_64-w64-mingw32/11.2.0/libstdc++.dll.a(d001901.o)
                              C:\Users\MOHAME~1\AppData\Local\Temp\ccctjwSj.o (std::ostream::operator<<(bool))
C:/Users/Mohamed Hosny/Desktop/ITI/CppES/msys64/msys64/mingw64/bin/../lib/gcc/x86_64-w64-mingw32/11.2.0/libstdc++.dll.a(d001896.o)
                              C:\Users\MOHAME~1\AppData\Local\Temp\ccctjwSj.o (std::ostream::operator<<(std::ostream& (*)(std::ostream&)))
C:/Users/Mohamed Hosny/Desktop/ITI/CppES/msys64/msys64/mingw64/bin/../lib/gcc/x86_64-w64-mingw32/11.2.0/libstdc++.dll.a(d000000.o)
                              C:/Users/Mohamed Hosny/Desktop/ITI/CppES/msys64/msys64/mingw64/bin/../lib/gcc/x86_64-w64-mingw32/11.2.0/libstdc++.dll.a(d006693.o) (_head_libstdc___6_dll)
C:/Users/Mohamed Hosny/Desktop/ITI/CppES/msys64/msys64/mingw64/bin/../lib/gcc/x86_64-w64-mingw32/11.2.0/libstdc++.dll.a(d006697.o)
                              C:/Users/Mohamed Hosny/Desktop/ITI/CppES/msys64/msys64/mingw64/bin/../lib/gcc/x86_64-w64-mingw32/11.2.0/libstdc++.dll.a(d000000.o) (libstdc___6_dll_iname)
C:/Users/Mohamed Hosny/Desktop/ITI/CppES/msys64/msys64/mingw64/bin/../lib/gcc/x86_64-w64-mingw32/11.2.0/../../../../x86_64-w64-mingw32/lib/../lib/libmingw32.a(lib64_libmingw32_a-gccmain.o)
                              C:/Users/Mohamed Hosny/Desktop/ITI/CppES/msys64/msys64/mingw64/bin/../lib/gcc/x86_64-w64-mingw32/11.2.0/../../../../x86_64-w64-mingw32/lib/../lib/crt2.o (__main)
C:/Users/Mohamed Hosny/Desktop/ITI/CppES/msys64/msys64/mingw64/bin/../lib/gcc/x86_64-w64-mingw32/11.2.0/../../../../x86_64-w64-mingw32/lib/../lib/libmingw32.a(lib64_libmingw32_a-natstart.o)
                              C:/Users/Mohamed Hosny/Desktop/ITI/CppES/msys64/msys64/mingw64/bin/../lib/gcc/x86_64-w64-mingw32/11.2.0/../../../../x86_64-w64-mingw32/lib/../lib/crt2.o (__native_startup_lock)
C:/Users/Mohamed Hosny/Desktop/ITI/CppES/msys64/msys64/mingw64/bin/../lib/gcc/x86_64-w64-mingw32/11.2.0/../../../../x86_64-w64-mingw32/lib/../lib/libmingw32.a(lib64_libmingw32_a-wildcard.o)
                              C:/Users/Mohamed Hosny/Desktop/ITI/CppES/msys64/msys64/mingw64/bin/../lib/gcc/x86_64-w64-mingw32/11.2.0/../../../../x86_64-w64-mingw32/lib/../lib/crt2.o (_dowildcard)
C:/Users/Mohamed Hosny/Desktop/ITI/CppES/msys64/msys64/mingw64/bin/../lib/gcc/x86_64-w64-mingw32/11.2.0/../../../../x86_64-w64-mingw32/lib/../lib/libmingw32.a(lib64_libmingw32_a-dllargv.o)
[...]
Memory Configuration

Name             Origin             Length             Attributes
*default*        0x0000000000000000 0xffffffffffffffff

Linker script and memory map

                0x0000000140000000                __image_base__ = 0x140000000
                0x0000000000000000                __dll__ = 0x0
                0x0000000140000000                __ImageBase = 0x140000000
                0x0000000000001000                __section_alignment__ = 0x1000
                0x0000000000000200                __file_alignment__ = 0x200
                0x0000000000000004                __major_os_version__ = 0x4
                0x0000000000000000                __minor_os_version__ = 0x0
                0x0000000000000000                __major_image_version__ = 0x0
                0x0000000000000000                __minor_image_version__ = 0x0
                0x0000000000000005                __major_subsystem_version__ = 0x5
                0x0000000000000002                __minor_subsystem_version__ = 0x2
                0x0000000000000003                __subsystem__ = 0x3
                0x0000000000200000                __size_of_stack_reserve__ = 0x200000
                0x0000000000001000                __size_of_stack_commit__ = 0x1000
                0x0000000000100000                __size_of_heap_reserve__ = 0x100000
                0x0000000000001000                __size_of_heap_commit__ = 0x1000
                0x0000000000000000                __loader_flags__ = 0x0
                0x0000000000000160                __dll_characteristics__ = 0x160
LOAD C:/Users/Mohamed Hosny/Desktop/ITI/CppES/msys64/msys64/mingw64/bin/../lib/gcc/x86_64-w64-mingw32/11.2.0/../../../../x86_64-w64-mingw32/lib/../lib/crt2.o
LOAD C:/Users/Mohamed Hosny/Desktop/ITI/CppES/msys64/msys64/mingw64/bin/../lib/gcc/x86_64-w64-mingw32/11.2.0/crtbegin.o
LOAD C:\Users\MOHAME~1\AppData\Local\Temp\ccctjwSj.o
LOAD C:\Users\MOHAME~1\AppData\Local\Temp\ccnMUuLS.o
LOAD C:/Users/Mohamed Hosny/Desktop/ITI/CppES/msys64/msys64/mingw64/bin/../lib/gcc/x86_64-w64-mingw32/11.2.0/libstdc++.dll.a
LOAD C:/Users/Mohamed Hosny/Desktop/ITI/CppES/msys64/msys64/mingw64/bin/../lib/gcc/x86_64-w64-mingw32/11.2.0/../../../../x86_64-w64-mingw32/lib/../lib/libmingw32.a
LOAD C:/Users/Mohamed Hosny/Desktop/ITI/CppES/msys64/msys64/mingw64/bin/../lib/gcc/x86_64-w64-mingw32/11.2.0/libgcc_s.a
LOAD C:/Users/Mohamed Hosny/Desktop/ITI/CppES/msys64/msys64/mingw64/bin/../lib/gcc/x86_64-w64-mingw32/11.2.0/libgcc.a
LOAD C:/Users/Mohamed Hosny/Desktop/ITI/CppES/msys64/msys64/mingw64/bin/../lib/gcc/x86_64-w64-mingw32/11.2.0/../../../../x86_64-w64-mingw32/lib/../lib/libmoldname.a
LOAD C:/Users/Mohamed Hosny/Desktop/ITI/CppES/msys64/msys64/mingw64/bin/../lib/gcc/x86_64-w64-mingw32/11.2.0/../../../../x86_64-w64-mingw32/lib/../lib/libmingwex.a
LOAD C:/Users/Mohamed Hosny/Desktop/ITI/CppES/msys64/msys64/mingw64/bin/../lib/gcc/x86_64-w64-mingw32/11.2.0/../../../../x86_64-w64-mingw32/lib/../lib/libmsvcrt.a
LOAD C:/Users/Mohamed Hosny/Desktop/ITI/CppES/msys64/msys64/mingw64/bin/../lib/gcc/x86_64-w64-mingw32/11.2.0/../../../../x86_64-w64-mingw32/lib/../lib/libkernel32.a
LOAD C:/Users/Mohamed Hosny/Desktop/ITI/CppES/msys64/msys64/mingw64/bin/../lib/gcc/x86_64-w64-mingw32/11.2.0/../../../../x86_64-w64-mingw32/lib/../lib/libpthread.dll.a
LOAD C:/Users/Mohamed Hosny/Desktop/ITI/CppES/msys64/msys64/mingw64/bin/../lib/gcc/x86_64-w64-mingw32/11.2.0/../../../../x86_64-w64-mingw32/lib/../lib/libadvapi32.a
LOAD C:/Users/Mohamed Hosny/Desktop/ITI/CppES/msys64/msys64/mingw64/bin/../lib/gcc/x86_64-w64-mingw32/11.2.0/../../../../x86_64-w64-mingw32/lib/../lib/libshell32.a
LOAD C:/Users/Mohamed Hosny/Desktop/ITI/CppES/msys64/msys64/mingw64/bin/../lib/gcc/x86_64-w64-mingw32/11.2.0/../../../../x86_64-w64-mingw32/lib/../lib/libuser32.a
LOAD C:/Users/Mohamed Hosny/Desktop/ITI/CppES/msys64/msys64/mingw64/bin/../lib/gcc/x86_64-w64-mingw32/11.2.0/../../../../x86_64-w64-mingw32/lib/../lib/libkernel32.a
LOAD C:/Users/Mohamed Hosny/Desktop/ITI/CppES/msys64/msys64/mingw64/bin/../lib/gcc/x86_64-w64-mingw32/11.2.0/../../../../x86_64-w64-mingw32/lib/../lib/libmingw32.a
LOAD C:/Users/Mohamed Hosny/Desktop/ITI/CppES/msys64/msys64/mingw64/bin/../lib/gcc/x86_64-w64-mingw32/11.2.0/libgcc_s.a
LOAD C:/Users/Mohamed Hosny/Desktop/ITI/CppES/msys64/msys64/mingw64/bin/../lib/gcc/x86_64-w64-mingw32/11.2.0/libgcc.a
LOAD C:/Users/Mohamed Hosny/Desktop/ITI/CppES/msys64/msys64/mingw64/bin/../lib/gcc/x86_64-w64-mingw32/11.2.0/../../../../x86_64-w64-mingw32/lib/../lib/libmoldname.a
LOAD C:/Users/Mohamed Hosny/Desktop/ITI/CppES/msys64/msys64/mingw64/bin/../lib/gcc/x86_64-w64-mingw32/11.2.0/../../../../x86_64-w64-mingw32/lib/../lib/libmingwex.a
LOAD C:/Users/Mohamed Hosny/Desktop/ITI/CppES/msys64/msys64/mingw64/bin/../lib/gcc/x86_64-w64-mingw32/11.2.0/../../../../x86_64-w64-mingw32/lib/../lib/libmsvcrt.a
LOAD C:/Users/Mohamed Hosny/Desktop/ITI/CppES/msys64/msys64/mingw64/bin/../lib/gcc/x86_64-w64-mingw32/11.2.0/../../../../x86_64-w64-mingw32/lib/../lib/libkernel32.a
LOAD C:/Users/Mohamed Hosny/Desktop/ITI/CppES/msys64/msys64/mingw64/bin/../lib/gcc/x86_64-w64-mingw32/11.2.0/../../../../x86_64-w64-mingw32/lib/../lib/default-manifest.o
LOAD C:/Users/Mohamed Hosny/Desktop/ITI/CppES/msys64/msys64/mingw64/bin/../lib/gcc/x86_64-w64-mingw32/11.2.0/crtend.o
                0x00000000000004a8                . = SIZEOF_HEADERS
                0x0000000000001000                . = ALIGN (__section_alignment__)

.text           0x0000000140001000     0x2000
 *(SORT_NONE(.init))
 *(.text)
 .text          0x0000000140001000      0x510 C:/Users/Mohamed Hosny/Desktop/ITI/CppES/msys64/msys64/mingw64/bin/../lib/gcc/x86_64-w64-mingw32/11.2.0/../../../../x86_64-w64-mingw32/lib/../lib/crt2.o
                0x00000001400014b0                WinMainCRTStartup
                0x00000001400014d0                mainCRTStartup
                0x00000001400014f0                atexit
 .text          0x0000000140001510       0x20 C:/Users/Mohamed Hosny/Desktop/ITI/CppES/msys64/msys64/mingw64/bin/../lib/gcc/x86_64-w64-mingw32/11.2.0/crtbegin.o
                0x0000000140001510                __gcc_register_frame
                0x0000000140001520                __gcc_deregister_frame
 .text          0x0000000140001530      0x550 C:\Users\MOHAME~1\AppData\Local\Temp\ccctjwSj.o
                0x0000000140001530                GPIO_Driver::GPIO_Driver()
                0x0000000140001530                GPIO_Driver::GPIO_Driver()
                0x000000014000157c                GPIO_Driver::~GPIO_Driver()
                0x000000014000157c                GPIO_Driver::~GPIO_Driver()
                0x00000001400015c8                GPIO_AVR::GPIO_AVR()
                0x00000001400015c8                GPIO_AVR::GPIO_AVR()
                0x0000000140001640                GPIO_AVR::read(Pin_No_Type)
                0x00000001400016a4                GPIO_AVR::write(Pin_No_Type, bool)
                0x000000014000172c                GPIO_AVR::toggle(Pin_No_Type)
                0x000000014000178c                GPIO_AVR::~GPIO_AVR()
                0x000000014000178c                GPIO_AVR::~GPIO_AVR()
                0x00000001400017e4                GPIO_ARM::GPIO_ARM()
                0x00000001400017e4                GPIO_ARM::GPIO_ARM()
                0x000000014000185c                GPIO_ARM::read(Pin_No_Type)
                0x00000001400018c0                GPIO_ARM::write(Pin_No_Type, bool)
                0x0000000140001948                GPIO_ARM::toggle(Pin_No_Type)
                0x00000001400019a8                GPIO_ARM::~GPIO_ARM()
                0x00000001400019a8                GPIO_ARM::~GPIO_ARM()
 .text          0x0000000140001a80      0x190 C:\Users\MOHAME~1\AppData\Local\Temp\ccnMUuLS.o
                0x0000000140001a80                main
 .text          0x0000000140001c10        0x8 C:/Users/Mohamed Hosny/Desktop/ITI/CppES/msys64/msys64/mingw64/bin/../lib/gcc/x86_64-w64-mingw32/11.2.0/libstdc++.dll.a(d006693.o)
                0x0000000140001c10                __gxx_personality_seh0
 .text          0x0000000140001c18        0x0 C:/Users/Mohamed Hosny/Desktop/ITI/CppES/msys64/msys64/mingw64/bin/../lib/gcc/x86_64-w64-mingw32/11.2.0/libstdc++.dll.a(d006336.o)
 .text          0x0000000140001c18        0x0 C:/Users/Mohamed Hosny/Desktop/ITI/CppES/msys64/msys64/mingw64/bin/../lib/gcc/x86_64-w64-mingw32/11.2.0/libstdc++.dll.a(d006330.o)
 .text          0x0000000140001c18        0x8 C:/Users/Mohamed Hosny/Desktop/ITI/CppES/msys64/msys64/mingw64/bin/../lib/gcc/x86_64-w64-mingw32/11.2.0/libstdc++.dll.a(d005582.o)
                0x0000000140001c18                std::basic_ostream<char, std::char_traits<char> >& std::operator<< <std::char_traits<char> >(std::basic_ostream<char, std::char_traits<char> >&, char const*)
 .text          0x0000000140001c20        0x8 C:/Users/Mohamed Hosny/Desktop/ITI/CppES/msys64/msys64/mingw64/bin/../lib/gcc/x86_64-w64-mingw32/11.2.0/libstdc++.dll.a(d005463.o)
                0x0000000140001c20                std::basic_ostream<char, std::char_traits<char> >& std::endl<char, std::char_traits<char> >(std::basic_ostream<char, std::char_traits<char> >&)
 .text          0x0000000140001c28        0x0 C:/Users/Mohamed Hosny/Desktop/ITI/CppES/msys64/msys64/mingw64/bin/../lib/gcc/x86_64-w64-mingw32/11.2.0/libstdc++.dll.a(d005462.o)
 .text          0x0000000140001c28        0x8 C:/Users/Mohamed Hosny/Desktop/ITI/CppES/msys64/msys64/mingw64/bin/../lib/gcc/x86_64-w64-mingw32/11.2.0/libstdc++.dll.a(d005165.o)
                0x0000000140001c28                std::ios_base::Init::~Init()
 .text          0x0000000140001c30        0x8 C:/Users/Mohamed Hosny/Desktop/ITI/CppES/msys64/msys64/mingw64/bin/../lib/gcc/x86_64-w64-mingw32/11.2.0/libstdc++.dll.a(d005163.o)
                0x0000000140001c30                std::ios_base::Init::Init()
 .text          0x0000000140001c38        0x8 C:/Users/Mohamed Hosny/Desktop/ITI/CppES/msys64/msys64/mingw64/bin/../lib/gcc/x86_64-w64-mingw32/11.2.0/libstdc++.dll.a(d001905.o)
                0x0000000140001c38                std::ostream::operator<<(int)
 .text          0x0000000140001c40        0x8 C:/Users/Mohamed Hosny/Desktop/ITI/CppES/msys64/msys64/mingw64/bin/../lib/gcc/x86_64-w64-mingw32/11.2.0/libstdc++.dll.a(d001901.o)
                0x0000000140001c40                std::ostream::operator<<(bool)
 .text          0x0000000140001c48        0x8 C:/Users/Mohamed Hosny/Desktop/ITI/CppES/msys64/msys64/mingw64/bin/../lib/gcc/x86_64-w64-mingw32/11.2.0/libstdc++.dll.a(d001896.o)
                0x0000000140001c48                std::ostream::operator<<(std::ostream& (*)(std::ostream&))
 .text          0x0000000140001c50       0xd0 C:/Users/Mohamed Hosny/Desktop/ITI/CppES/msys64/msys64/mingw64/bin/../lib/gcc/x86_64-w64-mingw32/11.2.0/../../../../x86_64-w64-mingw32/lib/../lib/libmingw32.a(lib64_libmingw32_a-gccmain.o)
                0x0000000140001c50                __do_global_dtors
                0x0000000140001c90                __do_global_ctors
                0x0000000140001d00                __main
 .text          0x0000000140001d20        0x0 C:/Users/Mohamed Hosny/Desktop/ITI/CppES/msys64/msys64/mingw64/bin/../lib/gcc/x86_64-w64-mingw32/11.2.0/../../../../x86_64-w64-mingw32/lib/../lib/libmingw32.a(lib64_libmingw32_a-natstart.o)
 .text          0x0000000140001d20        0x0 C:/Users/Mohamed Hosny/Desktop/ITI/CppES/msys64/msys64/mingw64/bin/../lib/gcc/x86_64-w64-mingw32/11.2.0/../../../../x86_64-w64-mingw32/lib/../lib/libmingw32.a(lib64_libmingw32_a-wildcard.o)
 .text          0x0000000140001d20       0x10 C:/Users/Mohamed Hosny/Desktop/ITI/CppES/msys64/msys64/mingw64/bin/../lib/gcc/x86_64-w64-mingw32/11.2.0/../../../../x86_64-w64-mingw32/lib/../lib/libmingw32.a(lib64_libmingw32_a-dllargv.o)
                0x0000000140001d20                _setargv
 .text          0x0000000140001d30        0x0 C:/Users/Mohamed Hosny/Desktop/ITI/CppES/msys64/msys64/mingw64/bin/../lib/gcc/x86_64-w64-mingw32/11.2.0/../../../../x86_64-w64-mingw32/lib/../lib/libmingw32.a(lib64_libmingw32_a-_newmode.o)
 .text          0x0000000140001d30       0xd0 C:/Users/Mohamed Hosny/Desktop/ITI/CppES/msys64/msys64/mingw64/bin/../lib/gcc/x86_64-w64-mingw32/11.2.0/../../../../x86_64-w64-mingw32/lib/../lib/libmingw32.a(lib64_libmingw32_a-tlssup.o)
                0x0000000140001d60                __dyn_tls_init
                0x0000000140001df0                __tlregdtor
 .text          0x0000000140001e00        0x0 C:/Users/Mohamed Hosny/Desktop/ITI/CppES/msys64/msys64/mingw64/bin/../lib/gcc/x86_64-w64-mingw32/11.2.0/../../../../x86_64-w64-mingw32/lib/../lib/libmingw32.a(lib64_libmingw32_a-xncommod.o)
 .text          0x0000000140001e00        0x0 C:/Users/Mohamed Hosny/Desktop/ITI/CppES/msys64/msys64/mingw64/bin/../lib/gcc/x86_64-w64-mingw32/11.2.0/../../../../x86_64-w64-mingw32/lib/../lib/libmingw32.a(lib64_libmingw32_a-cinitexe.o)
 .text          0x0000000140001e00      0x100 C:/Users/Mohamed Hosny/Desktop/ITI/CppES/msys64/msys64/mingw64/bin/../lib/gcc/x86_64-w64-mingw32/11.2.0/../../../../x86_64-w64-mingw32/lib/../lib/libmingw32.a(lib64_libmingw32_a-merr.o)
                0x0000000140001e00                _matherr
 .text          0x0000000140001f00       0x10 C:/Users/Mohamed Hosny/Desktop/ITI/CppES/msys64/msys64/mingw64/bin/../lib/gcc/x86_64-w64-mingw32/11.2.0/../../../../x86_64-w64-mingw32/lib/../lib/libmingw32.a(lib64_libmingw32_a-CRT_fp10.o)
                0x0000000140001f00                fpreset
                0x0000000140001f00                _fpreset
 .text          0x0000000140001f10        0x0 C:/Users/Mohamed Hosny/Desktop/ITI/CppES/msys64/msys64/mingw64/bin/../lib/gcc/x86_64-w64-mingw32/11.2.0/../../../../x86_64-w64-mingw32/lib/../lib/libmingw32.a(lib64_libmingw32_a-mingw_helpers.o)
 .text          0x0000000140001f10      0x520 C:/Users/Mohamed Hosny/Desktop/ITI/CppES/msys64/msys64/mingw64/bin/../lib/gcc/x86_64-w64-mingw32/11.2.0/../../../../x86_64-w64-mingw32/lib/../lib/libmingw32.a(lib64_libmingw32_a-pseudo-reloc.o)
                0x00000001400020f0                _pei386_runtime_relocator
 .text          0x0000000140002430       0x60 C:/Users/Mohamed Hosny/Desktop/ITI/CppES/msys64/msys64/mingw64/bin/../lib/gcc/x86_64-w64-mingw32/11.2.0/../../../../x86_64-w64-mingw32/lib/../lib/libmingw32.a(lib64_libmingw32_a-usermatherr.o)
                0x0000000140002430                __mingw_raise_matherr
                0x0000000140002480                __mingw_setusermatherr
 .text          0x0000000140002490        0x0 C:/Users/Mohamed Hosny/Desktop/ITI/CppES/msys64/msys64/mingw64/bin/../lib/gcc/x86_64-w64-mingw32/11.2.0/../../../../x86_64-w64-mingw32/lib/../lib/libmingw32.a(lib64_libmingw32_a-xtxtmode.o)
 .text          0x0000000140002490      0x1c0 C:/Users/Mohamed Hosny/Desktop/ITI/CppES/msys64/msys64/mingw64/bin/../lib/gcc/x86_64-w64-mingw32/11.2.0/../../../../x86_64-w64-mingw32/lib/../lib/libmingw32.a(lib64_libmingw32_a-crt_handler.o)
                0x0000000140002490                _gnu_exception_handler
 .text          0x0000000140002650      0x290 C:/Users/Mohamed Hosny/Desktop/ITI/CppES/msys64/msys64/mingw64/bin/../lib/gcc/x86_64-w64-mingw32/11.2.0/../../../../x86_64-w64-mingw32/lib/../lib/libmingw32.a(lib64_libmingw32_a-tlsthrd.o)
                0x00000001400026d0                ___w64_mingwthr_add_key_dtor
                0x0000000140002760                ___w64_mingwthr_remove_key_dtor
                0x00000001400027f0                __mingw_TLScallback
 .text          0x00000001400028e0        0x0 C:/Users/Mohamed Hosny/Desktop/ITI/CppES/msys64/msys64/mingw64/bin/../lib/gcc/x86_64-w64-mingw32/11.2.0/../../../../x86_64-w64-mingw32/lib/../lib/libmingw32.a(lib64_libmingw32_a-tlsmcrt.o)
 .text          0x00000001400028e0        0x0 C:/Users/Mohamed Hosny/Desktop/ITI/CppES/msys64/msys64/mingw64/bin/../lib/gcc/x86_64-w64-mingw32/11.2.0/../../../../x86_64-w64-mingw32/lib/../lib/libmingw32.a(lib64_libmingw32_a-pseudo-reloc-list.o)
 .text          0x00000001400028e0      0x3e0 C:/Users/Mohamed Hosny/Desktop/ITI/CppES/msys64/msys64/mingw64/bin/../lib/gcc/x86_64-w64-mingw32/11.2.0/../../../../x86_64-w64-mingw32/lib/../lib/libmingw32.a(lib64_libmingw32_a-pesect.o)
                0x00000001400028e0                _ValidateImageBase
                0x0000000140002910                _FindPESection
                0x0000000140002960                _FindPESectionByName
                0x0000000140002a00                __mingw_GetSectionForAddress
                0x0000000140002a80                __mingw_GetSectionCount
                0x0000000140002ac0                _FindPESectionExec
                0x0000000140002b30                _GetPEImageBase
                0x0000000140002b70                _IsNonwritableInCurrentImage
                0x0000000140002c00                __mingw_enum_import_library_names
 .text          0x0000000140002cc0        0x8 C:/Users/Mohamed Hosny/Desktop/ITI/CppES/msys64/msys64/mingw64/bin/../lib/gcc/x86_64-w64-mingw32/11.2.0/libgcc_s.a(d000015.o)
                0x0000000140002cc0                _Unwind_Resume
 *fill*         0x0000000140002cc8        0x8 
 .text          0x0000000140002cd0       0x40 C:/Users/Mohamed Hosny/Desktop/ITI/CppES/msys64/msys64/mingw64/bin/../lib/gcc/x86_64-w64-mingw32/11.2.0/libgcc.a(_chkstk_ms.o)
                0x0000000140002cd0                ___chkstk_ms
 .text          0x0000000140002d10        0x0 C:/Users/Mohamed Hosny/Desktop/ITI/CppES/msys64/msys64/mingw64/bin/../lib/gcc/x86_64-w64-mingw32/11.2.0/libgcc.a(_ctors.o)
 .text          0x0000000140002d10        0x0 C:/Users/Mohamed Hosny/Desktop/ITI/CppES/msys64/msys64/mingw64/bin/../lib/gcc/x86_64-w64-mingw32/11.2.0/../../../../x86_64-w64-mingw32/lib/../lib/libmingwex.a(lib64_libmingwex_a-mingw_matherr.o)
 .text          0x0000000140002d10       0x10 C:/Users/Mohamed Hosny/Desktop/ITI/CppES/msys64/msys64/mingw64/bin/../lib/gcc/x86_64-w64-mingw32/11.2.0/../../../../x86_64-w64-mingw32/lib/../lib/libmsvcrt.a(lib64_libmsvcrt_extra_a-__p__fmode.o)
                0x0000000140002d10                __p__fmode
 .text          0x0000000140002d20       0x10 C:/Users/Mohamed Hosny/Desktop/ITI/CppES/msys64/msys64/mingw64/bin/../lib/gcc/x86_64-w64-mingw32/11.2.0/../../../../x86_64-w64-mingw32/lib/../lib/libmsvcrt.a(lib64_libmsvcrt_extra_a-__p__commode.o)
                0x0000000140002d20                __p__commode
 .text          0x0000000140002d30       0x10 C:/Users/Mohamed Hosny/Desktop/ITI/CppES/msys64/msys64/mingw64/bin/../lib/gcc/x86_64-w64-mingw32/11.2.0/../../../../x86_64-w64-mingw32/lib/../lib/libmsvcrt.a(lib64_libmsvcrt_extra_a-__p__acmdln.o)
                0x0000000140002d30                __p__acmdln
 .text          0x0000000140002d40       0x20 C:/Users/Mohamed Hosny/Desktop/ITI/CppES/msys64/msys64/mingw64/bin/../lib/gcc/x86_64-w64-mingw32/11.2.0/../../../../x86_64-w64-mingw32/lib/../lib/libmsvcrt.a(lib64_libmsvcrt_extra_a-invalid_parameter_handler.o)
                0x0000000140002d40                _get_invalid_parameter_handler
                0x0000000140002d50                _set_invalid_parameter_handler
 .text          0x0000000140002d60       0x20 C:/Users/Mohamed Hosny/Desktop/ITI/CppES/msys64/msys64/mingw64/bin/../lib/gcc/x86_64-w64-mingw32/11.2.0/../../../../x86_64-w64-mingw32/lib/../lib/libmsvcrt.a(lib64_libmsvcrt_common_a-acrt_iob_func.o)
                0x0000000140002d60                __acrt_iob_func
 .text          0x0000000140002d80        0x8 C:/Users/Mohamed Hosny/Desktop/ITI/CppES/msys64/msys64/mingw64/bin/../lib/gcc/x86_64-w64-mingw32/11.2.0/../../../../x86_64-w64-mingw32/lib/../lib/libmsvcrt.a(libmsvcrt_defs00055.o)
                0x0000000140002d80                __C_specific_handler
 .text          0x0000000140002d88        0x8 C:/Users/Mohamed Hosny/Desktop/ITI/CppES/msys64/msys64/mingw64/bin/../lib/gcc/x86_64-w64-mingw32/11.2.0/../../../../x86_64-w64-mingw32/lib/../lib/libmsvcrt.a(libmsvcrt_defs00081.o)
                0x0000000140002d88                __getmainargs
 .text          0x0000000140002d90        0x0 C:/Users/Mohamed Hosny/Desktop/ITI/CppES/msys64/msys64/mingw64/bin/../lib/gcc/x86_64-w64-mingw32/11.2.0/../../../../x86_64-w64-mingw32/lib/../lib/libmsvcrt.a(libmsvcrt_defs00082.o)
 .text          0x0000000140002d90        0x8 C:/Users/Mohamed Hosny/Desktop/ITI/CppES/msys64/msys64/mingw64/bin/../lib/gcc/x86_64-w64-mingw32/11.2.0/../../../../x86_64-w64-mingw32/lib/../lib/libmsvcrt.a(libmsvcrt_defs00083.o)
                0x0000000140002d90                __iob_func
 .text          0x0000000140002d98        0x8 C:/Users/Mohamed Hosny/Desktop/ITI/CppES/msys64/msys64/mingw64/bin/../lib/gcc/x86_64-w64-mingw32/11.2.0/../../../../x86_64-w64-mingw32/lib/../lib/libmsvcrt.a(libmsvcrt_defs00097.o)
                0x0000000140002d98                __set_app_type
 .text          0x0000000140002da0        0x8 C:/Users/Mohamed Hosny/Desktop/ITI/CppES/msys64/msys64/mingw64/bin/../lib/gcc/x86_64-w64-mingw32/11.2.0/../../../../x86_64-w64-mingw32/lib/../lib/libmsvcrt.a(libmsvcrt_defs00099.o)
                0x0000000140002da0                __setusermatherr
 .text          0x0000000140002da8        0x0 C:/Users/Mohamed Hosny/Desktop/ITI/CppES/msys64/msys64/mingw64/bin/../lib/gcc/x86_64-w64-mingw32/11.2.0/../../../../x86_64-w64-mingw32/lib/../lib/libmsvcrt.a(libmsvcrt_defs00116.o)
 .text          0x0000000140002da8        0x8 C:/Users/Mohamed Hosny/Desktop/ITI/CppES/msys64/msys64/mingw64/bin/../lib/gcc/x86_64-w64-mingw32/11.2.0/../../../../x86_64-w64-mingw32/lib/../lib/libmsvcrt.a(libmsvcrt_defs00123.o)
                0x0000000140002da8                _amsg_exit
 .text          0x0000000140002db0        0x8 C:/Users/Mohamed Hosny/Desktop/ITI/CppES/msys64/msys64/mingw64/bin/../lib/gcc/x86_64-w64-mingw32/11.2.0/../../../../x86_64-w64-mingw32/lib/../lib/libmsvcrt.a(libmsvcrt_defs00141.o)
                0x0000000140002db0                _cexit
 .text          0x0000000140002db8        0x0 C:/Users/Mohamed Hosny/Desktop/ITI/CppES/msys64/msys64/mingw64/bin/../lib/gcc/x86_64-w64-mingw32/11.2.0/../../../../x86_64-w64-mingw32/lib/../lib/libmsvcrt.a(libmsvcrt_defs00157.o)
 .text          0x0000000140002db8        0x0 C:/Users/Mohamed Hosny/Desktop/ITI/CppES/msys64/msys64/mingw64/bin/../lib/gcc/x86_64-w64-mingw32/11.2.0/../../../../x86_64-w64-mingw32/lib/../lib/libmsvcrt.a(libmsvcrt_defs00254.o)
 .text          0x0000000140002db8        0x8 C:/Users/Mohamed Hosny/Desktop/ITI/CppES/msys64/msys64/mingw64/bin/../lib/gcc/x86_64-w64-mingw32/11.2.0/../../../../x86_64-w64-mingw32/lib/../lib/libmsvcrt.a(libmsvcrt_defs00332.o)
                0x0000000140002db8                _initterm
 .text          0x0000000140002dc0        0x8 C:/Users/Mohamed Hosny/Desktop/ITI/CppES/msys64/msys64/mingw64/bin/../lib/gcc/x86_64-w64-mingw32/11.2.0/../../../../x86_64-w64-mingw32/lib/../lib/libmsvcrt.a(libmsvcrt_defs00614.o)
                0x0000000140002dc0                _onexit
 .text          0x0000000140002dc8        0x8 C:/Users/Mohamed Hosny/Desktop/ITI/CppES/msys64/msys64/mingw64/bin/../lib/gcc/x86_64-w64-mingw32/11.2.0/../../../../x86_64-w64-mingw32/lib/../lib/libmsvcrt.a(libmsvcrt_defs01038.o)
                0x0000000140002dc8                abort
 .text          0x0000000140002dd0        0x8 C:/Users/Mohamed Hosny/Desktop/ITI/CppES/msys64/msys64/mingw64/bin/../lib/gcc/x86_64-w64-mingw32/11.2.0/../../../../x86_64-w64-mingw32/lib/../lib/libmsvcrt.a(libmsvcrt_defs01056.o)
                0x0000000140002dd0                calloc
 .text          0x0000000140002dd8        0x8 C:/Users/Mohamed Hosny/Desktop/ITI/CppES/msys64/msys64/mingw64/bin/../lib/gcc/x86_64-w64-mingw32/11.2.0/../../../../x86_64-w64-mingw32/lib/../lib/libmsvcrt.a(libmsvcrt_defs01069.o)
                0x0000000140002dd8                exit
 .text          0x0000000140002de0        0x8 C:/Users/Mohamed Hosny/Desktop/ITI/CppES/msys64/msys64/mingw64/bin/../lib/gcc/x86_64-w64-mingw32/11.2.0/../../../../x86_64-w64-mingw32/lib/../lib/libmsvcrt.a(libmsvcrt_defs01090.o)
                0x0000000140002de0                fprintf
 .text          0x0000000140002de8        0x8 C:/Users/Mohamed Hosny/Desktop/ITI/CppES/msys64/msys64/mingw64/bin/../lib/gcc/x86_64-w64-mingw32/11.2.0/../../../../x86_64-w64-mingw32/lib/../lib/libmsvcrt.a(libmsvcrt_defs01097.o)
                0x0000000140002de8                free
 .text          0x0000000140002df0        0x8 C:/Users/Mohamed Hosny/Desktop/ITI/CppES/msys64/msys64/mingw64/bin/../lib/gcc/x86_64-w64-mingw32/11.2.0/../../../../x86_64-w64-mingw32/lib/../lib/libmsvcrt.a(libmsvcrt_defs01110.o)
                0x0000000140002df0                fwrite
 .text          0x0000000140002df8        0x8 C:/Users/Mohamed Hosny/Desktop/ITI/CppES/msys64/msys64/mingw64/bin/../lib/gcc/x86_64-w64-mingw32/11.2.0/../../../../x86_64-w64-mingw32/lib/../lib/libmsvcrt.a(libmsvcrt_defs01158.o)
                0x0000000140002df8                malloc
 .text          0x0000000140002e00        0x8 C:/Users/Mohamed Hosny/Desktop/ITI/CppES/msys64/msys64/mingw64/bin/../lib/gcc/x86_64-w64-mingw32/11.2.0/../../../../x86_64-w64-mingw32/lib/../lib/libmsvcrt.a(libmsvcrt_defs01166.o)
                0x0000000140002e00                memcpy
 .text          0x0000000140002e08        0x8 C:/Users/Mohamed Hosny/Desktop/ITI/CppES/msys64/msys64/mingw64/bin/../lib/gcc/x86_64-w64-mingw32/11.2.0/../../../../x86_64-w64-mingw32/lib/../lib/libmsvcrt.a(libmsvcrt_defs01198.o)
                0x0000000140002e08                signal
 .text          0x0000000140002e10        0x8 C:/Users/Mohamed Hosny/Desktop/ITI/CppES/msys64/msys64/mingw64/bin/../lib/gcc/x86_64-w64-mingw32/11.2.0/../../../../x86_64-w64-mingw32/lib/../lib/libmsvcrt.a(libmsvcrt_defs01221.o)
                0x0000000140002e10                strlen
 .text          0x0000000140002e18        0x8 C:/Users/Mohamed Hosny/Desktop/ITI/CppES/msys64/msys64/mingw64/bin/../lib/gcc/x86_64-w64-mingw32/11.2.0/../../../../x86_64-w64-mingw32/lib/../lib/libmsvcrt.a(libmsvcrt_defs01224.o)
                0x0000000140002e18                strncmp
 .text          0x0000000140002e20        0x8 C:/Users/Mohamed Hosny/Desktop/ITI/CppES/msys64/msys64/mingw64/bin/../lib/gcc/x86_64-w64-mingw32/11.2.0/../../../../x86_64-w64-mingw32/lib/../lib/libmsvcrt.a(libmsvcrt_defs01259.o)
                0x0000000140002e20                vfprintf
 *fill*         0x0000000140002e28        0x8 
 .text          0x0000000140002e30        0x0 C:/Users/Mohamed Hosny/Desktop/ITI/CppES/msys64/msys64/mingw64/bin/../lib/gcc/x86_64-w64-mingw32/11.2.0/../../../../x86_64-w64-mingw32/lib/../lib/libmsvcrt.a(libmsvcrt_defh.o)
 .text          0x0000000140002e30        0x0 C:/Users/Mohamed Hosny/Desktop/ITI/CppES/msys64/msys64/mingw64/bin/../lib/gcc/x86_64-w64-mingw32/11.2.0/../../../../x86_64-w64-mingw32/lib/../lib/libmsvcrt.a(libmsvcrt_deft.o)
 .text          0x0000000140002e30        0x8 C:/Users/Mohamed Hosny/Desktop/ITI/CppES/msys64/msys64/mingw64/bin/../lib/gcc/x86_64-w64-mingw32/11.2.0/../../../../x86_64-w64-mingw32/lib/../lib/libkernel32.a(libkernel32s01493.o)
                0x0000000140002e30                VirtualQuery
 .text          0x0000000140002e38        0x8 C:/Users/Mohamed Hosny/Desktop/ITI/CppES/msys64/msys64/mingw64/bin/../lib/gcc/x86_64-w64-mingw32/11.2.0/../../../../x86_64-w64-mingw32/lib/../lib/libkernel32.a(libkernel32s01491.o)
                0x0000000140002e38                VirtualProtect
 .text          0x0000000140002e40        0x8 C:/Users/Mohamed Hosny/Desktop/ITI/CppES/msys64/msys64/mingw64/bin/../lib/gcc/x86_64-w64-mingw32/11.2.0/../../../../x86_64-w64-mingw32/lib/../lib/libkernel32.a(libkernel32s01444.o)
                0x0000000140002e40                TlsGetValue
 .text          0x0000000140002e48        0x8 C:/Users/Mohamed Hosny/Desktop/ITI/CppES/msys64/msys64/mingw64/bin/../lib/gcc/x86_64-w64-mingw32/11.2.0/../../../../x86_64-w64-mingw32/lib/../lib/libkernel32.a(libkernel32s01409.o)
                0x0000000140002e48                Sleep
 .text          0x0000000140002e50        0x8 C:/Users/Mohamed Hosny/Desktop/ITI/CppES/msys64/msys64/mingw64/bin/../lib/gcc/x86_64-w64-mingw32/11.2.0/../../../../x86_64-w64-mingw32/lib/../lib/libkernel32.a(libkernel32s01393.o)
                0x0000000140002e50                SetUnhandledExceptionFilter
 .text          0x0000000140002e58        0x8 C:/Users/Mohamed Hosny/Desktop/ITI/CppES/msys64/msys64/mingw64/bin/../lib/gcc/x86_64-w64-mingw32/11.2.0/../../../../x86_64-w64-mingw32/lib/../lib/libkernel32.a(libkernel32s00983.o)
                0x0000000140002e58                LeaveCriticalSection
 .text          0x0000000140002e60        0x8 C:/Users/Mohamed Hosny/Desktop/ITI/CppES/msys64/msys64/mingw64/bin/../lib/gcc/x86_64-w64-mingw32/11.2.0/../../../../x86_64-w64-mingw32/lib/../lib/libkernel32.a(libkernel32s00891.o)
                0x0000000140002e60                InitializeCriticalSection
 .text          0x0000000140002e68        0x8 C:/Users/Mohamed Hosny/Desktop/ITI/CppES/msys64/msys64/mingw64/bin/../lib/gcc/x86_64-w64-mingw32/11.2.0/../../../../x86_64-w64-mingw32/lib/../lib/libkernel32.a(libkernel32s00742.o)
                0x0000000140002e68                GetStartupInfoA
 .text          0x0000000140002e70        0x8 C:/Users/Mohamed Hosny/Desktop/ITI/CppES/msys64/msys64/mingw64/bin/../lib/gcc/x86_64-w64-mingw32/11.2.0/../../../../x86_64-w64-mingw32/lib/../lib/libkernel32.a(libkernel32s00629.o)
                0x0000000140002e70                GetLastError
 .text          0x0000000140002e78        0x8 C:/Users/Mohamed Hosny/Desktop/ITI/CppES/msys64/msys64/mingw64/bin/../lib/gcc/x86_64-w64-mingw32/11.2.0/../../../../x86_64-w64-mingw32/lib/../lib/libkernel32.a(libkernel32s00318.o)
                0x0000000140002e78                EnterCriticalSection
 .text          0x0000000140002e80        0x8 C:/Users/Mohamed Hosny/Desktop/ITI/CppES/msys64/msys64/mingw64/bin/../lib/gcc/x86_64-w64-mingw32/11.2.0/../../../../x86_64-w64-mingw32/lib/../lib/libkernel32.a(libkernel32s00282.o)
                0x0000000140002e80                DeleteCriticalSection
 *fill*         0x0000000140002e88        0x8 
 .text          0x0000000140002e90        0x0 C:/Users/Mohamed Hosny/Desktop/ITI/CppES/msys64/msys64/mingw64/bin/../lib/gcc/x86_64-w64-mingw32/11.2.0/../../../../x86_64-w64-mingw32/lib/../lib/libkernel32.a(libkernel32h.o)
 .text          0x0000000140002e90        0x0 C:/Users/Mohamed Hosny/Desktop/ITI/CppES/msys64/msys64/mingw64/bin/../lib/gcc/x86_64-w64-mingw32/11.2.0/../../../../x86_64-w64-mingw32/lib/../lib/libkernel32.a(libkernel32t.o)
 .text          0x0000000140002e90        0x0 C:/Users/Mohamed Hosny/Desktop/ITI/CppES/msys64/msys64/mingw64/bin/../lib/gcc/x86_64-w64-mingw32/11.2.0/crtend.o
 *(SORT_BY_NAME(.text$*))
 *(.text.*)
 .text.startup  0x0000000140002e90       0x10 C:/Users/Mohamed Hosny/Desktop/ITI/CppES/msys64/msys64/mingw64/bin/../lib/gcc/x86_64-w64-mingw32/11.2.0/crtend.o
 *(.gnu.linkonce.t.*)
 *(.glue_7t)
 *(.glue_7)
                0x0000000140002ea0                . = ALIGN (0x8)
                0x0000000140002ea0                ___CTOR_LIST__ = .
                0x0000000140002ea0                __CTOR_LIST__ = .
                0x0000000140002ea0        0x4 LONG 0xffffffffffffffff
                0x0000000140002ea4        0x4 LONG 0xffffffffffffffff
 *(.ctors)
 .ctors         0x0000000140002ea8        0x8 C:\Users\MOHAME~1\AppData\Local\Temp\ccctjwSj.o
 .ctors         0x0000000140002eb0        0x8 C:\Users\MOHAME~1\AppData\Local\Temp\ccnMUuLS.o
 *(.ctor)
 *(SORT_BY_NAME(.ctors.*))
 .ctors.65535   0x0000000140002eb8        0x8 C:/Users/Mohamed Hosny/Desktop/ITI/CppES/msys64/msys64/mingw64/bin/../lib/gcc/x86_64-w64-mingw32/11.2.0/crtend.o
                0x0000000140002ec0        0x4 LONG 0x0
                0x0000000140002ec4        0x4 LONG 0x0
                0x0000000140002ec8                ___DTOR_LIST__ = .
                0x0000000140002ec8                __DTOR_LIST__ = .
                0x0000000140002ec8        0x4 LONG 0xffffffffffffffff
                0x0000000140002ecc        0x4 LONG 0xffffffffffffffff
 *(.dtors)
 *(.dtor)
 *(SORT_BY_NAME(.dtors.*))
                0x0000000140002ed0        0x4 LONG 0x0
                0x0000000140002ed4        0x4 LONG 0x0
 *(SORT_NONE(.fini))
 *(.gcc_exc)
                [!provide]                        PROVIDE (etext = .)
 *(.gcc_except_table)

.data           0x0000000140003000      0x200
                0x0000000140003000                __data_start__ = .
 *(.data)
 .data          0x0000000140003000       0x10 C:/Users/Mohamed Hosny/Desktop/ITI/CppES/msys64/msys64/mingw64/bin/../lib/gcc/x86_64-w64-mingw32/11.2.0/../../../../x86_64-w64-mingw32/lib/../lib/crt2.o
                0x0000000140003000                __mingw_winmain_nShowCmd
 .data          0x0000000140003010        0x0 C:/Users/Mohamed Hosny/Desktop/ITI/CppES/msys64/msys64/mingw64/bin/../lib/gcc/x86_64-w64-mingw32/11.2.0/crtbegin.o
 .data          0x0000000140003010        0x0 C:\Users\MOHAME~1\AppData\Local\Temp\ccctjwSj.o
 .data          0x0000000140003010        0x0 C:\Users\MOHAME~1\AppData\Local\Temp\ccnMUuLS.o
 .data          0x0000000140003010       0x10 C:/Users/Mohamed Hosny/Desktop/ITI/CppES/msys64/msys64/mingw64/bin/../lib/gcc/x86_64-w64-mingw32/11.2.0/../../../../x86_64-w64-mingw32/lib/../lib/libmingw32.a(lib64_libmingw32_a-gccmain.o)
 .data          0x0000000140003020       0x10 C:/Users/Mohamed Hosny/Desktop/ITI/CppES/msys64/msys64/mingw64/bin/../lib/gcc/x86_64-w64-mingw32/11.2.0/../../../../x86_64-w64-mingw32/lib/../lib/libmingw32.a(lib64_libmingw32_a-natstart.o)
                0x0000000140003020                __native_vcclrit_reason
                0x0000000140003024                __native_dllmain_reason
 .data          0x0000000140003030       0x10 C:/Users/Mohamed Hosny/Desktop/ITI/CppES/msys64/msys64/mingw64/bin/../lib/gcc/x86_64-w64-mingw32/11.2.0/../../../../x86_64-w64-mingw32/lib/../lib/libmingw32.a(lib64_libmingw32_a-wildcard.o)
                0x0000000140003030                _dowildcard
 .data          0x0000000140003040        0x0 C:/Users/Mohamed Hosny/Desktop/ITI/CppES/msys64/msys64/mingw64/bin/../lib/gcc/x86_64-w64-mingw32/11.2.0/../../../../x86_64-w64-mingw32/lib/../lib/libmingw32.a(lib64_libmingw32_a-dllargv.o)
 .data          0x0000000140003040        0x0 C:/Users/Mohamed Hosny/Desktop/ITI/CppES/msys64/msys64/mingw64/bin/../lib/gcc/x86_64-w64-mingw32/11.2.0/../../../../x86_64-w64-mingw32/lib/../lib/libmingw32.a(lib64_libmingw32_a-_newmode.o)
 .data          0x0000000140003040        0x0 C:/Users/Mohamed Hosny/Desktop/ITI/CppES/msys64/msys64/mingw64/bin/../lib/gcc/x86_64-w64-mingw32/11.2.0/../../../../x86_64-w64-mingw32/lib/../lib/libmingw32.a(lib64_libmingw32_a-tlssup.o)
 .data          0x0000000140003040        0x0 C:/Users/Mohamed Hosny/Desktop/ITI/CppES/msys64/msys64/mingw64/bin/../lib/gcc/x86_64-w64-mingw32/11.2.0/../../../../x86_64-w64-mingw32/lib/../lib/libmingw32.a(lib64_libmingw32_a-xncommod.o)
 .data          0x0000000140003040        0x0 C:/Users/Mohamed Hosny/Desktop/ITI/CppES/msys64/msys64/mingw64/bin/../lib/gcc/x86_64-w64-mingw32/11.2.0/../../../../x86_64-w64-mingw32/lib/../lib/libmingw32.a(lib64_libmingw32_a-cinitexe.o)
 .data          0x0000000140003040        0x0 C:/Users/Mohamed Hosny/Desktop/ITI/CppES/msys64/msys64/mingw64/bin/../lib/gcc/x86_64-w64-mingw32/11.2.0/../../../../x86_64-w64-mingw32/lib/../lib/libmingw32.a(lib64_libmingw32_a-merr.o)
 .data          0x0000000140003040        0x0 C:/Users/Mohamed Hosny/Desktop/ITI/CppES/msys64/msys64/mingw64/bin/../lib/gcc/x86_64-w64-mingw32/11.2.0/../../../../x86_64-w64-mingw32/lib/../lib/libmingw32.a(lib64_libmingw32_a-CRT_fp10.o)
 .data          0x0000000140003040        0x0 C:/Users/Mohamed Hosny/Desktop/ITI/CppES/msys64/msys64/mingw64/bin/../lib/gcc/x86_64-w64-mingw32/11.2.0/../../../../x86_64-w64-mingw32/lib/../lib/libmingw32.a(lib64_libmingw32_a-mingw_helpers.o)
 .data          0x0000000140003040        0x0 C:/Users/Mohamed Hosny/Desktop/ITI/CppES/msys64/msys64/mingw64/bin/../lib/gcc/x86_64-w64-mingw32/11.2.0/../../../../x86_64-w64-mingw32/lib/../lib/libmingw32.a(lib64_libmingw32_a-pseudo-reloc.o)
 .data          0x0000000140003040        0x0 C:/Users/Mohamed Hosny/Desktop/ITI/CppES/msys64/msys64/mingw64/bin/../lib/gcc/x86_64-w64-mingw32/11.2.0/../../../../x86_64-w64-mingw32/lib/../lib/libmingw32.a(lib64_libmingw32_a-usermatherr.o)
 .data          0x0000000140003040        0x0 C:/Users/Mohamed Hosny/Desktop/ITI/CppES/msys64/msys64/mingw64/bin/../lib/gcc/x86_64-w64-mingw32/11.2.0/../../../../x86_64-w64-mingw32/lib/../lib/libmingw32.a(lib64_libmingw32_a-xtxtmode.o)
 .data          0x0000000140003040        0x0 C:/Users/Mohamed Hosny/Desktop/ITI/CppES/msys64/msys64/mingw64/bin/../lib/gcc/x86_64-w64-mingw32/11.2.0/../../../../x86_64-w64-mingw32/lib/../lib/libmingw32.a(lib64_libmingw32_a-crt_handler.o)
 .data          0x0000000140003040        0x0 C:/Users/Mohamed Hosny/Desktop/ITI/CppES/msys64/msys64/mingw64/bin/../lib/gcc/x86_64-w64-mingw32/11.2.0/../../../../x86_64-w64-mingw32/lib/../lib/libmingw32.a(lib64_libmingw32_a-tlsthrd.o)
 .data          0x0000000140003040       0x10 C:/Users/Mohamed Hosny/Desktop/ITI/CppES/msys64/msys64/mingw64/bin/../lib/gcc/x86_64-w64-mingw32/11.2.0/../../../../x86_64-w64-mingw32/lib/../lib/libmingw32.a(lib64_libmingw32_a-tlsmcrt.o)
                0x0000000140003040                _CRT_MT
 .data          0x0000000140003050        0x0 C:/Users/Mohamed Hosny/Desktop/ITI/CppES/msys64/msys64/mingw64/bin/../lib/gcc/x86_64-w64-mingw32/11.2.0/../../../../x86_64-w64-mingw32/lib/../lib/libmingw32.a(lib64_libmingw32_a-pseudo-reloc-list.o)
 .data          0x0000000140003050        0x0 C:/Users/Mohamed Hosny/Desktop/ITI/CppES/msys64/msys64/mingw64/bin/../lib/gcc/x86_64-w64-mingw32/11.2.0/../../../../x86_64-w64-mingw32/lib/../lib/libmingw32.a(lib64_libmingw32_a-pesect.o)
 .data          0x0000000140003050        0x0 C:/Users/Mohamed Hosny/Desktop/ITI/CppES/msys64/msys64/mingw64/bin/../lib/gcc/x86_64-w64-mingw32/11.2.0/libgcc.a(_chkstk_ms.o)
 .data          0x0000000140003050        0x0 C:/Users/Mohamed Hosny/Desktop/ITI/CppES/msys64/msys64/mingw64/bin/../lib/gcc/x86_64-w64-mingw32/11.2.0/libgcc.a(_ctors.o)
 .data          0x0000000140003050       0x10 C:/Users/Mohamed Hosny/Desktop/ITI/CppES/msys64/msys64/mingw64/bin/../lib/gcc/x86_64-w64-mingw32/11.2.0/../../../../x86_64-w64-mingw32/lib/../lib/libmingwex.a(lib64_libmingwex_a-mingw_matherr.o)
                0x0000000140003050                _MINGW_INSTALL_DEBUG_MATHERR
 .data          0x0000000140003060       0x10 C:/Users/Mohamed Hosny/Desktop/ITI/CppES/msys64/msys64/mingw64/bin/../lib/gcc/x86_64-w64-mingw32/11.2.0/../../../../x86_64-w64-mingw32/lib/../lib/libmsvcrt.a(lib64_libmsvcrt_extra_a-__p__fmode.o)
                0x0000000140003060                __imp___p__fmode
 .data          0x0000000140003070       0x10 C:/Users/Mohamed Hosny/Desktop/ITI/CppES/msys64/msys64/mingw64/bin/../lib/gcc/x86_64-w64-mingw32/11.2.0/../../../../x86_64-w64-mingw32/lib/../lib/libmsvcrt.a(lib64_libmsvcrt_extra_a-__p__commode.o)
                0x0000000140003070                __imp___p__commode
 .data          0x0000000140003080       0x10 C:/Users/Mohamed Hosny/Desktop/ITI/CppES/msys64/msys64/mingw64/bin/../lib/gcc/x86_64-w64-mingw32/11.2.0/../../../../x86_64-w64-mingw32/lib/../lib/libmsvcrt.a(lib64_libmsvcrt_extra_a-__p__acmdln.o)
                0x0000000140003080                __imp___p__acmdln
 .data          0x0000000140003090       0x10 C:/Users/Mohamed Hosny/Desktop/ITI/CppES/msys64/msys64/mingw64/bin/../lib/gcc/x86_64-w64-mingw32/11.2.0/../../../../x86_64-w64-mingw32/lib/../lib/libmsvcrt.a(lib64_libmsvcrt_extra_a-invalid_parameter_handler.o)
                0x0000000140003090                __imp__get_invalid_parameter_handler
                0x0000000140003098                __imp__set_invalid_parameter_handler
 .data          0x00000001400030a0       0x10 C:/Users/Mohamed Hosny/Desktop/ITI/CppES/msys64/msys64/mingw64/bin/../lib/gcc/x86_64-w64-mingw32/11.2.0/../../../../x86_64-w64-mingw32/lib/../lib/libmsvcrt.a(lib64_libmsvcrt_common_a-acrt_iob_func.o)
                0x00000001400030a0                __imp___acrt_iob_func
 .data          0x00000001400030b0        0x0 C:/Users/Mohamed Hosny/Desktop/ITI/CppES/msys64/msys64/mingw64/bin/../lib/gcc/x86_64-w64-mingw32/11.2.0/../../../../x86_64-w64-mingw32/lib/../lib/libmsvcrt.a(libmsvcrt_defs00055.o)
 .data          0x00000001400030b0        0x0 C:/Users/Mohamed Hosny/Desktop/ITI/CppES/msys64/msys64/mingw64/bin/../lib/gcc/x86_64-w64-mingw32/11.2.0/../../../../x86_64-w64-mingw32/lib/../lib/libmsvcrt.a(libmsvcrt_defs00081.o)
 .data          0x00000001400030b0        0x0 C:/Users/Mohamed Hosny/Desktop/ITI/CppES/msys64/msys64/mingw64/bin/../lib/gcc/x86_64-w64-mingw32/11.2.0/../../../../x86_64-w64-mingw32/lib/../lib/libmsvcrt.a(libmsvcrt_defs00082.o)
 .data          0x00000001400030b0        0x0 C:/Users/Mohamed Hosny/Desktop/ITI/CppES/msys64/msys64/mingw64/bin/../lib/gcc/x86_64-w64-mingw32/11.2.0/../../../../x86_64-w64-mingw32/lib/../lib/libmsvcrt.a(libmsvcrt_defs00083.o)
 .data          0x00000001400030b0        0x0 C:/Users/Mohamed Hosny/Desktop/ITI/CppES/msys64/msys64/mingw64/bin/../lib/gcc/x86_64-w64-mingw32/11.2.0/../../../../x86_64-w64-mingw32/lib/../lib/libmsvcrt.a(libmsvcrt_defs00097.o)
 .data          0x00000001400030b0        0x0 C:/Users/Mohamed Hosny/Desktop/ITI/CppES/msys64/msys64/mingw64/bin/../lib/gcc/x86_64-w64-mingw32/11.2.0/../../../../x86_64-w64-mingw32/lib/../lib/libmsvcrt.a(libmsvcrt_defs00099.o)
 .data          0x00000001400030b0        0x0 C:/Users/Mohamed Hosny/Desktop/ITI/CppES/msys64/msys64/mingw64/bin/../lib/gcc/x86_64-w64-mingw32/11.2.0/../../../../x86_64-w64-mingw32/lib/../lib/libmsvcrt.a(libmsvcrt_defs00116.o)
 .data          0x00000001400030b0        0x0 C:/Users/Mohamed Hosny/Desktop/ITI/CppES/msys64/msys64/mingw64/bin/../lib/gcc/x86_64-w64-mingw32/11.2.0/../../../../x86_64-w64-mingw32/lib/../lib/libmsvcrt.a(libmsvcrt_defs00123.o)
 .data          0x00000001400030b0        0x0 C:/Users/Mohamed Hosny/Desktop/ITI/CppES/msys64/msys64/mingw64/bin/../lib/gcc/x86_64-w64-mingw32/11.2.0/../../../../x86_64-w64-mingw32/lib/../lib/libmsvcrt.a(libmsvcrt_defs00141.o)
 .data          0x00000001400030b0        0x0 C:/Users/Mohamed Hosny/Desktop/ITI/CppES/msys64/msys64/mingw64/bin/../lib/gcc/x86_64-w64-mingw32/11.2.0/../../../../x86_64-w64-mingw32/lib/../lib/libmsvcrt.a(libmsvcrt_defs00157.o)
 .data          0x00000001400030b0        0x0 C:/Users/Mohamed Hosny/Desktop/ITI/CppES/msys64/msys64/mingw64/bin/../lib/gcc/x86_64-w64-mingw32/11.2.0/../../../../x86_64-w64-mingw32/lib/../lib/libmsvcrt.a(libmsvcrt_defs00254.o)
 .data          0x00000001400030b0        0x0 C:/Users/Mohamed Hosny/Desktop/ITI/CppES/msys64/msys64/mingw64/bin/../lib/gcc/x86_64-w64-mingw32/11.2.0/../../../../x86_64-w64-mingw32/lib/../lib/libmsvcrt.a(libmsvcrt_defs00332.o)
 .data          0x00000001400030b0        0x0 C:/Users/Mohamed Hosny/Desktop/ITI/CppES/msys64/msys64/mingw64/bin/../lib/gcc/x86_64-w64-mingw32/11.2.0/../../../../x86_64-w64-mingw32/lib/../lib/libmsvcrt.a(libmsvcrt_defs00614.o)
 .data          0x00000001400030b0        0x0 C:/Users/Mohamed Hosny/Desktop/ITI/CppES/msys64/msys64/mingw64/bin/../lib/gcc/x86_64-w64-mingw32/11.2.0/../../../../x86_64-w64-mingw32/lib/../lib/libmsvcrt.a(libmsvcrt_defs01038.o)
 .data          0x00000001400030b0        0x0 C:/Users/Mohamed Hosny/Desktop/ITI/CppES/msys64/msys64/mingw64/bin/../lib/gcc/x86_64-w64-mingw32/11.2.0/../../../../x86_64-w64-mingw32/lib/../lib/libmsvcrt.a(libmsvcrt_defs01056.o)
 .data          0x00000001400030b0        0x0 C:/Users/Mohamed Hosny/Desktop/ITI/CppES/msys64/msys64/mingw64/bin/../lib/gcc/x86_64-w64-mingw32/11.2.0/../../../../x86_64-w64-mingw32/lib/../lib/libmsvcrt.a(libmsvcrt_defs01069.o)
 .data          0x00000001400030b0        0x0 C:/Users/Mohamed Hosny/Desktop/ITI/CppES/msys64/msys64/mingw64/bin/../lib/gcc/x86_64-w64-mingw32/11.2.0/../../../../x86_64-w64-mingw32/lib/../lib/libmsvcrt.a(libmsvcrt_defs01090.o)
 .data          0x00000001400030b0        0x0 C:/Users/Mohamed Hosny/Desktop/ITI/CppES/msys64/msys64/mingw64/bin/../lib/gcc/x86_64-w64-mingw32/11.2.0/../../../../x86_64-w64-mingw32/lib/../lib/libmsvcrt.a(libmsvcrt_defs01097.o)
 .data          0x00000001400030b0        0x0 C:/Users/Mohamed Hosny/Desktop/ITI/CppES/msys64/msys64/mingw64/bin/../lib/gcc/x86_64-w64-mingw32/11.2.0/../../../../x86_64-w64-mingw32/lib/../lib/libmsvcrt.a(libmsvcrt_defs01110.o)
 .data          0x00000001400030b0        0x0 C:/Users/Mohamed Hosny/Desktop/ITI/CppES/msys64/msys64/mingw64/bin/../lib/gcc/x86_64-w64-mingw32/11.2.0/../../../../x86_64-w64-mingw32/lib/../lib/libmsvcrt.a(libmsvcrt_defs01158.o)
 .data          0x00000001400030b0        0x0 C:/Users/Mohamed Hosny/Desktop/ITI/CppES/msys64/msys64/mingw64/bin/../lib/gcc/x86_64-w64-mingw32/11.2.0/../../../../x86_64-w64-mingw32/lib/../lib/libmsvcrt.a(libmsvcrt_defs01166.o)
 .data          0x00000001400030b0        0x0 C:/Users/Mohamed Hosny/Desktop/ITI/CppES/msys64/msys64/mingw64/bin/../lib/gcc/x86_64-w64-mingw32/11.2.0/../../../../x86_64-w64-mingw32/lib/../lib/libmsvcrt.a(libmsvcrt_defs01198.o)
 .data          0x00000001400030b0        0x0 C:/Users/Mohamed Hosny/Desktop/ITI/CppES/msys64/msys64/mingw64/bin/../lib/gcc/x86_64-w64-mingw32/11.2.0/../../../../x86_64-w64-mingw32/lib/../lib/libmsvcrt.a(libmsvcrt_defs01221.o)
 .data          0x00000001400030b0        0x0 C:/Users/Mohamed Hosny/Desktop/ITI/CppES/msys64/msys64/mingw64/bin/../lib/gcc/x86_64-w64-mingw32/11.2.0/../../../../x86_64-w64-mingw32/lib/../lib/libmsvcrt.a(libmsvcrt_defs01224.o)
 .data          0x00000001400030b0        0x0 C:/Users/Mohamed Hosny/Desktop/ITI/CppES/msys64/msys64/mingw64/bin/../lib/gcc/x86_64-w64-mingw32/11.2.0/../../../../x86_64-w64-mingw32/lib/../lib/libmsvcrt.a(libmsvcrt_defs01259.o)
 .data          0x00000001400030b0        0x0 C:/Users/Mohamed Hosny/Desktop/ITI/CppES/msys64/msys64/mingw64/bin/../lib/gcc/x86_64-w64-mingw32/11.2.0/../../../../x86_64-w64-mingw32/lib/../lib/libmsvcrt.a(libmsvcrt_defh.o)
 .data          0x00000001400030b0        0x0 C:/Users/Mohamed Hosny/Desktop/ITI/CppES/msys64/msys64/mingw64/bin/../lib/gcc/x86_64-w64-mingw32/11.2.0/../../../../x86_64-w64-mingw32/lib/../lib/libmsvcrt.a(libmsvcrt_deft.o)
 .data          0x00000001400030b0        0x0 C:/Users/Mohamed Hosny/Desktop/ITI/CppES/msys64/msys64/mingw64/bin/../lib/gcc/x86_64-w64-mingw32/11.2.0/../../../../x86_64-w64-mingw32/lib/../lib/libkernel32.a(libkernel32s01493.o)
 .data          0x00000001400030b0        0x0 C:/Users/Mohamed Hosny/Desktop/ITI/CppES/msys64/msys64/mingw64/bin/../lib/gcc/x86_64-w64-mingw32/11.2.0/../../../../x86_64-w64-mingw32/lib/../lib/libkernel32.a(libkernel32s01491.o)
 .data          0x00000001400030b0        0x0 C:/Users/Mohamed Hosny/Desktop/ITI/CppES/msys64/msys64/mingw64/bin/../lib/gcc/x86_64-w64-mingw32/11.2.0/../../../../x86_64-w64-mingw32/lib/../lib/libkernel32.a(libkernel32s01444.o)
 .data          0x00000001400030b0        0x0 C:/Users/Mohamed Hosny/Desktop/ITI/CppES/msys64/msys64/mingw64/bin/../lib/gcc/x86_64-w64-mingw32/11.2.0/../../../../x86_64-w64-mingw32/lib/../lib/libkernel32.a(libkernel32s01409.o)
 .data          0x00000001400030b0        0x0 C:/Users/Mohamed Hosny/Desktop/ITI/CppES/msys64/msys64/mingw64/bin/../lib/gcc/x86_64-w64-mingw32/11.2.0/../../../../x86_64-w64-mingw32/lib/../lib/libkernel32.a(libkernel32s01393.o)
 .data          0x00000001400030b0        0x0 C:/Users/Mohamed Hosny/Desktop/ITI/CppES/msys64/msys64/mingw64/bin/../lib/gcc/x86_64-w64-mingw32/11.2.0/../../../../x86_64-w64-mingw32/lib/../lib/libkernel32.a(libkernel32s00983.o)
 .data          0x00000001400030b0        0x0 C:/Users/Mohamed Hosny/Desktop/ITI/CppES/msys64/msys64/mingw64/bin/../lib/gcc/x86_64-w64-mingw32/11.2.0/../../../../x86_64-w64-mingw32/lib/../lib/libkernel32.a(libkernel32s00891.o)
 .data          0x00000001400030b0        0x0 C:/Users/Mohamed Hosny/Desktop/ITI/CppES/msys64/msys64/mingw64/bin/../lib/gcc/x86_64-w64-mingw32/11.2.0/../../../../x86_64-w64-mingw32/lib/../lib/libkernel32.a(libkernel32s00742.o)
 .data          0x00000001400030b0        0x0 C:/Users/Mohamed Hosny/Desktop/ITI/CppES/msys64/msys64/mingw64/bin/../lib/gcc/x86_64-w64-mingw32/11.2.0/../../../../x86_64-w64-mingw32/lib/../lib/libkernel32.a(libkernel32s00629.o)
 .data          0x00000001400030b0        0x0 C:/Users/Mohamed Hosny/Desktop/ITI/CppES/msys64/msys64/mingw64/bin/../lib/gcc/x86_64-w64-mingw32/11.2.0/../../../../x86_64-w64-mingw32/lib/../lib/libkernel32.a(libkernel32s00318.o)
 .data          0x00000001400030b0        0x0 C:/Users/Mohamed Hosny/Desktop/ITI/CppES/msys64/msys64/mingw64/bin/../lib/gcc/x86_64-w64-mingw32/11.2.0/../../../../x86_64-w64-mingw32/lib/../lib/libkernel32.a(libkernel32s00282.o)
 .data          0x00000001400030b0        0x0 C:/Users/Mohamed Hosny/Desktop/ITI/CppES/msys64/msys64/mingw64/bin/../lib/gcc/x86_64-w64-mingw32/11.2.0/../../../../x86_64-w64-mingw32/lib/../lib/libkernel32.a(libkernel32h.o)
 .data          0x00000001400030b0        0x0 C:/Users/Mohamed Hosny/Desktop/ITI/CppES/msys64/msys64/mingw64/bin/../lib/gcc/x86_64-w64-mingw32/11.2.0/../../../../x86_64-w64-mingw32/lib/../lib/libkernel32.a(libkernel32t.o)
 .data          0x00000001400030b0        0x0 C:/Users/Mohamed Hosny/Desktop/ITI/CppES/msys64/msys64/mingw64/bin/../lib/gcc/x86_64-w64-mingw32/11.2.0/crtend.o
 *(.data2)
 *(SORT_BY_NAME(.data$*))
 *(.jcr)
                0x00000001400030b0                __data_end__ = .
 *(.data_cygwin_nocopy)

.rdata          0x0000000140004000      0xe00
 *(.rdata)
 .rdata         0x0000000140004000      0x180 C:\Users\MOHAME~1\AppData\Local\Temp\ccctjwSj.o
 .rdata         0x0000000140004180       0x20 C:\Users\MOHAME~1\AppData\Local\Temp\ccnMUuLS.o
 .rdata         0x00000001400041a0       0x60 C:/Users/Mohamed Hosny/Desktop/ITI/CppES/msys64/msys64/mingw64/bin/../lib/gcc/x86_64-w64-mingw32/11.2.0/../../../../x86_64-w64-mingw32/lib/../lib/libmingw32.a(lib64_libmingw32_a-tlssup.o)
                0x00000001400041a0                __dyn_tls_init_callback
                0x00000001400041c0                _tls_used
 .rdata         0x0000000140004200      0x140 C:/Users/Mohamed Hosny/Desktop/ITI/CppES/msys64/msys64/mingw64/bin/../lib/gcc/x86_64-w64-mingw32/11.2.0/../../../../x86_64-w64-mingw32/lib/../lib/libmingw32.a(lib64_libmingw32_a-merr.o)
 .rdata         0x0000000140004340      0x160 C:/Users/Mohamed Hosny/Desktop/ITI/CppES/msys64/msys64/mingw64/bin/../lib/gcc/x86_64-w64-mingw32/11.2.0/../../../../x86_64-w64-mingw32/lib/../lib/libmingw32.a(lib64_libmingw32_a-pseudo-reloc.o)
 .rdata         0x00000001400044a0       0x30 C:/Users/Mohamed Hosny/Desktop/ITI/CppES/msys64/msys64/mingw64/bin/../lib/gcc/x86_64-w64-mingw32/11.2.0/../../../../x86_64-w64-mingw32/lib/../lib/libmingw32.a(lib64_libmingw32_a-crt_handler.o)
 .rdata         0x00000001400044d0        0x8 ertr000001.o
 *(SORT_BY_NAME(.rdata$*))
 *fill*         0x00000001400044d8        0x8 
 .rdata$.refptr._CRT_MT
                0x00000001400044e0       0x10 C:/Users/Mohamed Hosny/Desktop/ITI/CppES/msys64/msys64/mingw64/bin/../lib/gcc/x86_64-w64-mingw32/11.2.0/../../../../x86_64-w64-mingw32/lib/../lib/libmingw32.a(lib64_libmingw32_a-tlssup.o)
                0x00000001400044e0                .refptr._CRT_MT
 .rdata$.refptr._MINGW_INSTALL_DEBUG_MATHERR
                0x00000001400044f0       0x10 C:/Users/Mohamed Hosny/Desktop/ITI/CppES/msys64/msys64/mingw64/bin/../lib/gcc/x86_64-w64-mingw32/11.2.0/../../../../x86_64-w64-mingw32/lib/../lib/crt2.o
                0x00000001400044f0                .refptr._MINGW_INSTALL_DEBUG_MATHERR
 .rdata$.refptr._ZSt4cout
                0x0000000140004500       0x10 C:\Users\MOHAME~1\AppData\Local\Temp\ccctjwSj.o
                0x0000000140004500                .refptr._ZSt4cout
                0x0000000140004500                __fu3__ZSt4cout
 .rdata$.refptr._ZSt4endlIcSt11char_traitsIcEERSt13basic_ostreamIT_T0_ES6_
                0x0000000140004510       0x10 C:\Users\MOHAME~1\AppData\Local\Temp\ccctjwSj.o
                0x0000000140004510                .refptr._ZSt4endlIcSt11char_traitsIcEERSt13basic_ostreamIT_T0_ES6_
 .rdata$.refptr.__CTOR_LIST__
                0x0000000140004520       0x10 C:/Users/Mohamed Hosny/Desktop/ITI/CppES/msys64/msys64/mingw64/bin/../lib/gcc/x86_64-w64-mingw32/11.2.0/../../../../x86_64-w64-mingw32/lib/../lib/libmingw32.a(lib64_libmingw32_a-gccmain.o)
                0x0000000140004520                .refptr.__CTOR_LIST__
 .rdata$.refptr.__RUNTIME_PSEUDO_RELOC_LIST_END__
                0x0000000140004530       0x10 C:/Users/Mohamed Hosny/Desktop/ITI/CppES/msys64/msys64/mingw64/bin/../lib/gcc/x86_64-w64-mingw32/11.2.0/../../../../x86_64-w64-mingw32/lib/../lib/libmingw32.a(lib64_libmingw32_a-pseudo-reloc.o)
                0x0000000140004530                .refptr.__RUNTIME_PSEUDO_RELOC_LIST_END__
 .rdata$.refptr.__RUNTIME_PSEUDO_RELOC_LIST__
                0x0000000140004540       0x10 C:/Users/Mohamed Hosny/Desktop/ITI/CppES/msys64/msys64/mingw64/bin/../lib/gcc/x86_64-w64-mingw32/11.2.0/../../../../x86_64-w64-mingw32/lib/../lib/libmingw32.a(lib64_libmingw32_a-pseudo-reloc.o)
                0x0000000140004540                .refptr.__RUNTIME_PSEUDO_RELOC_LIST__
 .rdata$.refptr.__dyn_tls_init_callback
                0x0000000140004550       0x10 C:/Users/Mohamed Hosny/Desktop/ITI/CppES/msys64/msys64/mingw64/bin/../lib/gcc/x86_64-w64-mingw32/11.2.0/../../../../x86_64-w64-mingw32/lib/../lib/crt2.o
                0x0000000140004550                .refptr.__dyn_tls_init_callback
 .rdata$.refptr.__image_base__
                0x0000000140004560       0x10 C:/Users/Mohamed Hosny/Desktop/ITI/CppES/msys64/msys64/mingw64/bin/../lib/gcc/x86_64-w64-mingw32/11.2.0/../../../../x86_64-w64-mingw32/lib/../lib/crt2.o
                0x0000000140004560                .refptr.__image_base__
 .rdata$.refptr.__imp___initenv
                0x0000000140004570       0x10 C:/Users/Mohamed Hosny/Desktop/ITI/CppES/msys64/msys64/mingw64/bin/../lib/gcc/x86_64-w64-mingw32/11.2.0/../../../../x86_64-w64-mingw32/lib/../lib/crt2.o
                0x0000000140004570                .refptr.__imp___initenv
 .rdata$.refptr.__imp__acmdln
                0x0000000140004580       0x10 C:/Users/Mohamed Hosny/Desktop/ITI/CppES/msys64/msys64/mingw64/bin/../lib/gcc/x86_64-w64-mingw32/11.2.0/../../../../x86_64-w64-mingw32/lib/../lib/libmsvcrt.a(lib64_libmsvcrt_extra_a-__p__acmdln.o)
                0x0000000140004580                .refptr.__imp__acmdln
 .rdata$.refptr.__imp__commode
                0x0000000140004590       0x10 C:/Users/Mohamed Hosny/Desktop/ITI/CppES/msys64/msys64/mingw64/bin/../lib/gcc/x86_64-w64-mingw32/11.2.0/../../../../x86_64-w64-mingw32/lib/../lib/libmsvcrt.a(lib64_libmsvcrt_extra_a-__p__commode.o)
                0x0000000140004590                .refptr.__imp__commode
 .rdata$.refptr.__imp__fmode
                0x00000001400045a0       0x10 C:/Users/Mohamed Hosny/Desktop/ITI/CppES/msys64/msys64/mingw64/bin/../lib/gcc/x86_64-w64-mingw32/11.2.0/../../../../x86_64-w64-mingw32/lib/../lib/libmsvcrt.a(lib64_libmsvcrt_extra_a-__p__fmode.o)
                0x00000001400045a0                .refptr.__imp__fmode
 .rdata$.refptr.__mingw_app_type
                0x00000001400045b0       0x10 C:/Users/Mohamed Hosny/Desktop/ITI/CppES/msys64/msys64/mingw64/bin/../lib/gcc/x86_64-w64-mingw32/11.2.0/../../../../x86_64-w64-mingw32/lib/../lib/crt2.o
                0x00000001400045b0                .refptr.__mingw_app_type
 .rdata$.refptr.__mingw_initltsdrot_force
                0x00000001400045c0       0x10 C:/Users/Mohamed Hosny/Desktop/ITI/CppES/msys64/msys64/mingw64/bin/../lib/gcc/x86_64-w64-mingw32/11.2.0/../../../../x86_64-w64-mingw32/lib/../lib/crt2.o
                0x00000001400045c0                .refptr.__mingw_initltsdrot_force
 .rdata$.refptr.__mingw_initltsdyn_force
                0x00000001400045d0       0x10 C:/Users/Mohamed Hosny/Desktop/ITI/CppES/msys64/msys64/mingw64/bin/../lib/gcc/x86_64-w64-mingw32/11.2.0/../../../../x86_64-w64-mingw32/lib/../lib/crt2.o
                0x00000001400045d0                .refptr.__mingw_initltsdyn_force
 .rdata$.refptr.__mingw_initltssuo_force
                0x00000001400045e0       0x10 C:/Users/Mohamed Hosny/Desktop/ITI/CppES/msys64/msys64/mingw64/bin/../lib/gcc/x86_64-w64-mingw32/11.2.0/../../../../x86_64-w64-mingw32/lib/../lib/crt2.o
                0x00000001400045e0                .refptr.__mingw_initltssuo_force
 .rdata$.refptr.__mingw_oldexcpt_handler
                0x00000001400045f0       0x10 C:/Users/Mohamed Hosny/Desktop/ITI/CppES/msys64/msys64/mingw64/bin/../lib/gcc/x86_64-w64-mingw32/11.2.0/../../../../x86_64-w64-mingw32/lib/../lib/crt2.o
                0x00000001400045f0                .refptr.__mingw_oldexcpt_handler
 .rdata$.refptr.__native_startup_lock
                0x0000000140004600       0x10 C:/Users/Mohamed Hosny/Desktop/ITI/CppES/msys64/msys64/mingw64/bin/../lib/gcc/x86_64-w64-mingw32/11.2.0/../../../../x86_64-w64-mingw32/lib/../lib/crt2.o
                0x0000000140004600                .refptr.__native_startup_lock
 .rdata$.refptr.__native_startup_state
                0x0000000140004610       0x10 C:/Users/Mohamed Hosny/Desktop/ITI/CppES/msys64/msys64/mingw64/bin/../lib/gcc/x86_64-w64-mingw32/11.2.0/../../../../x86_64-w64-mingw32/lib/../lib/crt2.o
                0x0000000140004610                .refptr.__native_startup_state
 .rdata$.refptr.__xc_a
                0x0000000140004620       0x10 C:/Users/Mohamed Hosny/Desktop/ITI/CppES/msys64/msys64/mingw64/bin/../lib/gcc/x86_64-w64-mingw32/11.2.0/../../../../x86_64-w64-mingw32/lib/../lib/crt2.o
                0x0000000140004620                .refptr.__xc_a
 .rdata$.refptr.__xc_z
                0x0000000140004630       0x10 C:/Users/Mohamed Hosny/Desktop/ITI/CppES/msys64/msys64/mingw64/bin/../lib/gcc/x86_64-w64-mingw32/11.2.0/../../../../x86_64-w64-mingw32/lib/../lib/crt2.o
                0x0000000140004630                .refptr.__xc_z
 .rdata$.refptr.__xi_a
                0x0000000140004640       0x10 C:/Users/Mohamed Hosny/Desktop/ITI/CppES/msys64/msys64/mingw64/bin/../lib/gcc/x86_64-w64-mingw32/11.2.0/../../../../x86_64-w64-mingw32/lib/../lib/crt2.o
                0x0000000140004640                .refptr.__xi_a
 .rdata$.refptr.__xi_z
                0x0000000140004650       0x10 C:/Users/Mohamed Hosny/Desktop/ITI/CppES/msys64/msys64/mingw64/bin/../lib/gcc/x86_64-w64-mingw32/11.2.0/../../../../x86_64-w64-mingw32/lib/../lib/crt2.o
                0x0000000140004650                .refptr.__xi_z
 .rdata$.refptr._commode
                0x0000000140004660       0x10 C:/Users/Mohamed Hosny/Desktop/ITI/CppES/msys64/msys64/mingw64/bin/../lib/gcc/x86_64-w64-mingw32/11.2.0/../../../../x86_64-w64-mingw32/lib/../lib/crt2.o
                0x0000000140004660                .refptr._commode
 .rdata$.refptr._dowildcard
                0x0000000140004670       0x10 C:/Users/Mohamed Hosny/Desktop/ITI/CppES/msys64/msys64/mingw64/bin/../lib/gcc/x86_64-w64-mingw32/11.2.0/../../../../x86_64-w64-mingw32/lib/../lib/crt2.o
                0x0000000140004670                .refptr._dowildcard
 .rdata$.refptr._fmode
                0x0000000140004680       0x10 C:/Users/Mohamed Hosny/Desktop/ITI/CppES/msys64/msys64/mingw64/bin/../lib/gcc/x86_64-w64-mingw32/11.2.0/../../../../x86_64-w64-mingw32/lib/../lib/crt2.o
                0x0000000140004680                .refptr._fmode
 .rdata$.refptr._gnu_exception_handler
                0x0000000140004690       0x10 C:/Users/Mohamed Hosny/Desktop/ITI/CppES/msys64/msys64/mingw64/bin/../lib/gcc/x86_64-w64-mingw32/11.2.0/../../../../x86_64-w64-mingw32/lib/../lib/crt2.o
                0x0000000140004690                .refptr._gnu_exception_handler
 .rdata$.refptr._matherr
                0x00000001400046a0       0x10 C:/Users/Mohamed Hosny/Desktop/ITI/CppES/msys64/msys64/mingw64/bin/../lib/gcc/x86_64-w64-mingw32/11.2.0/../../../../x86_64-w64-mingw32/lib/../lib/crt2.o
                0x00000001400046a0                .refptr._matherr
 .rdata$.refptr._newmode
                0x00000001400046b0       0x10 C:/Users/Mohamed Hosny/Desktop/ITI/CppES/msys64/msys64/mingw64/bin/../lib/gcc/x86_64-w64-mingw32/11.2.0/../../../../x86_64-w64-mingw32/lib/../lib/crt2.o
                0x00000001400046b0                .refptr._newmode
 .rdata$_ZTI11GPIO_Driver
                0x00000001400046c0       0x10 C:\Users\MOHAME~1\AppData\Local\Temp\ccctjwSj.o
                0x00000001400046c0                __fu2__ZTVN10__cxxabiv117__class_type_infoE
                0x00000001400046c0                typeinfo for GPIO_Driver
 .rdata$_ZTI8GPIO_ARM
                0x00000001400046d0       0x30 C:\Users\MOHAME~1\AppData\Local\Temp\ccctjwSj.o
                0x00000001400046d0                __fu0__ZTVN10__cxxabiv121__vmi_class_type_infoE
                0x00000001400046d0                typeinfo for GPIO_ARM
 .rdata$_ZTI8GPIO_AVR
                0x0000000140004700       0x30 C:\Users\MOHAME~1\AppData\Local\Temp\ccctjwSj.o
                0x0000000140004700                __fu1__ZTVN10__cxxabiv121__vmi_class_type_infoE
                0x0000000140004700                typeinfo for GPIO_AVR
 .rdata$_ZTS11GPIO_Driver
                0x0000000140004730       0x10 C:\Users\MOHAME~1\AppData\Local\Temp\ccctjwSj.o
                0x0000000140004730                typeinfo name for GPIO_Driver
 .rdata$_ZTS8GPIO_ARM
                0x0000000140004740       0x10 C:\Users\MOHAME~1\AppData\Local\Temp\ccctjwSj.o
                0x0000000140004740                typeinfo name for GPIO_ARM
 .rdata$_ZTS8GPIO_AVR
                0x0000000140004750       0x10 C:\Users\MOHAME~1\AppData\Local\Temp\ccctjwSj.o
                0x0000000140004750                typeinfo name for GPIO_AVR
 .rdata$_ZTV11GPIO_Driver
                0x0000000140004760       0x30 C:\Users\MOHAME~1\AppData\Local\Temp\ccctjwSj.o
                0x0000000140004760                vtable for GPIO_Driver
 .rdata$_ZTV8GPIO_ARM
                0x0000000140004790       0x30 C:\Users\MOHAME~1\AppData\Local\Temp\ccctjwSj.o
                0x0000000140004790                vtable for GPIO_ARM
 .rdata$_ZTV8GPIO_AVR
                0x00000001400047c0       0x30 C:\Users\MOHAME~1\AppData\Local\Temp\ccctjwSj.o
                0x00000001400047c0                vtable for GPIO_AVR
 .rdata$zzz     0x00000001400047f0       0x30 C:/Users/Mohamed Hosny/Desktop/ITI/CppES/msys64/msys64/mingw64/bin/../lib/gcc/x86_64-w64-mingw32/11.2.0/../../../../x86_64-w64-mingw32/lib/../lib/crt2.o
 .rdata$zzz     0x0000000140004820       0x30 C:/Users/Mohamed Hosny/Desktop/ITI/CppES/msys64/msys64/mingw64/bin/../lib/gcc/x86_64-w64-mingw32/11.2.0/crtbegin.o
 .rdata$zzz     0x0000000140004850       0x30 C:\Users\MOHAME~1\AppData\Local\Temp\ccctjwSj.o
 .rdata$zzz     0x0000000140004880       0x30 C:\Users\MOHAME~1\AppData\Local\Temp\ccnMUuLS.o
 .rdata$zzz     0x00000001400048b0       0x30 C:/Users/Mohamed Hosny/Desktop/ITI/CppES/msys64/msys64/mingw64/bin/../lib/gcc/x86_64-w64-mingw32/11.2.0/../../../../x86_64-w64-mingw32/lib/../lib/libmingw32.a(lib64_libmingw32_a-gccmain.o)
 .rdata$zzz     0x00000001400048e0       0x30 C:/Users/Mohamed Hosny/Desktop/ITI/CppES/msys64/msys64/mingw64/bin/../lib/gcc/x86_64-w64-mingw32/11.2.0/../../../../x86_64-w64-mingw32/lib/../lib/libmingw32.a(lib64_libmingw32_a-natstart.o)
 .rdata$zzz     0x0000000140004910       0x30 C:/Users/Mohamed Hosny/Desktop/ITI/CppES/msys64/msys64/mingw64/bin/../lib/gcc/x86_64-w64-mingw32/11.2.0/../../../../x86_64-w64-mingw32/lib/../lib/libmingw32.a(lib64_libmingw32_a-wildcard.o)
 .rdata$zzz     0x0000000140004940       0x30 C:/Users/Mohamed Hosny/Desktop/ITI/CppES/msys64/msys64/mingw64/bin/../lib/gcc/x86_64-w64-mingw32/11.2.0/../../../../x86_64-w64-mingw32/lib/../lib/libmingw32.a(lib64_libmingw32_a-dllargv.o)
 .rdata$zzz     0x0000000140004970       0x30 C:/Users/Mohamed Hosny/Desktop/ITI/CppES/msys64/msys64/mingw64/bin/../lib/gcc/x86_64-w64-mingw32/11.2.0/../../../../x86_64-w64-mingw32/lib/../lib/libmingw32.a(lib64_libmingw32_a-_newmode.o)
 .rdata$zzz     0x00000001400049a0       0x30 C:/Users/Mohamed Hosny/Desktop/ITI/CppES/msys64/msys64/mingw64/bin/../lib/gcc/x86_64-w64-mingw32/11.2.0/../../../../x86_64-w64-mingw32/lib/../lib/libmingw32.a(lib64_libmingw32_a-tlssup.o)
 .rdata$zzz     0x00000001400049d0       0x30 C:/Users/Mohamed Hosny/Desktop/ITI/CppES/msys64/msys64/mingw64/bin/../lib/gcc/x86_64-w64-mingw32/11.2.0/../../../../x86_64-w64-mingw32/lib/../lib/libmingw32.a(lib64_libmingw32_a-xncommod.o)
 .rdata$zzz     0x0000000140004a00       0x30 C:/Users/Mohamed Hosny/Desktop/ITI/CppES/msys64/msys64/mingw64/bin/../lib/gcc/x86_64-w64-mingw32/11.2.0/../../../../x86_64-w64-mingw32/lib/../lib/libmingw32.a(lib64_libmingw32_a-cinitexe.o)
 .rdata$zzz     0x0000000140004a30       0x30 C:/Users/Mohamed Hosny/Desktop/ITI/CppES/msys64/msys64/mingw64/bin/../lib/gcc/x86_64-w64-mingw32/11.2.0/../../../../x86_64-w64-mingw32/lib/../lib/libmingw32.a(lib64_libmingw32_a-merr.o)
 .rdata$zzz     0x0000000140004a60       0x30 C:/Users/Mohamed Hosny/Desktop/ITI/CppES/msys64/msys64/mingw64/bin/../lib/gcc/x86_64-w64-mingw32/11.2.0/../../../../x86_64-w64-mingw32/lib/../lib/libmingw32.a(lib64_libmingw32_a-CRT_fp10.o)
 .rdata$zzz     0x0000000140004a90       0x30 C:/Users/Mohamed Hosny/Desktop/ITI/CppES/msys64/msys64/mingw64/bin/../lib/gcc/x86_64-w64-mingw32/11.2.0/../../../../x86_64-w64-mingw32/lib/../lib/libmingw32.a(lib64_libmingw32_a-mingw_helpers.o)
 .rdata$zzz     0x0000000140004ac0       0x30 C:/Users/Mohamed Hosny/Desktop/ITI/CppES/msys64/msys64/mingw64/bin/../lib/gcc/x86_64-w64-mingw32/11.2.0/../../../../x86_64-w64-mingw32/lib/../lib/libmingw32.a(lib64_libmingw32_a-pseudo-reloc.o)
 .rdata$zzz     0x0000000140004af0       0x30 C:/Users/Mohamed Hosny/Desktop/ITI/CppES/msys64/msys64/mingw64/bin/../lib/gcc/x86_64-w64-mingw32/11.2.0/../../../../x86_64-w64-mingw32/lib/../lib/libmingw32.a(lib64_libmingw32_a-usermatherr.o)
 .rdata$zzz     0x0000000140004b20       0x30 C:/Users/Mohamed Hosny/Desktop/ITI/CppES/msys64/msys64/mingw64/bin/../lib/gcc/x86_64-w64-mingw32/11.2.0/../../../../x86_64-w64-mingw32/lib/../lib/libmingw32.a(lib64_libmingw32_a-xtxtmode.o)
 .rdata$zzz     0x0000000140004b50       0x30 C:/Users/Mohamed Hosny/Desktop/ITI/CppES/msys64/msys64/mingw64/bin/../lib/gcc/x86_64-w64-mingw32/11.2.0/../../../../x86_64-w64-mingw32/lib/../lib/libmingw32.a(lib64_libmingw32_a-crt_handler.o)
 .rdata$zzz     0x0000000140004b80       0x30 C:/Users/Mohamed Hosny/Desktop/ITI/CppES/msys64/msys64/mingw64/bin/../lib/gcc/x86_64-w64-mingw32/11.2.0/../../../../x86_64-w64-mingw32/lib/../lib/libmingw32.a(lib64_libmingw32_a-tlsthrd.o)
 .rdata$zzz     0x0000000140004bb0       0x30 C:/Users/Mohamed Hosny/Desktop/ITI/CppES/msys64/msys64/mingw64/bin/../lib/gcc/x86_64-w64-mingw32/11.2.0/../../../../x86_64-w64-mingw32/lib/../lib/libmingw32.a(lib64_libmingw32_a-tlsmcrt.o)
 .rdata$zzz     0x0000000140004be0       0x30 C:/Users/Mohamed Hosny/Desktop/ITI/CppES/msys64/msys64/mingw64/bin/../lib/gcc/x86_64-w64-mingw32/11.2.0/../../../../x86_64-w64-mingw32/lib/../lib/libmingw32.a(lib64_libmingw32_a-pseudo-reloc-list.o)
 .rdata$zzz     0x0000000140004c10       0x30 C:/Users/Mohamed Hosny/Desktop/ITI/CppES/msys64/msys64/mingw64/bin/../lib/gcc/x86_64-w64-mingw32/11.2.0/../../../../x86_64-w64-mingw32/lib/../lib/libmingw32.a(lib64_libmingw32_a-pesect.o)
 .rdata$zzz     0x0000000140004c40       0x30 C:/Users/Mohamed Hosny/Desktop/ITI/CppES/msys64/msys64/mingw64/bin/../lib/gcc/x86_64-w64-mingw32/11.2.0/libgcc.a(_ctors.o)
 .rdata$zzz     0x0000000140004c70       0x30 C:/Users/Mohamed Hosny/Desktop/ITI/CppES/msys64/msys64/mingw64/bin/../lib/gcc/x86_64-w64-mingw32/11.2.0/../../../../x86_64-w64-mingw32/lib/../lib/libmingwex.a(lib64_libmingwex_a-mingw_matherr.o)
 .rdata$zzz     0x0000000140004ca0       0x30 C:/Users/Mohamed Hosny/Desktop/ITI/CppES/msys64/msys64/mingw64/bin/../lib/gcc/x86_64-w64-mingw32/11.2.0/../../../../x86_64-w64-mingw32/lib/../lib/libmsvcrt.a(lib64_libmsvcrt_extra_a-__p__fmode.o)
 .rdata$zzz     0x0000000140004cd0       0x30 C:/Users/Mohamed Hosny/Desktop/ITI/CppES/msys64/msys64/mingw64/bin/../lib/gcc/x86_64-w64-mingw32/11.2.0/../../../../x86_64-w64-mingw32/lib/../lib/libmsvcrt.a(lib64_libmsvcrt_extra_a-__p__commode.o)
 .rdata$zzz     0x0000000140004d00       0x30 C:/Users/Mohamed Hosny/Desktop/ITI/CppES/msys64/msys64/mingw64/bin/../lib/gcc/x86_64-w64-mingw32/11.2.0/../../../../x86_64-w64-mingw32/lib/../lib/libmsvcrt.a(lib64_libmsvcrt_extra_a-__p__acmdln.o)
 .rdata$zzz     0x0000000140004d30       0x30 C:/Users/Mohamed Hosny/Desktop/ITI/CppES/msys64/msys64/mingw64/bin/../lib/gcc/x86_64-w64-mingw32/11.2.0/../../../../x86_64-w64-mingw32/lib/../lib/libmsvcrt.a(lib64_libmsvcrt_extra_a-invalid_parameter_handler.o)
 .rdata$zzz     0x0000000140004d60       0x30 C:/Users/Mohamed Hosny/Desktop/ITI/CppES/msys64/msys64/mingw64/bin/../lib/gcc/x86_64-w64-mingw32/11.2.0/../../../../x86_64-w64-mingw32/lib/../lib/libmsvcrt.a(lib64_libmsvcrt_common_a-acrt_iob_func.o)
 .rdata$zzz     0x0000000140004d90       0x30 C:/Users/Mohamed Hosny/Desktop/ITI/CppES/msys64/msys64/mingw64/bin/../lib/gcc/x86_64-w64-mingw32/11.2.0/crtend.o
                0x0000000140004dc0                . = ALIGN (0x4)
                0x0000000140004dc0                __rt_psrelocs_start = .
 *(.rdata_runtime_pseudo_reloc)
 .rdata_runtime_pseudo_reloc
                0x0000000140004dc0       0x18 rtr000000.o
 .rdata_runtime_pseudo_reloc
                0x0000000140004dd8        0xc rtr000002.o
 .rdata_runtime_pseudo_reloc
                0x0000000140004de4        0xc rtr000003.o
 .rdata_runtime_pseudo_reloc
                0x0000000140004df0        0xc rtr000004.o
                0x0000000140004dfc                __rt_psrelocs_end = .
                0x000000000000003c                __rt_psrelocs_size = (__rt_psrelocs_end - __rt_psrelocs_start)
                0x0000000140004dfc                ___RUNTIME_PSEUDO_RELOC_LIST_END__ = .
                0x0000000140004dfc                __RUNTIME_PSEUDO_RELOC_LIST_END__ = .
                0x0000000140004dc0                ___RUNTIME_PSEUDO_RELOC_LIST__ = (. - __rt_psrelocs_size)
                0x0000000140004dc0                __RUNTIME_PSEUDO_RELOC_LIST__ = (. - __rt_psrelocs_size)

.eh_frame
 *(.eh_frame*)

.pdata          0x0000000140005000      0x400
 *(.pdata*)
 .pdata         0x0000000140005000       0x54 C:/Users/Mohamed Hosny/Desktop/ITI/CppES/msys64/msys64/mingw64/bin/../lib/gcc/x86_64-w64-mingw32/11.2.0/../../../../x86_64-w64-mingw32/lib/../lib/crt2.o
 .pdata         0x0000000140005054       0x18 C:/Users/Mohamed Hosny/Desktop/ITI/CppES/msys64/msys64/mingw64/bin/../lib/gcc/x86_64-w64-mingw32/11.2.0/crtbegin.o
 .pdata         0x000000014000506c       0xb4 C:\Users\MOHAME~1\AppData\Local\Temp\ccctjwSj.o
 .pdata         0x0000000140005120       0x30 C:\Users\MOHAME~1\AppData\Local\Temp\ccnMUuLS.o
 .pdata         0x0000000140005150       0x24 C:/Users/Mohamed Hosny/Desktop/ITI/CppES/msys64/msys64/mingw64/bin/../lib/gcc/x86_64-w64-mingw32/11.2.0/../../../../x86_64-w64-mingw32/lib/../lib/libmingw32.a(lib64_libmingw32_a-gccmain.o)
 .pdata         0x0000000140005174        0xc C:/Users/Mohamed Hosny/Desktop/ITI/CppES/msys64/msys64/mingw64/bin/../lib/gcc/x86_64-w64-mingw32/11.2.0/../../../../x86_64-w64-mingw32/lib/../lib/libmingw32.a(lib64_libmingw32_a-dllargv.o)
 .pdata         0x0000000140005180       0x24 C:/Users/Mohamed Hosny/Desktop/ITI/CppES/msys64/msys64/mingw64/bin/../lib/gcc/x86_64-w64-mingw32/11.2.0/../../../../x86_64-w64-mingw32/lib/../lib/libmingw32.a(lib64_libmingw32_a-tlssup.o)
 .pdata         0x00000001400051a4        0xc C:/Users/Mohamed Hosny/Desktop/ITI/CppES/msys64/msys64/mingw64/bin/../lib/gcc/x86_64-w64-mingw32/11.2.0/../../../../x86_64-w64-mingw32/lib/../lib/libmingw32.a(lib64_libmingw32_a-merr.o)
 .pdata         0x00000001400051b0        0xc C:/Users/Mohamed Hosny/Desktop/ITI/CppES/msys64/msys64/mingw64/bin/../lib/gcc/x86_64-w64-mingw32/11.2.0/../../../../x86_64-w64-mingw32/lib/../lib/libmingw32.a(lib64_libmingw32_a-CRT_fp10.o)
 .pdata         0x00000001400051bc       0x24 C:/Users/Mohamed Hosny/Desktop/ITI/CppES/msys64/msys64/mingw64/bin/../lib/gcc/x86_64-w64-mingw32/11.2.0/../../../../x86_64-w64-mingw32/lib/../lib/libmingw32.a(lib64_libmingw32_a-pseudo-reloc.o)
 .pdata         0x00000001400051e0       0x18 C:/Users/Mohamed Hosny/Desktop/ITI/CppES/msys64/msys64/mingw64/bin/../lib/gcc/x86_64-w64-mingw32/11.2.0/../../../../x86_64-w64-mingw32/lib/../lib/libmingw32.a(lib64_libmingw32_a-usermatherr.o)
 .pdata         0x00000001400051f8        0xc C:/Users/Mohamed Hosny/Desktop/ITI/CppES/msys64/msys64/mingw64/bin/../lib/gcc/x86_64-w64-mingw32/11.2.0/../../../../x86_64-w64-mingw32/lib/../lib/libmingw32.a(lib64_libmingw32_a-crt_handler.o)
 .pdata         0x0000000140005204       0x30 C:/Users/Mohamed Hosny/Desktop/ITI/CppES/msys64/msys64/mingw64/bin/../lib/gcc/x86_64-w64-mingw32/11.2.0/../../../../x86_64-w64-mingw32/lib/../lib/libmingw32.a(lib64_libmingw32_a-tlsthrd.o)
 .pdata         0x0000000140005234       0x6c C:/Users/Mohamed Hosny/Desktop/ITI/CppES/msys64/msys64/mingw64/bin/../lib/gcc/x86_64-w64-mingw32/11.2.0/../../../../x86_64-w64-mingw32/lib/../lib/libmingw32.a(lib64_libmingw32_a-pesect.o)
 .pdata         0x00000001400052a0        0xc C:/Users/Mohamed Hosny/Desktop/ITI/CppES/msys64/msys64/mingw64/bin/../lib/gcc/x86_64-w64-mingw32/11.2.0/../../../../x86_64-w64-mingw32/lib/../lib/libmsvcrt.a(lib64_libmsvcrt_extra_a-__p__fmode.o)
 .pdata         0x00000001400052ac        0xc C:/Users/Mohamed Hosny/Desktop/ITI/CppES/msys64/msys64/mingw64/bin/../lib/gcc/x86_64-w64-mingw32/11.2.0/../../../../x86_64-w64-mingw32/lib/../lib/libmsvcrt.a(lib64_libmsvcrt_extra_a-__p__commode.o)
 .pdata         0x00000001400052b8        0xc C:/Users/Mohamed Hosny/Desktop/ITI/CppES/msys64/msys64/mingw64/bin/../lib/gcc/x86_64-w64-mingw32/11.2.0/../../../../x86_64-w64-mingw32/lib/../lib/libmsvcrt.a(lib64_libmsvcrt_extra_a-__p__acmdln.o)
 .pdata         0x00000001400052c4       0x18 C:/Users/Mohamed Hosny/Desktop/ITI/CppES/msys64/msys64/mingw64/bin/../lib/gcc/x86_64-w64-mingw32/11.2.0/../../../../x86_64-w64-mingw32/lib/../lib/libmsvcrt.a(lib64_libmsvcrt_extra_a-invalid_parameter_handler.o)
 .pdata         0x00000001400052dc        0xc C:/Users/Mohamed Hosny/Desktop/ITI/CppES/msys64/msys64/mingw64/bin/../lib/gcc/x86_64-w64-mingw32/11.2.0/../../../../x86_64-w64-mingw32/lib/../lib/libmsvcrt.a(lib64_libmsvcrt_common_a-acrt_iob_func.o)
 .pdata.startup
                0x00000001400052e8        0xc C:/Users/Mohamed Hosny/Desktop/ITI/CppES/msys64/msys64/mingw64/bin/../lib/gcc/x86_64-w64-mingw32/11.2.0/crtend.o

.xdata          0x0000000140006000      0x400
 *(.xdata*)
 .xdata         0x0000000140006000       0x70 C:/Users/Mohamed Hosny/Desktop/ITI/CppES/msys64/msys64/mingw64/bin/../lib/gcc/x86_64-w64-mingw32/11.2.0/../../../../x86_64-w64-mingw32/lib/../lib/crt2.o
 .xdata         0x0000000140006070        0x8 C:/Users/Mohamed Hosny/Desktop/ITI/CppES/msys64/msys64/mingw64/bin/../lib/gcc/x86_64-w64-mingw32/11.2.0/crtbegin.o
 .xdata         0x0000000140006078       0xf4 C:\Users\MOHAME~1\AppData\Local\Temp\ccctjwSj.o
 .xdata         0x000000014000616c       0x4c C:\Users\MOHAME~1\AppData\Local\Temp\ccnMUuLS.o
 .xdata         0x00000001400061b8       0x18 C:/Users/Mohamed Hosny/Desktop/ITI/CppES/msys64/msys64/mingw64/bin/../lib/gcc/x86_64-w64-mingw32/11.2.0/../../../../x86_64-w64-mingw32/lib/../lib/libmingw32.a(lib64_libmingw32_a-gccmain.o)
 .xdata         0x00000001400061d0        0x4 C:/Users/Mohamed Hosny/Desktop/ITI/CppES/msys64/msys64/mingw64/bin/../lib/gcc/x86_64-w64-mingw32/11.2.0/../../../../x86_64-w64-mingw32/lib/../lib/libmingw32.a(lib64_libmingw32_a-dllargv.o)
 .xdata         0x00000001400061d4       0x18 C:/Users/Mohamed Hosny/Desktop/ITI/CppES/msys64/msys64/mingw64/bin/../lib/gcc/x86_64-w64-mingw32/11.2.0/../../../../x86_64-w64-mingw32/lib/../lib/libmingw32.a(lib64_libmingw32_a-tlssup.o)
 .xdata         0x00000001400061ec       0x18 C:/Users/Mohamed Hosny/Desktop/ITI/CppES/msys64/msys64/mingw64/bin/../lib/gcc/x86_64-w64-mingw32/11.2.0/../../../../x86_64-w64-mingw32/lib/../lib/libmingw32.a(lib64_libmingw32_a-merr.o)
 .xdata         0x0000000140006204        0x4 C:/Users/Mohamed Hosny/Desktop/ITI/CppES/msys64/msys64/mingw64/bin/../lib/gcc/x86_64-w64-mingw32/11.2.0/../../../../x86_64-w64-mingw32/lib/../lib/libmingw32.a(lib64_libmingw32_a-CRT_fp10.o)
 .xdata         0x0000000140006208       0x30 C:/Users/Mohamed Hosny/Desktop/ITI/CppES/msys64/msys64/mingw64/bin/../lib/gcc/x86_64-w64-mingw32/11.2.0/../../../../x86_64-w64-mingw32/lib/../lib/libmingw32.a(lib64_libmingw32_a-pseudo-reloc.o)
 .xdata         0x0000000140006238        0xc C:/Users/Mohamed Hosny/Desktop/ITI/CppES/msys64/msys64/mingw64/bin/../lib/gcc/x86_64-w64-mingw32/11.2.0/../../../../x86_64-w64-mingw32/lib/../lib/libmingw32.a(lib64_libmingw32_a-usermatherr.o)
 .xdata         0x0000000140006244        0x8 C:/Users/Mohamed Hosny/Desktop/ITI/CppES/msys64/msys64/mingw64/bin/../lib/gcc/x86_64-w64-mingw32/11.2.0/../../../../x86_64-w64-mingw32/lib/../lib/libmingw32.a(lib64_libmingw32_a-crt_handler.o)
 .xdata         0x000000014000624c       0x34 C:/Users/Mohamed Hosny/Desktop/ITI/CppES/msys64/msys64/mingw64/bin/../lib/gcc/x86_64-w64-mingw32/11.2.0/../../../../x86_64-w64-mingw32/lib/../lib/libmingw32.a(lib64_libmingw32_a-tlsthrd.o)
 .xdata         0x0000000140006280       0x2c C:/Users/Mohamed Hosny/Desktop/ITI/CppES/msys64/msys64/mingw64/bin/../lib/gcc/x86_64-w64-mingw32/11.2.0/../../../../x86_64-w64-mingw32/lib/../lib/libmingw32.a(lib64_libmingw32_a-pesect.o)
 .xdata         0x00000001400062ac        0x4 C:/Users/Mohamed Hosny/Desktop/ITI/CppES/msys64/msys64/mingw64/bin/../lib/gcc/x86_64-w64-mingw32/11.2.0/../../../../x86_64-w64-mingw32/lib/../lib/libmsvcrt.a(lib64_libmsvcrt_extra_a-__p__fmode.o)
 .xdata         0x00000001400062b0        0x4 C:/Users/Mohamed Hosny/Desktop/ITI/CppES/msys64/msys64/mingw64/bin/../lib/gcc/x86_64-w64-mingw32/11.2.0/../../../../x86_64-w64-mingw32/lib/../lib/libmsvcrt.a(lib64_libmsvcrt_extra_a-__p__commode.o)
 .xdata         0x00000001400062b4        0x4 C:/Users/Mohamed Hosny/Desktop/ITI/CppES/msys64/msys64/mingw64/bin/../lib/gcc/x86_64-w64-mingw32/11.2.0/../../../../x86_64-w64-mingw32/lib/../lib/libmsvcrt.a(lib64_libmsvcrt_extra_a-__p__acmdln.o)
 .xdata         0x00000001400062b8        0x8 C:/Users/Mohamed Hosny/Desktop/ITI/CppES/msys64/msys64/mingw64/bin/../lib/gcc/x86_64-w64-mingw32/11.2.0/../../../../x86_64-w64-mingw32/lib/../lib/libmsvcrt.a(lib64_libmsvcrt_extra_a-invalid_parameter_handler.o)
 .xdata         0x00000001400062c0        0x8 C:/Users/Mohamed Hosny/Desktop/ITI/CppES/msys64/msys64/mingw64/bin/../lib/gcc/x86_64-w64-mingw32/11.2.0/../../../../x86_64-w64-mingw32/lib/../lib/libmsvcrt.a(lib64_libmsvcrt_common_a-acrt_iob_func.o)
 .xdata.startup
                0x00000001400062c8        0x4 C:/Users/Mohamed Hosny/Desktop/ITI/CppES/msys64/msys64/mingw64/bin/../lib/gcc/x86_64-w64-mingw32/11.2.0/crtend.o

.bss            0x0000000140007000      0x1a0
                0x0000000140007000                __bss_start__ = .
 *(.bss)
 .bss           0x0000000140007000       0x40 C:/Users/Mohamed Hosny/Desktop/ITI/CppES/msys64/msys64/mingw64/bin/../lib/gcc/x86_64-w64-mingw32/11.2.0/../../../../x86_64-w64-mingw32/lib/../lib/crt2.o
                0x0000000140007000                __mingw_module_is_dll
                0x0000000140007008                __mingw_winmain_lpCmdLine
                0x0000000140007010                __mingw_winmain_hInstance
 .bss           0x0000000140007040        0x0 C:/Users/Mohamed Hosny/Desktop/ITI/CppES/msys64/msys64/mingw64/bin/../lib/gcc/x86_64-w64-mingw32/11.2.0/crtbegin.o
 .bss           0x0000000140007040       0x10 C:\Users\MOHAME~1\AppData\Local\Temp\ccctjwSj.o
 .bss           0x0000000140007050       0x10 C:\Users\MOHAME~1\AppData\Local\Temp\ccnMUuLS.o
 .bss           0x0000000140007060       0x10 C:/Users/Mohamed Hosny/Desktop/ITI/CppES/msys64/msys64/mingw64/bin/../lib/gcc/x86_64-w64-mingw32/11.2.0/../../../../x86_64-w64-mingw32/lib/../lib/libmingw32.a(lib64_libmingw32_a-gccmain.o)
 .bss           0x0000000140007070       0x10 C:/Users/Mohamed Hosny/Desktop/ITI/CppES/msys64/msys64/mingw64/bin/../lib/gcc/x86_64-w64-mingw32/11.2.0/../../../../x86_64-w64-mingw32/lib/../lib/libmingw32.a(lib64_libmingw32_a-natstart.o)
                0x0000000140007070                __native_startup_lock
                0x0000000140007078                __native_startup_state
 .bss           0x0000000140007080        0x0 C:/Users/Mohamed Hosny/Desktop/ITI/CppES/msys64/msys64/mingw64/bin/../lib/gcc/x86_64-w64-mingw32/11.2.0/../../../../x86_64-w64-mingw32/lib/../lib/libmingw32.a(lib64_libmingw32_a-wildcard.o)
 .bss           0x0000000140007080        0x0 C:/Users/Mohamed Hosny/Desktop/ITI/CppES/msys64/msys64/mingw64/bin/../lib/gcc/x86_64-w64-mingw32/11.2.0/../../../../x86_64-w64-mingw32/lib/../lib/libmingw32.a(lib64_libmingw32_a-dllargv.o)
 .bss           0x0000000140007080       0x10 C:/Users/Mohamed Hosny/Desktop/ITI/CppES/msys64/msys64/mingw64/bin/../lib/gcc/x86_64-w64-mingw32/11.2.0/../../../../x86_64-w64-mingw32/lib/../lib/libmingw32.a(lib64_libmingw32_a-_newmode.o)
                0x0000000140007080                _newmode
 .bss           0x0000000140007090       0x10 C:/Users/Mohamed Hosny/Desktop/ITI/CppES/msys64/msys64/mingw64/bin/../lib/gcc/x86_64-w64-mingw32/11.2.0/../../../../x86_64-w64-mingw32/lib/../lib/libmingw32.a(lib64_libmingw32_a-tlssup.o)
                0x0000000140007090                __mingw_initltssuo_force
                0x0000000140007094                __mingw_initltsdyn_force
                0x0000000140007098                __mingw_initltsdrot_force
                0x000000014000709c                _tls_index
 .bss           0x00000001400070a0       0x10 C:/Users/Mohamed Hosny/Desktop/ITI/CppES/msys64/msys64/mingw64/bin/../lib/gcc/x86_64-w64-mingw32/11.2.0/../../../../x86_64-w64-mingw32/lib/../lib/libmingw32.a(lib64_libmingw32_a-xncommod.o)
                0x00000001400070a0                _commode
 .bss           0x00000001400070b0        0x0 C:/Users/Mohamed Hosny/Desktop/ITI/CppES/msys64/msys64/mingw64/bin/../lib/gcc/x86_64-w64-mingw32/11.2.0/../../../../x86_64-w64-mingw32/lib/../lib/libmingw32.a(lib64_libmingw32_a-cinitexe.o)
 .bss           0x00000001400070b0        0x0 C:/Users/Mohamed Hosny/Desktop/ITI/CppES/msys64/msys64/mingw64/bin/../lib/gcc/x86_64-w64-mingw32/11.2.0/../../../../x86_64-w64-mingw32/lib/../lib/libmingw32.a(lib64_libmingw32_a-merr.o)
 .bss           0x00000001400070b0        0x0 C:/Users/Mohamed Hosny/Desktop/ITI/CppES/msys64/msys64/mingw64/bin/../lib/gcc/x86_64-w64-mingw32/11.2.0/../../../../x86_64-w64-mingw32/lib/../lib/libmingw32.a(lib64_libmingw32_a-CRT_fp10.o)
 .bss           0x00000001400070b0       0x10 C:/Users/Mohamed Hosny/Desktop/ITI/CppES/msys64/msys64/mingw64/bin/../lib/gcc/x86_64-w64-mingw32/11.2.0/../../../../x86_64-w64-mingw32/lib/../lib/libmingw32.a(lib64_libmingw32_a-mingw_helpers.o)
                0x00000001400070b0                __mingw_app_type
 .bss           0x00000001400070c0       0x10 C:/Users/Mohamed Hosny/Desktop/ITI/CppES/msys64/msys64/mingw64/bin/../lib/gcc/x86_64-w64-mingw32/11.2.0/../../../../x86_64-w64-mingw32/lib/../lib/libmingw32.a(lib64_libmingw32_a-pseudo-reloc.o)
 .bss           0x00000001400070d0       0x10 C:/Users/Mohamed Hosny/Desktop/ITI/CppES/msys64/msys64/mingw64/bin/../lib/gcc/x86_64-w64-mingw32/11.2.0/../../../../x86_64-w64-mingw32/lib/../lib/libmingw32.a(lib64_libmingw32_a-usermatherr.o)
 .bss           0x00000001400070e0       0x10 C:/Users/Mohamed Hosny/Desktop/ITI/CppES/msys64/msys64/mingw64/bin/../lib/gcc/x86_64-w64-mingw32/11.2.0/../../../../x86_64-w64-mingw32/lib/../lib/libmingw32.a(lib64_libmingw32_a-xtxtmode.o)
                0x00000001400070e0                _fmode
 .bss           0x00000001400070f0       0x10 C:/Users/Mohamed Hosny/Desktop/ITI/CppES/msys64/msys64/mingw64/bin/../lib/gcc/x86_64-w64-mingw32/11.2.0/../../../../x86_64-w64-mingw32/lib/../lib/libmingw32.a(lib64_libmingw32_a-crt_handler.o)
                0x00000001400070f0                __mingw_oldexcpt_handler
 .bss           0x0000000140007100       0x60 C:/Users/Mohamed Hosny/Desktop/ITI/CppES/msys64/msys64/mingw64/bin/../lib/gcc/x86_64-w64-mingw32/11.2.0/../../../../x86_64-w64-mingw32/lib/../lib/libmingw32.a(lib64_libmingw32_a-tlsthrd.o)
 .bss           0x0000000140007160        0x0 C:/Users/Mohamed Hosny/Desktop/ITI/CppES/msys64/msys64/mingw64/bin/../lib/gcc/x86_64-w64-mingw32/11.2.0/../../../../x86_64-w64-mingw32/lib/../lib/libmingw32.a(lib64_libmingw32_a-tlsmcrt.o)
 .bss           0x0000000140007160       0x10 C:/Users/Mohamed Hosny/Desktop/ITI/CppES/msys64/msys64/mingw64/bin/../lib/gcc/x86_64-w64-mingw32/11.2.0/../../../../x86_64-w64-mingw32/lib/../lib/libmingw32.a(lib64_libmingw32_a-pseudo-reloc-list.o)
 .bss           0x0000000140007170        0x0 C:/Users/Mohamed Hosny/Desktop/ITI/CppES/msys64/msys64/mingw64/bin/../lib/gcc/x86_64-w64-mingw32/11.2.0/../../../../x86_64-w64-mingw32/lib/../lib/libmingw32.a(lib64_libmingw32_a-pesect.o)
 .bss           0x0000000140007170        0x0 C:/Users/Mohamed Hosny/Desktop/ITI/CppES/msys64/msys64/mingw64/bin/../lib/gcc/x86_64-w64-mingw32/11.2.0/libgcc.a(_chkstk_ms.o)
 .bss           0x0000000140007170       0x20 C:/Users/Mohamed Hosny/Desktop/ITI/CppES/msys64/msys64/mingw64/bin/../lib/gcc/x86_64-w64-mingw32/11.2.0/libgcc.a(_ctors.o)
 .bss           0x0000000140007190        0x0 C:/Users/Mohamed Hosny/Desktop/ITI/CppES/msys64/msys64/mingw64/bin/../lib/gcc/x86_64-w64-mingw32/11.2.0/../../../../x86_64-w64-mingw32/lib/../lib/libmingwex.a(lib64_libmingwex_a-mingw_matherr.o)
 .bss           0x0000000140007190        0x0 C:/Users/Mohamed Hosny/Desktop/ITI/CppES/msys64/msys64/mingw64/bin/../lib/gcc/x86_64-w64-mingw32/11.2.0/../../../../x86_64-w64-mingw32/lib/../lib/libmsvcrt.a(lib64_libmsvcrt_extra_a-__p__fmode.o)
 .bss           0x0000000140007190        0x0 C:/Users/Mohamed Hosny/Desktop/ITI/CppES/msys64/msys64/mingw64/bin/../lib/gcc/x86_64-w64-mingw32/11.2.0/../../../../x86_64-w64-mingw32/lib/../lib/libmsvcrt.a(lib64_libmsvcrt_extra_a-__p__commode.o)
 .bss           0x0000000140007190        0x0 C:/Users/Mohamed Hosny/Desktop/ITI/CppES/msys64/msys64/mingw64/bin/../lib/gcc/x86_64-w64-mingw32/11.2.0/../../../../x86_64-w64-mingw32/lib/../lib/libmsvcrt.a(lib64_libmsvcrt_extra_a-__p__acmdln.o)
 .bss           0x0000000140007190       0x10 C:/Users/Mohamed Hosny/Desktop/ITI/CppES/msys64/msys64/mingw64/bin/../lib/gcc/x86_64-w64-mingw32/11.2.0/../../../../x86_64-w64-mingw32/lib/../lib/libmsvcrt.a(lib64_libmsvcrt_extra_a-invalid_parameter_handler.o)
 .bss           0x00000001400071a0        0x0 C:/Users/Mohamed Hosny/Desktop/ITI/CppES/msys64/msys64/mingw64/bin/../lib/gcc/x86_64-w64-mingw32/11.2.0/../../../../x86_64-w64-mingw32/lib/../lib/libmsvcrt.a(lib64_libmsvcrt_common_a-acrt_iob_func.o)
 .bss           0x00000001400071a0        0x0 C:/Users/Mohamed Hosny/Desktop/ITI/CppES/msys64/msys64/mingw64/bin/../lib/gcc/x86_64-w64-mingw32/11.2.0/../../../../x86_64-w64-mingw32/lib/../lib/libmsvcrt.a(libmsvcrt_defs00055.o)
 .bss           0x00000001400071a0        0x0 C:/Users/Mohamed Hosny/Desktop/ITI/CppES/msys64/msys64/mingw64/bin/../lib/gcc/x86_64-w64-mingw32/11.2.0/../../../../x86_64-w64-mingw32/lib/../lib/libmsvcrt.a(libmsvcrt_defs00081.o)
 .bss           0x00000001400071a0        0x0 C:/Users/Mohamed Hosny/Desktop/ITI/CppES/msys64/msys64/mingw64/bin/../lib/gcc/x86_64-w64-mingw32/11.2.0/../../../../x86_64-w64-mingw32/lib/../lib/libmsvcrt.a(libmsvcrt_defs00082.o)
 .bss           0x00000001400071a0        0x0 C:/Users/Mohamed Hosny/Desktop/ITI/CppES/msys64/msys64/mingw64/bin/../lib/gcc/x86_64-w64-mingw32/11.2.0/../../../../x86_64-w64-mingw32/lib/../lib/libmsvcrt.a(libmsvcrt_defs00083.o)
 .bss           0x00000001400071a0        0x0 C:/Users/Mohamed Hosny/Desktop/ITI/CppES/msys64/msys64/mingw64/bin/../lib/gcc/x86_64-w64-mingw32/11.2.0/../../../../x86_64-w64-mingw32/lib/../lib/libmsvcrt.a(libmsvcrt_defs00097.o)
 .bss           0x00000001400071a0        0x0 C:/Users/Mohamed Hosny/Desktop/ITI/CppES/msys64/msys64/mingw64/bin/../lib/gcc/x86_64-w64-mingw32/11.2.0/../../../../x86_64-w64-mingw32/lib/../lib/libmsvcrt.a(libmsvcrt_defs00099.o)
 .bss           0x00000001400071a0        0x0 C:/Users/Mohamed Hosny/Desktop/ITI/CppES/msys64/msys64/mingw64/bin/../lib/gcc/x86_64-w64-mingw32/11.2.0/../../../../x86_64-w64-mingw32/lib/../lib/libmsvcrt.a(libmsvcrt_defs00116.o)
 .bss           0x00000001400071a0        0x0 C:/Users/Mohamed Hosny/Desktop/ITI/CppES/msys64/msys64/mingw64/bin/../lib/gcc/x86_64-w64-mingw32/11.2.0/../../../../x86_64-w64-mingw32/lib/../lib/libmsvcrt.a(libmsvcrt_defs00123.o)
 .bss           0x00000001400071a0        0x0 C:/Users/Mohamed Hosny/Desktop/ITI/CppES/msys64/msys64/mingw64/bin/../lib/gcc/x86_64-w64-mingw32/11.2.0/../../../../x86_64-w64-mingw32/lib/../lib/libmsvcrt.a(libmsvcrt_defs00141.o)
 .bss           0x00000001400071a0        0x0 C:/Users/Mohamed Hosny/Desktop/ITI/CppES/msys64/msys64/mingw64/bin/../lib/gcc/x86_64-w64-mingw32/11.2.0/../../../../x86_64-w64-mingw32/lib/../lib/libmsvcrt.a(libmsvcrt_defs00157.o)
 .bss           0x00000001400071a0        0x0 C:/Users/Mohamed Hosny/Desktop/ITI/CppES/msys64/msys64/mingw64/bin/../lib/gcc/x86_64-w64-mingw32/11.2.0/../../../../x86_64-w64-mingw32/lib/../lib/libmsvcrt.a(libmsvcrt_defs00254.o)
 .bss           0x00000001400071a0        0x0 C:/Users/Mohamed Hosny/Desktop/ITI/CppES/msys64/msys64/mingw64/bin/../lib/gcc/x86_64-w64-mingw32/11.2.0/../../../../x86_64-w64-mingw32/lib/../lib/libmsvcrt.a(libmsvcrt_defs00332.o)
 .bss           0x00000001400071a0        0x0 C:/Users/Mohamed Hosny/Desktop/ITI/CppES/msys64/msys64/mingw64/bin/../lib/gcc/x86_64-w64-mingw32/11.2.0/../../../../x86_64-w64-mingw32/lib/../lib/libmsvcrt.a(libmsvcrt_defs00614.o)
 .bss           0x00000001400071a0        0x0 C:/Users/Mohamed Hosny/Desktop/ITI/CppES/msys64/msys64/mingw64/bin/../lib/gcc/x86_64-w64-mingw32/11.2.0/../../../../x86_64-w64-mingw32/lib/../lib/libmsvcrt.a(libmsvcrt_defs01038.o)
 .bss           0x00000001400071a0        0x0 C:/Users/Mohamed Hosny/Desktop/ITI/CppES/msys64/msys64/mingw64/bin/../lib/gcc/x86_64-w64-mingw32/11.2.0/../../../../x86_64-w64-mingw32/lib/../lib/libmsvcrt.a(libmsvcrt_defs01056.o)
 .bss           0x00000001400071a0        0x0 C:/Users/Mohamed Hosny/Desktop/ITI/CppES/msys64/msys64/mingw64/bin/../lib/gcc/x86_64-w64-mingw32/11.2.0/../../../../x86_64-w64-mingw32/lib/../lib/libmsvcrt.a(libmsvcrt_defs01069.o)
 .bss           0x00000001400071a0        0x0 C:/Users/Mohamed Hosny/Desktop/ITI/CppES/msys64/msys64/mingw64/bin/../lib/gcc/x86_64-w64-mingw32/11.2.0/../../../../x86_64-w64-mingw32/lib/../lib/libmsvcrt.a(libmsvcrt_defs01090.o)
 .bss           0x00000001400071a0        0x0 C:/Users/Mohamed Hosny/Desktop/ITI/CppES/msys64/msys64/mingw64/bin/../lib/gcc/x86_64-w64-mingw32/11.2.0/../../../../x86_64-w64-mingw32/lib/../lib/libmsvcrt.a(libmsvcrt_defs01097.o)
 .bss           0x00000001400071a0        0x0 C:/Users/Mohamed Hosny/Desktop/ITI/CppES/msys64/msys64/mingw64/bin/../lib/gcc/x86_64-w64-mingw32/11.2.0/../../../../x86_64-w64-mingw32/lib/../lib/libmsvcrt.a(libmsvcrt_defs01110.o)
 .bss           0x00000001400071a0        0x0 C:/Users/Mohamed Hosny/Desktop/ITI/CppES/msys64/msys64/mingw64/bin/../lib/gcc/x86_64-w64-mingw32/11.2.0/../../../../x86_64-w64-mingw32/lib/../lib/libmsvcrt.a(libmsvcrt_defs01158.o)
 .bss           0x00000001400071a0        0x0 C:/Users/Mohamed Hosny/Desktop/ITI/CppES/msys64/msys64/mingw64/bin/../lib/gcc/x86_64-w64-mingw32/11.2.0/../../../../x86_64-w64-mingw32/lib/../lib/libmsvcrt.a(libmsvcrt_defs01166.o)
 .bss           0x00000001400071a0        0x0 C:/Users/Mohamed Hosny/Desktop/ITI/CppES/msys64/msys64/mingw64/bin/../lib/gcc/x86_64-w64-mingw32/11.2.0/../../../../x86_64-w64-mingw32/lib/../lib/libmsvcrt.a(libmsvcrt_defs01198.o)
 .bss           0x00000001400071a0        0x0 C:/Users/Mohamed Hosny/Desktop/ITI/CppES/msys64/msys64/mingw64/bin/../lib/gcc/x86_64-w64-mingw32/11.2.0/../../../../x86_64-w64-mingw32/lib/../lib/libmsvcrt.a(libmsvcrt_defs01221.o)
 .bss           0x00000001400071a0        0x0 C:/Users/Mohamed Hosny/Desktop/ITI/CppES/msys64/msys64/mingw64/bin/../lib/gcc/x86_64-w64-mingw32/11.2.0/../../../../x86_64-w64-mingw32/lib/../lib/libmsvcrt.a(libmsvcrt_defs01224.o)
 .bss           0x00000001400071a0        0x0 C:/Users/Mohamed Hosny/Desktop/ITI/CppES/msys64/msys64/mingw64/bin/../lib/gcc/x86_64-w64-mingw32/11.2.0/../../../../x86_64-w64-mingw32/lib/../lib/libmsvcrt.a(libmsvcrt_defs01259.o)
 .bss           0x00000001400071a0        0x0 C:/Users/Mohamed Hosny/Desktop/ITI/CppES/msys64/msys64/mingw64/bin/../lib/gcc/x86_64-w64-mingw32/11.2.0/../../../../x86_64-w64-mingw32/lib/../lib/libmsvcrt.a(libmsvcrt_defh.o)
 .bss           0x00000001400071a0        0x0 C:/Users/Mohamed Hosny/Desktop/ITI/CppES/msys64/msys64/mingw64/bin/../lib/gcc/x86_64-w64-mingw32/11.2.0/../../../../x86_64-w64-mingw32/lib/../lib/libmsvcrt.a(libmsvcrt_deft.o)
 .bss           0x00000001400071a0        0x0 C:/Users/Mohamed Hosny/Desktop/ITI/CppES/msys64/msys64/mingw64/bin/../lib/gcc/x86_64-w64-mingw32/11.2.0/../../../../x86_64-w64-mingw32/lib/../lib/libkernel32.a(libkernel32s01493.o)
 .bss           0x00000001400071a0        0x0 C:/Users/Mohamed Hosny/Desktop/ITI/CppES/msys64/msys64/mingw64/bin/../lib/gcc/x86_64-w64-mingw32/11.2.0/../../../../x86_64-w64-mingw32/lib/../lib/libkernel32.a(libkernel32s01491.o)
 .bss           0x00000001400071a0        0x0 C:/Users/Mohamed Hosny/Desktop/ITI/CppES/msys64/msys64/mingw64/bin/../lib/gcc/x86_64-w64-mingw32/11.2.0/../../../../x86_64-w64-mingw32/lib/../lib/libkernel32.a(libkernel32s01444.o)
 .bss           0x00000001400071a0        0x0 C:/Users/Mohamed Hosny/Desktop/ITI/CppES/msys64/msys64/mingw64/bin/../lib/gcc/x86_64-w64-mingw32/11.2.0/../../../../x86_64-w64-mingw32/lib/../lib/libkernel32.a(libkernel32s01409.o)
 .bss           0x00000001400071a0        0x0 C:/Users/Mohamed Hosny/Desktop/ITI/CppES/msys64/msys64/mingw64/bin/../lib/gcc/x86_64-w64-mingw32/11.2.0/../../../../x86_64-w64-mingw32/lib/../lib/libkernel32.a(libkernel32s01393.o)
 .bss           0x00000001400071a0        0x0 C:/Users/Mohamed Hosny/Desktop/ITI/CppES/msys64/msys64/mingw64/bin/../lib/gcc/x86_64-w64-mingw32/11.2.0/../../../../x86_64-w64-mingw32/lib/../lib/libkernel32.a(libkernel32s00983.o)
 .bss           0x00000001400071a0        0x0 C:/Users/Mohamed Hosny/Desktop/ITI/CppES/msys64/msys64/mingw64/bin/../lib/gcc/x86_64-w64-mingw32/11.2.0/../../../../x86_64-w64-mingw32/lib/../lib/libkernel32.a(libkernel32s00891.o)