Archive member included to satisfy reference by file (symbol)

C:/Users/Mohamed Hosny/Desktop/ITI/CppES/msys64/msys64/mingw64/bin/../lib/gcc/x86_64-w64-mingw32/11.2.0/libstdc++.dll.a(d006693.o)
                              C:\Users\MOHAME~1\AppData\Local\Temp\ccLogtqh.o (__gxx_personality_seh0)
C:/Users/Mohamed Hosny/Desktop/ITI/CppES/msys64/msys64/mingw64/bin/../lib/gcc/x86_64-w64-mingw32/11.2.0/libstdc++.dll.a(d006677.o)
                              C:\Users\MOHAME~1\AppData\Local\Temp\ccLogtqh.o (__cxa_throw_bad_array_new_length)
C:/Users/Mohamed Hosny/Desktop/ITI/CppES/msys64/msys64/mingw64/bin/../lib/gcc/x86_64-w64-mingw32/11.2.0/libstdc++.dll.a(d006643.o)
                              C:\Users\MOHAME~1\AppData\Local\Temp\ccLogtqh.o (operator new[](unsigned long long))
C:/Users/Mohamed Hosny/Desktop/ITI/CppES/msys64/msys64/mingw64/bin/../lib/gcc/x86_64-w64-mingw32/11.2.0/libstdc++.dll.a(d005637.o)
                              C:\Users\MOHAME~1\AppData\Local\Temp\ccLogtqh.o (std::basic_istream<char, std::char_traits<char> >& std::operator>><char, std::char_traits<char>, std::allocator<char> >(std::basic_istream<char, std::char_traits<char> >&, std::__cxx11::basic_string<char, std::char_traits<char>, std::allocator<char> >&))
C:/Users/Mohamed Hosny/Desktop/ITI/CppES/msys64/msys64/mingw64/bin/../lib/gcc/x86_64-w64-mingw32/11.2.0/libstdc++.dll.a(d005593.o)
                              C:\Users\MOHAME~1\AppData\Local\Temp\ccLogtqh.o (std::basic_ostream<char, std::char_traits<char> >& std::operator<< <char, std::char_traits<char>, std::allocator<char> >(std::basic_ostream<char, std::char_traits<char> >&, std::__cxx11::basic_string<char, std::char_traits<char>, std::allocator<char> > const&))
C:/Users/Mohamed Hosny/Desktop/ITI/CppES/msys64/msys64/mingw64/bin/../lib/gcc/x86_64-w64-mingw32/11.2.0/libstdc++.dll.a(d005582.o)
                              C:\Users\MOHAME~1\AppData\Local\Temp\ccLogtqh.o (std::basic_ostream<char, std::char_traits<char> >& std::operator<< <std::char_traits<char> >(std::basic_ostream<char, std::char_traits<char> >&, char const*))
C:/Users/Mohamed Hosny/Desktop/ITI/CppES/msys64/msys64/mingw64/bin/../lib/gcc/x86_64-w64-mingw32/11.2.0/libstdc++.dll.a(d005474.o)
                              C:\Users\MOHAME~1\AppData\Local\Temp\ccLogtqh.o (std::basic_istream<char, std::char_traits<char> >& std::getline<char, std::char_traits<char>, std::allocator<char> >(std::basic_istream<char, std::char_traits<char> >&, std::__cxx11::basic_string<char, std::char_traits<char>, std::allocator<char> >&))
C:/Users/Mohamed Hosny/Desktop/ITI/CppES/msys64/msys64/mingw64/bin/../lib/gcc/x86_64-w64-mingw32/11.2.0/libstdc++.dll.a(d005463.o)
                              C:\Users\MOHAME~1\AppData\Local\Temp\ccLogtqh.o (std::basic_ostream<char, std::char_traits<char> >& std::endl<char, std::char_traits<char> >(std::basic_ostream<char, std::char_traits<char> >&))
C:/Users/Mohamed Hosny/Desktop/ITI/CppES/msys64/msys64/mingw64/bin/../lib/gcc/x86_64-w64-mingw32/11.2.0/libstdc++.dll.a(d005462.o)
                              C:\Users\MOHAME~1\AppData\Local\Temp\ccLogtqh.o (std::cout)
C:/Users/Mohamed Hosny/Desktop/ITI/CppES/msys64/msys64/mingw64/bin/../lib/gcc/x86_64-w64-mingw32/11.2.0/libstdc++.dll.a(d005459.o)
                              C:\Users\MOHAME~1\AppData\Local\Temp\ccLogtqh.o (std::cin)
C:/Users/Mohamed Hosny/Desktop/ITI/CppES/msys64/msys64/mingw64/bin/../lib/gcc/x86_64-w64-mingw32/11.2.0/libstdc++.dll.a(d005301.o)
                              C:\Users\MOHAME~1\AppData\Local\Temp\ccLogtqh.o (std::basic_ios<char, std::char_traits<char> >::clear(std::_Ios_Iostate))
C:/Users/Mohamed Hosny/Desktop/ITI/CppES/msys64/msys64/mingw64/bin/../lib/gcc/x86_64-w64-mingw32/11.2.0/libstdc++.dll.a(d005165.o)
                              C:\Users\MOHAME~1\AppData\Local\Temp\ccLogtqh.o (std::ios_base::Init::~Init())
C:/Users/Mohamed Hosny/Desktop/ITI/CppES/msys64/msys64/mingw64/bin/../lib/gcc/x86_64-w64-mingw32/11.2.0/libstdc++.dll.a(d005163.o)
                              C:\Users\MOHAME~1\AppData\Local\Temp\ccLogtqh.o (std::ios_base::Init::Init())
C:/Users/Mohamed Hosny/Desktop/ITI/CppES/msys64/msys64/mingw64/bin/../lib/gcc/x86_64-w64-mingw32/11.2.0/libstdc++.dll.a(d004874.o)
                              C:\Users\MOHAME~1\AppData\Local\Temp\ccLogtqh.o (std::__cxx11::basic_stringstream<char, std::char_traits<char>, std::allocator<char> >::~basic_stringstream())
C:/Users/Mohamed Hosny/Desktop/ITI/CppES/msys64/msys64/mingw64/bin/../lib/gcc/x86_64-w64-mingw32/11.2.0/libstdc++.dll.a(d004866.o)
                              C:\Users\MOHAME~1\AppData\Local\Temp\ccLogtqh.o (std::__cxx11::basic_stringstream<char, std::char_traits<char>, std::allocator<char> >::basic_stringstream())
C:/Users/Mohamed Hosny/Desktop/ITI/CppES/msys64/msys64/mingw64/bin/../lib/gcc/x86_64-w64-mingw32/11.2.0/libstdc++.dll.a(d004526.o)
[...]
Memory Configuration

Name             Origin             Length             Attributes
*default*        0x0000000000000000 0xffffffffffffffff

Linker script and memory map

                0x0000000140000000                __image_base__ = 0x140000000
                0x0000000000000000                __dll__ = 0x0
                0x0000000140000000                __ImageBase = 0x140000000
                0x0000000000001000                __section_alignment__ = 0x1000
                0x0000000000000200                __file_alignment__ = 0x200
                0x0000000000000004                __major_os_version__ = 0x4
                0x0000000000000000                __minor_os_version__ = 0x0
                0x0000000000000000                __major_image_version__ = 0x0
                0x0000000000000000                __minor_image_version__ = 0x0
                0x0000000000000005                __major_subsystem_version__ = 0x5
                0x0000000000000002                __minor_subsystem_version__ = 0x2
                0x0000000000000003                __subsystem__ = 0x3
                0x0000000000200000                __size_of_stack_reserve__ = 0x200000
                0x0000000000001000                __size_of_stack_commit__ = 0x1000
                0x0000000000100000                __size_of_heap_reserve__ = 0x100000
                0x0000000000001000                __size_of_heap_commit__ = 0x1000
                0x0000000000000000                __loader_flags__ = 0x0
                0x0000000000000160                __dll_characteristics__ = 0x160
LOAD C:/Users/Mohamed Hosny/Desktop/ITI/CppES/msys64/msys64/mingw64/bin/../lib/gcc/x86_64-w64-mingw32/11.2.0/../../../../x86_64-w64-mingw32/lib/../lib/crt2.o
LOAD C:/Users/Mohamed Hosny/Desktop/ITI/CppES/msys64/msys64/mingw64/bin/../lib/gcc/x86_64-w64-mingw32/11.2.0/crtbegin.o
LOAD C:\Users\MOHAME~1\AppData\Local\Temp\ccLogtqh.o
LOAD C:/Users/Mohamed Hosny/Desktop/ITI/CppES/msys64/msys64/mingw64/bin/../lib/gcc/x86_64-w64-mingw32/11.2.0/libstdc++.dll.a
LOAD C:/Users/Mohamed Hosny/Desktop/ITI/CppES/msys64/msys64/mingw64/bin/../lib/gcc/x86_64-w64-mingw32/11.2.0/../../../../x86_64-w64-mingw32/lib/../lib/libmingw32.a
LOAD C:/Users/Mohamed Hosny/Desktop/ITI/CppES/msys64/msys64/mingw64/bin/../lib/gcc/x86_64-w64-mingw32/11.2.0/libgcc_s.a
LOAD C:/Users/Mohamed Hosny/Desktop/ITI/CppES/msys64/msys64/mingw64/bin/../lib/gcc/x86_64-w64-mingw32/11.2.0/libgcc.a
LOAD C:/Users/Mohamed Hosny/Desktop/ITI/CppES/msys64/msys64/mingw64/bin/../lib/gcc/x86_64-w64-mingw32/11.2.0/../../../../x86_64-w64-mingw32/lib/../lib/libmoldname.a
LOAD C:/Users/Mohamed Hosny/Desktop/ITI/CppES/msys64/msys64/mingw64/bin/../lib/gcc/x86_64-w64-mingw32/11.2.0/../../../../x86_64-w64-mingw32/lib/../lib/libmingwex.a
LOAD C:/Users/Mohamed Hosny/Desktop/ITI/CppES/msys64/msys64/mingw64/bin/../lib/gcc/x86_64-w64-mingw32/11.2.0/../../../../x86_64-w64-mingw32/lib/../lib/libmsvcrt.a
LOAD C:/Users/Mohamed Hosny/Desktop/ITI/CppES/msys64/msys64/mingw64/bin/../lib/gcc/x86_64-w64-mingw32/11.2.0/../../../../x86_64-w64-mingw32/lib/../lib/libkernel32.a
LOAD C:/Users/Mohamed Hosny/Desktop/ITI/CppES/msys64/msys64/mingw64/bin/../lib/gcc/x86_64-w64-mingw32/11.2.0/../../../../x86_64-w64-mingw32/lib/../lib/libpthread.dll.a
LOAD C:/Users/Mohamed Hosny/Desktop/ITI/CppES/msys64/msys64/mingw64/bin/../lib/gcc/x86_64-w64-mingw32/11.2.0/../../../../x86_64-w64-mingw32/lib/../lib/libadvapi32.a
LOAD C:/Users/Mohamed Hosny/Desktop/ITI/CppES/msys64/msys64/mingw64/bin/../lib/gcc/x86_64-w64-mingw32/11.2.0/../../../../x86_64-w64-mingw32/lib/../lib/libshell32.a
LOAD C:/Users/Mohamed Hosny/Desktop/ITI/CppES/msys64/msys64/mingw64/bin/../lib/gcc/x86_64-w64-mingw32/11.2.0/../../../../x86_64-w64-mingw32/lib/../lib/libuser32.a
LOAD C:/Users/Mohamed Hosny/Desktop/ITI/CppES/msys64/msys64/mingw64/bin/../lib/gcc/x86_64-w64-mingw32/11.2.0/../../../../x86_64-w64-mingw32/lib/../lib/libkernel32.a
LOAD C:/Users/Mohamed Hosny/Desktop/ITI/CppES/msys64/msys64/mingw64/bin/../lib/gcc/x86_64-w64-mingw32/11.2.0/../../../../x86_64-w64-mingw32/lib/../lib/libmingw32.a
LOAD C:/Users/Mohamed Hosny/Desktop/ITI/CppES/msys64/msys64/mingw64/bin/../lib/gcc/x86_64-w64-mingw32/11.2.0/libgcc_s.a
LOAD C:/Users/Mohamed Hosny/Desktop/ITI/CppES/msys64/msys64/mingw64/bin/../lib/gcc/x86_64-w64-mingw32/11.2.0/libgcc.a
LOAD C:/Users/Mohamed Hosny/Desktop/ITI/CppES/msys64/msys64/mingw64/bin/../lib/gcc/x86_64-w64-mingw32/11.2.0/../../../../x86_64-w64-mingw32/lib/../lib/libmoldname.a
LOAD C:/Users/Mohamed Hosny/Desktop/ITI/CppES/msys64/msys64/mingw64/bin/../lib/gcc/x86_64-w64-mingw32/11.2.0/../../../../x86_64-w64-mingw32/lib/../lib/libmingwex.a
LOAD C:/Users/Mohamed Hosny/Desktop/ITI/CppES/msys64/msys64/mingw64/bin/../lib/gcc/x86_64-w64-mingw32/11.2.0/../../../../x86_64-w64-mingw32/lib/../lib/libmsvcrt.a
LOAD C:/Users/Mohamed Hosny/Desktop/ITI/CppES/msys64/msys64/mingw64/bin/../lib/gcc/x86_64-w64-mingw32/11.2.0/../../../../x86_64-w64-mingw32/lib/../lib/libkernel32.a
LOAD C:/Users/Mohamed Hosny/Desktop/ITI/CppES/msys64/msys64/mingw64/bin/../lib/gcc/x86_64-w64-mingw32/11.2.0/../../../../x86_64-w64-mingw32/lib/../lib/default-manifest.o
LOAD C:/Users/Mohamed Hosny/Desktop/ITI/CppES/msys64/msys64/mingw64/bin/../lib/gcc/x86_64-w64-mingw32/11.2.0/crtend.o
                0x00000000000004a8                . = SIZEOF_HEADERS
                0x0000000000001000                . = ALIGN (__section_alignment__)

.text           0x0000000140001000     0x2200
 *(SORT_NONE(.init))
 *(.text)
 .text          0x0000000140001000      0x510 C:/Users/Mohamed Hosny/Desktop/ITI/CppES/msys64/msys64/mingw64/bin/../lib/gcc/x86_64-w64-mingw32/11.2.0/../../../../x86_64-w64-mingw32/lib/../lib/crt2.o
                0x00000001400014b0                WinMainCRTStartup
                0x00000001400014d0                mainCRTStartup
                0x00000001400014f0                atexit
 .text          0x0000000140001510       0x20 C:/Users/Mohamed Hosny/Desktop/ITI/CppES/msys64/msys64/mingw64/bin/../lib/gcc/x86_64-w64-mingw32/11.2.0/crtbegin.o
                0x0000000140001510                __gcc_register_frame
                0x0000000140001520                __gcc_deregister_frame
 .text          0x0000000140001530      0x8b0 C:\Users\MOHAME~1\AppData\Local\Temp\ccLogtqh.o
                0x0000000140001530                main
 .text          0x0000000140001de0        0x8 C:/Users/Mohamed Hosny/Desktop/ITI/CppES/msys64/msys64/mingw64/bin/../lib/gcc/x86_64-w64-mingw32/11.2.0/libstdc++.dll.a(d006693.o)
                0x0000000140001de0                __gxx_personality_seh0
 .text          0x0000000140001de8        0x8 C:/Users/Mohamed Hosny/Desktop/ITI/CppES/msys64/msys64/mingw64/bin/../lib/gcc/x86_64-w64-mingw32/11.2.0/libstdc++.dll.a(d006677.o)
                0x0000000140001de8                __cxa_throw_bad_array_new_length
 .text          0x0000000140001df0        0x8 C:/Users/Mohamed Hosny/Desktop/ITI/CppES/msys64/msys64/mingw64/bin/../lib/gcc/x86_64-w64-mingw32/11.2.0/libstdc++.dll.a(d006643.o)
                0x0000000140001df0                operator new[](unsigned long long)
 .text          0x0000000140001df8        0x8 C:/Users/Mohamed Hosny/Desktop/ITI/CppES/msys64/msys64/mingw64/bin/../lib/gcc/x86_64-w64-mingw32/11.2.0/libstdc++.dll.a(d005637.o)
                0x0000000140001df8                std::basic_istream<char, std::char_traits<char> >& std::operator>><char, std::char_traits<char>, std::allocator<char> >(std::basic_istream<char, std::char_traits<char> >&, std::__cxx11::basic_string<char, std::char_traits<char>, std::allocator<char> >&)
 .text          0x0000000140001e00        0x8 C:/Users/Mohamed Hosny/Desktop/ITI/CppES/msys64/msys64/mingw64/bin/../lib/gcc/x86_64-w64-mingw32/11.2.0/libstdc++.dll.a(d005593.o)
                0x0000000140001e00                std::basic_ostream<char, std::char_traits<char> >& std::operator<< <char, std::char_traits<char>, std::allocator<char> >(std::basic_ostream<char, std::char_traits<char> >&, std::__cxx11::basic_string<char, std::char_traits<char>, std::allocator<char> > const&)
 .text          0x0000000140001e08        0x8 C:/Users/Mohamed Hosny/Desktop/ITI/CppES/msys64/msys64/mingw64/bin/../lib/gcc/x86_64-w64-mingw32/11.2.0/libstdc++.dll.a(d005582.o)
                0x0000000140001e08                std::basic_ostream<char, std::char_traits<char> >& std::operator<< <std::char_traits<char> >(std::basic_ostream<char, std::char_traits<char> >&, char const*)
 .text          0x0000000140001e10        0x8 C:/Users/Mohamed Hosny/Desktop/ITI/CppES/msys64/msys64/mingw64/bin/../lib/gcc/x86_64-w64-mingw32/11.2.0/libstdc++.dll.a(d005474.o)
                0x0000000140001e10                std::basic_istream<char, std::char_traits<char> >& std::getline<char, std::char_traits<char>, std::allocator<char> >(std::basic_istream<char, std::char_traits<char> >&, std::__cxx11::basic_string<char, std::char_traits<char>, std::allocator<char> >&)
 .text          0x0000000140001e18        0x8 C:/Users/Mohamed Hosny/Desktop/ITI/CppES/msys64/msys64/mingw64/bin/../lib/gcc/x86_64-w64-mingw32/11.2.0/libstdc++.dll.a(d005463.o)
                0x0000000140001e18                std::basic_ostream<char, std::char_traits<char> >& std::endl<char, std::char_traits<char> >(std::basic_ostream<char, std::char_traits<char> >&)
 .text          0x0000000140001e20        0x0 C:/Users/Mohamed Hosny/Desktop/ITI/CppES/msys64/msys64/mingw64/bin/../lib/gcc/x86_64-w64-mingw32/11.2.0/libstdc++.dll.a(d005462.o)
 .text          0x0000000140001e20        0x0 C:/Users/Mohamed Hosny/Desktop/ITI/CppES/msys64/msys64/mingw64/bin/../lib/gcc/x86_64-w64-mingw32/11.2.0/libstdc++.dll.a(d005459.o)
 .text          0x0000000140001e20        0x8 C:/Users/Mohamed Hosny/Desktop/ITI/CppES/msys64/msys64/mingw64/bin/../lib/gcc/x86_64-w64-mingw32/11.2.0/libstdc++.dll.a(d005301.o)
                0x0000000140001e20                std::basic_ios<char, std::char_traits<char> >::clear(std::_Ios_Iostate)
 .text          0x0000000140001e28        0x8 C:/Users/Mohamed Hosny/Desktop/ITI/CppES/msys64/msys64/mingw64/bin/../lib/gcc/x86_64-w64-mingw32/11.2.0/libstdc++.dll.a(d005165.o)
                0x0000000140001e28                std::ios_base::Init::~Init()
 .text          0x0000000140001e30        0x8 C:/Users/Mohamed Hosny/Desktop/ITI/CppES/msys64/msys64/mingw64/bin/../lib/gcc/x86_64-w64-mingw32/11.2.0/libstdc++.dll.a(d005163.o)
                0x0000000140001e30                std::ios_base::Init::Init()
 .text          0x0000000140001e38        0x8 C:/Users/Mohamed Hosny/Desktop/ITI/CppES/msys64/msys64/mingw64/bin/../lib/gcc/x86_64-w64-mingw32/11.2.0/libstdc++.dll.a(d004874.o)
                0x0000000140001e38                std::__cxx11::basic_stringstream<char, std::char_traits<char>, std::allocator<char> >::~basic_stringstream()
 .text          0x0000000140001e40        0x8 C:/Users/Mohamed Hosny/Desktop/ITI/CppES/msys64/msys64/mingw64/bin/../lib/gcc/x86_64-w64-mingw32/11.2.0/libstdc++.dll.a(d004866.o)
                0x0000000140001e40                std::__cxx11::basic_stringstream<char, std::char_traits<char>, std::allocator<char> >::basic_stringstream()
 .text          0x0000000140001e48        0x8 C:/Users/Mohamed Hosny/Desktop/ITI/CppES/msys64/msys64/mingw64/bin/../lib/gcc/x86_64-w64-mingw32/11.2.0/libstdc++.dll.a(d004526.o)
                0x0000000140001e48                std::__cxx11::basic_string<char, std::char_traits<char>, std::allocator<char> >::operator=(std::__cxx11::basic_string<char, std::char_traits<char>, std::allocator<char> >&&)
 .text          0x0000000140001e50        0x8 C:/Users/Mohamed Hosny/Desktop/ITI/CppES/msys64/msys64/mingw64/bin/../lib/gcc/x86_64-w64-mingw32/11.2.0/libstdc++.dll.a(d004524.o)
                0x0000000140001e50                std::__cxx11::basic_string<char, std::char_traits<char>, std::allocator<char> >::~basic_string()
 .text          0x0000000140001e58        0x8 C:/Users/Mohamed Hosny/Desktop/ITI/CppES/msys64/msys64/mingw64/bin/../lib/gcc/x86_64-w64-mingw32/11.2.0/libstdc++.dll.a(d004502.o)
                0x0000000140001e58                std::__cxx11::basic_string<char, std::char_traits<char>, std::allocator<char> >::basic_string()
 .text          0x0000000140001e60        0x8 C:/Users/Mohamed Hosny/Desktop/ITI/CppES/msys64/msys64/mingw64/bin/../lib/gcc/x86_64-w64-mingw32/11.2.0/libstdc++.dll.a(d001905.o)
                0x0000000140001e60                std::ostream::operator<<(int)
 .text          0x0000000140001e68        0x8 C:/Users/Mohamed Hosny/Desktop/ITI/CppES/msys64/msys64/mingw64/bin/../lib/gcc/x86_64-w64-mingw32/11.2.0/libstdc++.dll.a(d001896.o)
                0x0000000140001e68                std::ostream::operator<<(std::ostream& (*)(std::ostream&))
 .text          0x0000000140001e70        0x8 C:/Users/Mohamed Hosny/Desktop/ITI/CppES/msys64/msys64/mingw64/bin/../lib/gcc/x86_64-w64-mingw32/11.2.0/libstdc++.dll.a(d001855.o)
                0x0000000140001e70                std::istream::operator>>(int&)
 .text          0x0000000140001e78        0x8 C:/Users/Mohamed Hosny/Desktop/ITI/CppES/msys64/msys64/mingw64/bin/../lib/gcc/x86_64-w64-mingw32/11.2.0/libstdc++.dll.a(d001581.o)
                0x0000000140001e78                std::basic_ios<char, std::char_traits<char> >::operator bool() const
 .text          0x0000000140001e80        0x8 C:/Users/Mohamed Hosny/Desktop/ITI/CppES/msys64/msys64/mingw64/bin/../lib/gcc/x86_64-w64-mingw32/11.2.0/libstdc++.dll.a(d001086.o)
                0x0000000140001e80                std::__cxx11::basic_string<char, std::char_traits<char>, std::allocator<char> >::compare(char const*) const
 .text          0x0000000140001e88        0x8 C:/Users/Mohamed Hosny/Desktop/ITI/CppES/msys64/msys64/mingw64/bin/../lib/gcc/x86_64-w64-mingw32/11.2.0/libstdc++.dll.a(d001084.o)
                0x0000000140001e88                std::__cxx11::basic_string<char, std::char_traits<char>, std::allocator<char> >::substr(unsigned long long, unsigned long long) const
 .text          0x0000000140001e90        0x8 C:/Users/Mohamed Hosny/Desktop/ITI/CppES/msys64/msys64/mingw64/bin/../lib/gcc/x86_64-w64-mingw32/11.2.0/libstdc++.dll.a(d001040.o)
                0x0000000140001e90                std::__cxx11::basic_string<char, std::char_traits<char>, std::allocator<char> >::find_last_of(char const*, unsigned long long) const
 *fill*         0x0000000140001e98        0x8 
 .text          0x0000000140001ea0       0xd0 C:/Users/Mohamed Hosny/Desktop/ITI/CppES/msys64/msys64/mingw64/bin/../lib/gcc/x86_64-w64-mingw32/11.2.0/../../../../x86_64-w64-mingw32/lib/../lib/libmingw32.a(lib64_libmingw32_a-gccmain.o)
                0x0000000140001ea0                __do_global_dtors
                0x0000000140001ee0                __do_global_ctors
                0x0000000140001f50                __main
 .text          0x0000000140001f70        0x0 C:/Users/Mohamed Hosny/Desktop/ITI/CppES/msys64/msys64/mingw64/bin/../lib/gcc/x86_64-w64-mingw32/11.2.0/../../../../x86_64-w64-mingw32/lib/../lib/libmingw32.a(lib64_libmingw32_a-natstart.o)
 .text          0x0000000140001f70        0x0 C:/Users/Mohamed Hosny/Desktop/ITI/CppES/msys64/msys64/mingw64/bin/../lib/gcc/x86_64-w64-mingw32/11.2.0/../../../../x86_64-w64-mingw32/lib/../lib/libmingw32.a(lib64_libmingw32_a-wildcard.o)
 .text          0x0000000140001f70       0x10 C:/Users/Mohamed Hosny/Desktop/ITI/CppES/msys64/msys64/mingw64/bin/../lib/gcc/x86_64-w64-mingw32/11.2.0/../../../../x86_64-w64-mingw32/lib/../lib/libmingw32.a(lib64_libmingw32_a-dllargv.o)
                0x0000000140001f70                _setargv
 .text          0x0000000140001f80        0x0 C:/Users/Mohamed Hosny/Desktop/ITI/CppES/msys64/msys64/mingw64/bin/../lib/gcc/x86_64-w64-mingw32/11.2.0/../../../../x86_64-w64-mingw32/lib/../lib/libmingw32.a(lib64_libmingw32_a-_newmode.o)
 .text          0x0000000140001f80       0xd0 C:/Users/Mohamed Hosny/Desktop/ITI/CppES/msys64/msys64/mingw64/bin/../lib/gcc/x86_64-w64-mingw32/11.2.0/../../../../x86_64-w64-mingw32/lib/../lib/libmingw32.a(lib64_libmingw32_a-tlssup.o)
                0x0000000140001fb0                __dyn_tls_init
                0x0000000140002040                __tlregdtor
 .text          0x0000000140002050        0x0 C:/Users/Mohamed Hosny/Desktop/ITI/CppES/msys64/msys64/mingw64/bin/../lib/gcc/x86_64-w64-mingw32/11.2.0/../../../../x86_64-w64-mingw32/lib/../lib/libmingw32.a(lib64_libmingw32_a-xncommod.o)
 .text          0x0000000140002050        0x0 C:/Users/Mohamed Hosny/Desktop/ITI/CppES/msys64/msys64/mingw64/bin/../lib/gcc/x86_64-w64-mingw32/11.2.0/../../../../x86_64-w64-mingw32/lib/../lib/libmingw32.a(lib64_libmingw32_a-cinitexe.o)
 .text          0x0000000140002050      0x100 C:/Users/Mohamed Hosny/Desktop/ITI/CppES/msys64/msys64/mingw64/bin/../lib/gcc/x86_64-w64-mingw32/11.2.0/../../../../x86_64-w64-mingw32/lib/../lib/libmingw32.a(lib64_libmingw32_a-merr.o)
                0x0000000140002050                _matherr
 .text          0x0000000140002150       0x10 C:/Users/Mohamed Hosny/Desktop/ITI/CppES/msys64/msys64/mingw64/bin/../lib/gcc/x86_64-w64-mingw32/11.2.0/../../../../x86_64-w64-mingw32/lib/../lib/libmingw32.a(lib64_libmingw32_a-CRT_fp10.o)
                0x0000000140002150                fpreset
                0x0000000140002150                _fpreset
 .text          0x0000000140002160        0x0 C:/Users/Mohamed Hosny/Desktop/ITI/CppES/msys64/msys64/mingw64/bin/../lib/gcc/x86_64-w64-mingw32/11.2.0/../../../../x86_64-w64-mingw32/lib/../lib/libmingw32.a(lib64_libmingw32_a-mingw_helpers.o)
 .text          0x0000000140002160      0x520 C:/Users/Mohamed Hosny/Desktop/ITI/CppES/msys64/msys64/mingw64/bin/../lib/gcc/x86_64-w64-mingw32/11.2.0/../../../../x86_64-w64-mingw32/lib/../lib/libmingw32.a(lib64_libmingw32_a-pseudo-reloc.o)
                0x0000000140002340                _pei386_runtime_relocator
 .text          0x0000000140002680       0x60 C:/Users/Mohamed Hosny/Desktop/ITI/CppES/msys64/msys64/mingw64/bin/../lib/gcc/x86_64-w64-mingw32/11.2.0/../../../../x86_64-w64-mingw32/lib/../lib/libmingw32.a(lib64_libmingw32_a-usermatherr.o)
                0x0000000140002680                __mingw_raise_matherr
                0x00000001400026d0                __mingw_setusermatherr
 .text          0x00000001400026e0        0x0 C:/Users/Mohamed Hosny/Desktop/ITI/CppES/msys64/msys64/mingw64/bin/../lib/gcc/x86_64-w64-mingw32/11.2.0/../../../../x86_64-w64-mingw32/lib/../lib/libmingw32.a(lib64_libmingw32_a-xtxtmode.o)
 .text          0x00000001400026e0      0x1c0 C:/Users/Mohamed Hosny/Desktop/ITI/CppES/msys64/msys64/mingw64/bin/../lib/gcc/x86_64-w64-mingw32/11.2.0/../../../../x86_64-w64-mingw32/lib/../lib/libmingw32.a(lib64_libmingw32_a-crt_handler.o)
                0x00000001400026e0                _gnu_exception_handler
 .text          0x00000001400028a0      0x290 C:/Users/Mohamed Hosny/Desktop/ITI/CppES/msys64/msys64/mingw64/bin/../lib/gcc/x86_64-w64-mingw32/11.2.0/../../../../x86_64-w64-mingw32/lib/../lib/libmingw32.a(lib64_libmingw32_a-tlsthrd.o)
                0x0000000140002920                ___w64_mingwthr_add_key_dtor
                0x00000001400029b0                ___w64_mingwthr_remove_key_dtor
                0x0000000140002a40                __mingw_TLScallback
 .text          0x0000000140002b30        0x0 C:/Users/Mohamed Hosny/Desktop/ITI/CppES/msys64/msys64/mingw64/bin/../lib/gcc/x86_64-w64-mingw32/11.2.0/../../../../x86_64-w64-mingw32/lib/../lib/libmingw32.a(lib64_libmingw32_a-tlsmcrt.o)
 .text          0x0000000140002b30        0x0 C:/Users/Mohamed Hosny/Desktop/ITI/CppES/msys64/msys64/mingw64/bin/../lib/gcc/x86_64-w64-mingw32/11.2.0/../../../../x86_64-w64-mingw32/lib/../lib/libmingw32.a(lib64_libmingw32_a-pseudo-reloc-list.o)
 .text          0x0000000140002b30      0x3e0 C:/Users/Mohamed Hosny/Desktop/ITI/CppES/msys64/msys64/mingw64/bin/../lib/gcc/x86_64-w64-mingw32/11.2.0/../../../../x86_64-w64-mingw32/lib/../lib/libmingw32.a(lib64_libmingw32_a-pesect.o)
                0x0000000140002b30                _ValidateImageBase
                0x0000000140002b60                _FindPESection
                0x0000000140002bb0                _FindPESectionByName
                0x0000000140002c50                __mingw_GetSectionForAddress
                0x0000000140002cd0                __mingw_GetSectionCount
                0x0000000140002d10                _FindPESectionExec
                0x0000000140002d80                _GetPEImageBase
                0x0000000140002dc0                _IsNonwritableInCurrentImage
                0x0000000140002e50                __mingw_enum_import_library_names
 .text          0x0000000140002f10        0x8 C:/Users/Mohamed Hosny/Desktop/ITI/CppES/msys64/msys64/mingw64/bin/../lib/gcc/x86_64-w64-mingw32/11.2.0/libgcc_s.a(d000015.o)
                0x0000000140002f10                _Unwind_Resume
 *fill*         0x0000000140002f18        0x8 
 .text          0x0000000140002f20       0x40 C:/Users/Mohamed Hosny/Desktop/ITI/CppES/msys64/msys64/mingw64/bin/../lib/gcc/x86_64-w64-mingw32/11.2.0/libgcc.a(_chkstk_ms.o)
                0x0000000140002f20                ___chkstk_ms
 .text          0x0000000140002f60        0x0 C:/Users/Mohamed Hosny/Desktop/ITI/CppES/msys64/msys64/mingw64/bin/../lib/gcc/x86_64-w64-mingw32/11.2.0/libgcc.a(_ctors.o)
 .text          0x0000000140002f60        0x0 C:/Users/Mohamed Hosny/Desktop/ITI/CppES/msys64/msys64/mingw64/bin/../lib/gcc/x86_64-w64-mingw32/11.2.0/../../../../x86_64-w64-mingw32/lib/../lib/libmingwex.a(lib64_libmingwex_a-mingw_matherr.o)
 .text          0x0000000140002f60       0x10 C:/Users/Mohamed Hosny/Desktop/ITI/CppES/msys64/msys64/mingw64/bin/../lib/gcc/x86_64-w64-mingw32/11.2.0/../../../../x86_64-w64-mingw32/lib/../lib/libmsvcrt.a(lib64_libmsvcrt_extra_a-__p__fmode.o)
                0x0000000140002f60                __p__fmode
 .text          0x0000000140002f70       0x10 C:/Users/Mohamed Hosny/Desktop/ITI/CppES/msys64/msys64/mingw64/bin/../lib/gcc/x86_64-w64-mingw32/11.2.0/../../../../x86_64-w64-mingw32/lib/../lib/libmsvcrt.a(lib64_libmsvcrt_extra_a-__p__commode.o)
                0x0000000140002f70                __p__commode
 .text          0x0000000140002f80       0x10 C:/Users/Mohamed Hosny/Desktop/ITI/CppES/msys64/msys64/mingw64/bin/../lib/gcc/x86_64-w64-mingw32/11.2.0/../../../../x86_64-w64-mingw32/lib/../lib/libmsvcrt.a(lib64_libmsvcrt_extra_a-__p__acmdln.o)
                0x0000000140002f80                __p__acmdln
 .text          0x0000000140002f90       0x20 C:/Users/Mohamed Hosny/Desktop/ITI/CppES/msys64/msys64/mingw64/bin/../lib/gcc/x86_64-w64-mingw32/11.2.0/../../../../x86_64-w64-mingw32/lib/../lib/libmsvcrt.a(lib64_libmsvcrt_extra_a-invalid_parameter_handler.o)
                0x0000000140002f90                _get_invalid_parameter_handler
                0x0000000140002fa0                _set_invalid_parameter_handler
 .text          0x0000000140002fb0       0x20 C:/Users/Mohamed Hosny/Desktop/ITI/CppES/msys64/msys64/mingw64/bin/../lib/gcc/x86_64-w64-mingw32/11.2.0/../../../../x86_64-w64-mingw32/lib/../lib/libmsvcrt.a(lib64_libmsvcrt_common_a-acrt_iob_func.o)
                0x0000000140002fb0                __acrt_iob_func
 .text          0x0000000140002fd0        0x8 C:/Users/Mohamed Hosny/Desktop/ITI/CppES/msys64/msys64/mingw64/bin/../lib/gcc/x86_64-w64-mingw32/11.2.0/../../../../x86_64-w64-mingw32/lib/../lib/libmsvcrt.a(libmsvcrt_defs00055.o)
                0x0000000140002fd0                __C_specific_handler
 .text          0x0000000140002fd8        0x8 C:/Users/Mohamed Hosny/Desktop/ITI/CppES/msys64/msys64/mingw64/bin/../lib/gcc/x86_64-w64-mingw32/11.2.0/../../../../x86_64-w64-mingw32/lib/../lib/libmsvcrt.a(libmsvcrt_defs00081.o)
                0x0000000140002fd8                __getmainargs
 .text          0x0000000140002fe0        0x0 C:/Users/Mohamed Hosny/Desktop/ITI/CppES/msys64/msys64/mingw64/bin/../lib/gcc/x86_64-w64-mingw32/11.2.0/../../../../x86_64-w64-mingw32/lib/../lib/libmsvcrt.a(libmsvcrt_defs00082.o)
 .text          0x0000000140002fe0        0x8 C:/Users/Mohamed Hosny/Desktop/ITI/CppES/msys64/msys64/mingw64/bin/../lib/gcc/x86_64-w64-mingw32/11.2.0/../../../../x86_64-w64-mingw32/lib/../lib/libmsvcrt.a(libmsvcrt_defs00083.o)
                0x0000000140002fe0                __iob_func
 .text          0x0000000140002fe8        0x8 C:/Users/Mohamed Hosny/Desktop/ITI/CppES/msys64/msys64/mingw64/bin/../lib/gcc/x86_64-w64-mingw32/11.2.0/../../../../x86_64-w64-mingw32/lib/../lib/libmsvcrt.a(libmsvcrt_defs00097.o)
                0x0000000140002fe8                __set_app_type
 .text          0x0000000140002ff0        0x8 C:/Users/Mohamed Hosny/Desktop/ITI/CppES/msys64/msys64/mingw64/bin/../lib/gcc/x86_64-w64-mingw32/11.2.0/../../../../x86_64-w64-mingw32/lib/../lib/libmsvcrt.a(libmsvcrt_defs00099.o)
                0x0000000140002ff0                __setusermatherr
 .text          0x0000000140002ff8        0x0 C:/Users/Mohamed Hosny/Desktop/ITI/CppES/msys64/msys64/mingw64/bin/../lib/gcc/x86_64-w64-mingw32/11.2.0/../../../../x86_64-w64-mingw32/lib/../lib/libmsvcrt.a(libmsvcrt_defs00116.o)
 .text          0x0000000140002ff8        0x8 C:/Users/Mohamed Hosny/Desktop/ITI/CppES/msys64/msys64/mingw64/bin/../lib/gcc/x86_64-w64-mingw32/11.2.0/../../../../x86_64-w64-mingw32/lib/../lib/libmsvcrt.a(libmsvcrt_defs00123.o)
                0x0000000140002ff8                _amsg_exit
 .text          0x0000000140003000        0x8 C:/Users/Mohamed Hosny/Desktop/ITI/CppES/msys64/msys64/mingw64/bin/../lib/gcc/x86_64-w64-mingw32/11.2.0/../../../../x86_64-w64-mingw32/lib/../lib/libmsvcrt.a(libmsvcrt_defs00141.o)
                0x0000000140003000                _cexit
 .text          0x0000000140003008        0x0 C:/Users/Mohamed Hosny/Desktop/ITI/CppES/msys64/msys64/mingw64/bin/../lib/gcc/x86_64-w64-mingw32/11.2.0/../../../../x86_64-w64-mingw32/lib/../lib/libmsvcrt.a(libmsvcrt_defs00157.o)
 .text          0x0000000140003008        0x0 C:/Users/Mohamed Hosny/Desktop/ITI/CppES/msys64/msys64/mingw64/bin/../lib/gcc/x86_64-w64-mingw32/11.2.0/../../../../x86_64-w64-mingw32/lib/../lib/libmsvcrt.a(libmsvcrt_defs00254.o)
 .text          0x0000000140003008        0x8 C:/Users/Mohamed Hosny/Desktop/ITI/CppES/msys64/msys64/mingw64/bin/../lib/gcc/x86_64-w64-mingw32/11.2.0/../../../../x86_64-w64-mingw32/lib/../lib/libmsvcrt.a(libmsvcrt_defs00332.o)
                0x0000000140003008                _initterm
 .text          0x0000000140003010        0x8 C:/Users/Mohamed Hosny/Desktop/ITI/CppES/msys64/msys64/mingw64/bin/../lib/gcc/x86_64-w64-mingw32/11.2.0/../../../../x86_64-w64-mingw32/lib/../lib/libmsvcrt.a(libmsvcrt_defs00614.o)
                0x0000000140003010                _onexit
 .text          0x0000000140003018        0x8 C:/Users/Mohamed Hosny/Desktop/ITI/CppES/msys64/msys64/mingw64/bin/../lib/gcc/x86_64-w64-mingw32/11.2.0/../../../../x86_64-w64-mingw32/lib/../lib/libmsvcrt.a(libmsvcrt_defs01038.o)
                0x0000000140003018                abort
 .text          0x0000000140003020        0x8 C:/Users/Mohamed Hosny/Desktop/ITI/CppES/msys64/msys64/mingw64/bin/../lib/gcc/x86_64-w64-mingw32/11.2.0/../../../../x86_64-w64-mingw32/lib/../lib/libmsvcrt.a(libmsvcrt_defs01056.o)
                0x0000000140003020                calloc
 .text          0x0000000140003028        0x8 C:/Users/Mohamed Hosny/Desktop/ITI/CppES/msys64/msys64/mingw64/bin/../lib/gcc/x86_64-w64-mingw32/11.2.0/../../../../x86_64-w64-mingw32/lib/../lib/libmsvcrt.a(libmsvcrt_defs01069.o)
                0x0000000140003028                exit
 .text          0x0000000140003030        0x8 C:/Users/Mohamed Hosny/Desktop/ITI/CppES/msys64/msys64/mingw64/bin/../lib/gcc/x86_64-w64-mingw32/11.2.0/../../../../x86_64-w64-mingw32/lib/../lib/libmsvcrt.a(libmsvcrt_defs01090.o)
                0x0000000140003030                fprintf
 .text          0x0000000140003038        0x8 C:/Users/Mohamed Hosny/Desktop/ITI/CppES/msys64/msys64/mingw64/bin/../lib/gcc/x86_64-w64-mingw32/11.2.0/../../../../x86_64-w64-mingw32/lib/../lib/libmsvcrt.a(libmsvcrt_defs01097.o)
                0x0000000140003038                free
 .text          0x0000000140003040        0x8 C:/Users/Mohamed Hosny/Desktop/ITI/CppES/msys64/msys64/mingw64/bin/../lib/gcc/x86_64-w64-mingw32/11.2.0/../../../../x86_64-w64-mingw32/lib/../lib/libmsvcrt.a(libmsvcrt_defs01110.o)
                0x0000000140003040                fwrite
 .text          0x0000000140003048        0x8 C:/Users/Mohamed Hosny/Desktop/ITI/CppES/msys64/msys64/mingw64/bin/../lib/gcc/x86_64-w64-mingw32/11.2.0/../../../../x86_64-w64-mingw32/lib/../lib/libmsvcrt.a(libmsvcrt_defs01158.o)
                0x0000000140003048                malloc
 .text          0x0000000140003050        0x8 C:/Users/Mohamed Hosny/Desktop/ITI/CppES/msys64/msys64/mingw64/bin/../lib/gcc/x86_64-w64-mingw32/11.2.0/../../../../x86_64-w64-mingw32/lib/../lib/libmsvcrt.a(libmsvcrt_defs01166.o)
                0x0000000140003050                memcpy
 .text          0x0000000140003058        0x8 C:/Users/Mohamed Hosny/Desktop/ITI/CppES/msys64/msys64/mingw64/bin/../lib/gcc/x86_64-w64-mingw32/11.2.0/../../../../x86_64-w64-mingw32/lib/../lib/libmsvcrt.a(libmsvcrt_defs01198.o)
                0x0000000140003058                signal
 .text          0x0000000140003060        0x8 C:/Users/Mohamed Hosny/Desktop/ITI/CppES/msys64/msys64/mingw64/bin/../lib/gcc/x86_64-w64-mingw32/11.2.0/../../../../x86_64-w64-mingw32/lib/../lib/libmsvcrt.a(libmsvcrt_defs01221.o)
                0x0000000140003060                strlen
 .text          0x0000000140003068        0x8 C:/Users/Mohamed Hosny/Desktop/ITI/CppES/msys64/msys64/mingw64/bin/../lib/gcc/x86_64-w64-mingw32/11.2.0/../../../../x86_64-w64-mingw32/lib/../lib/libmsvcrt.a(libmsvcrt_defs01224.o)
                0x0000000140003068                strncmp
 .text          0x0000000140003070        0x8 C:/Users/Mohamed Hosny/Desktop/ITI/CppES/msys64/msys64/mingw64/bin/../lib/gcc/x86_64-w64-mingw32/11.2.0/../../../../x86_64-w64-mingw32/lib/../lib/libmsvcrt.a(libmsvcrt_defs01259.o)
                0x0000000140003070                vfprintf
 *fill*         0x0000000140003078        0x8 
 .text          0x0000000140003080        0x0 C:/Users/Mohamed Hosny/Desktop/ITI/CppES/msys64/msys64/mingw64/bin/../lib/gcc/x86_64-w64-mingw32/11.2.0/../../../../x86_64-w64-mingw32/lib/../lib/libmsvcrt.a(libmsvcrt_defh.o)
 .text          0x0000000140003080        0x0 C:/Users/Mohamed Hosny/Desktop/ITI/CppES/msys64/msys64/mingw64/bin/../lib/gcc/x86_64-w64-mingw32/11.2.0/../../../../x86_64-w64-mingw32/lib/../lib/libmsvcrt.a(libmsvcrt_deft.o)
 .text          0x0000000140003080        0x8 C:/Users/Mohamed Hosny/Desktop/ITI/CppES/msys64/msys64/mingw64/bin/../lib/gcc/x86_64-w64-mingw32/11.2.0/../../../../x86_64-w64-mingw32/lib/../lib/libkernel32.a(libkernel32s01493.o)
                0x0000000140003080                VirtualQuery
 .text          0x0000000140003088        0x8 C:/Users/Mohamed Hosny/Desktop/ITI/CppES/msys64/msys64/mingw64/bin/../lib/gcc/x86_64-w64-mingw32/11.2.0/../../../../x86_64-w64-mingw32/lib/../lib/libkernel32.a(libkernel32s01491.o)
                0x0000000140003088                VirtualProtect
 .text          0x0000000140003090        0x8 C:/Users/Mohamed Hosny/Desktop/ITI/CppES/msys64/msys64/mingw64/bin/../lib/gcc/x86_64-w64-mingw32/11.2.0/../../../../x86_64-w64-mingw32/lib/../lib/libkernel32.a(libkernel32s01444.o)
                0x0000000140003090                TlsGetValue
 .text          0x0000000140003098        0x8 C:/Users/Mohamed Hosny/Desktop/ITI/CppES/msys64/msys64/mingw64/bin/../lib/gcc/x86_64-w64-mingw32/11.2.0/../../../../x86_64-w64-mingw32/lib/../lib/libkernel32.a(libkernel32s01409.o)
                0x0000000140003098                Sleep
 .text          0x00000001400030a0        0x8 C:/Users/Mohamed Hosny/Desktop/ITI/CppES/msys64/msys64/mingw64/bin/../lib/gcc/x86_64-w64-mingw32/11.2.0/../../../../x86_64-w64-mingw32/lib/../lib/libkernel32.a(libkernel32s01393.o)
                0x00000001400030a0                SetUnhandledExceptionFilter
 .text          0x00000001400030a8        0x8 C:/Users/Mohamed Hosny/Desktop/ITI/CppES/msys64/msys64/mingw64/bin/../lib/gcc/x86_64-w64-mingw32/11.2.0/../../../../x86_64-w64-mingw32/lib/../lib/libkernel32.a(libkernel32s00983.o)
                0x00000001400030a8                LeaveCriticalSection
 .text          0x00000001400030b0        0x8 C:/Users/Mohamed Hosny/Desktop/ITI/CppES/msys64/msys64/mingw64/bin/../lib/gcc/x86_64-w64-mingw32/11.2.0/../../../../x86_64-w64-mingw32/lib/../lib/libkernel32.a(libkernel32s00891.o)
                0x00000001400030b0                InitializeCriticalSection
 .text          0x00000001400030b8        0x8 C:/Users/Mohamed Hosny/Desktop/ITI/CppES/msys64/msys64/mingw64/bin/../lib/gcc/x86_64-w64-mingw32/11.2.0/../../../../x86_64-w64-mingw32/lib/../lib/libkernel32.a(libkernel32s00742.o)
                0x00000001400030b8                GetStartupInfoA
 .text          0x00000001400030c0        0x8 C:/Users/Mohamed Hosny/Desktop/ITI/CppES/msys64/msys64/mingw64/bin/../lib/gcc/x86_64-w64-mingw32/11.2.0/../../../../x86_64-w64-mingw32/lib/../lib/libkernel32.a(libkernel32s00629.o)
                0x00000001400030c0                GetLastError
 .text          0x00000001400030c8        0x8 C:/Users/Mohamed Hosny/Desktop/ITI/CppES/msys64/msys64/mingw64/bin/../lib/gcc/x86_64-w64-mingw32/11.2.0/../../../../x86_64-w64-mingw32/lib/../lib/libkernel32.a(libkernel32s00318.o)
                0x00000001400030c8                EnterCriticalSection
 .text          0x00000001400030d0        0x8 C:/Users/Mohamed Hosny/Desktop/ITI/CppES/msys64/msys64/mingw64/bin/../lib/gcc/x86_64-w64-mingw32/11.2.0/../../../../x86_64-w64-mingw32/lib/../lib/libkernel32.a(libkernel32s00282.o)
                0x00000001400030d0                DeleteCriticalSection
 *fill*         0x00000001400030d8        0x8 
 .text          0x00000001400030e0        0x0 C:/Users/Mohamed Hosny/Desktop/ITI/CppES/msys64/msys64/mingw64/bin/../lib/gcc/x86_64-w64-mingw32/11.2.0/../../../../x86_64-w64-mingw32/lib/../lib/libkernel32.a(libkernel32h.o)
 .text          0x00000001400030e0        0x0 C:/Users/Mohamed Hosny/Desktop/ITI/CppES/msys64/msys64/mingw64/bin/../lib/gcc/x86_64-w64-mingw32/11.2.0/../../../../x86_64-w64-mingw32/lib/../lib/libkernel32.a(libkernel32t.o)
 .text          0x00000001400030e0        0x0 C:/Users/Mohamed Hosny/Desktop/ITI/CppES/msys64/msys64/mingw64/bin/../lib/gcc/x86_64-w64-mingw32/11.2.0/crtend.o
 *(SORT_BY_NAME(.text$*))
 .text$_ZSteqIcSt11char_traitsIcESaIcEEbRKNSt7__cxx1112basic_stringIT_T0_T1_EEPKS5_
                0x00000001400030e0       0x30 C:\Users\MOHAME~1\AppData\Local\Temp\ccLogtqh.o
                0x00000001400030e0                bool std::operator==<char, std::char_traits<char>, std::allocator<char> >(std::__cxx11::basic_string<char, std::char_traits<char>, std::allocator<char> > const&, char const*)
 *(.text.*)
 .text.startup  0x0000000140003110       0x10 C:/Users/Mohamed Hosny/Desktop/ITI/CppES/msys64/msys64/mingw64/bin/../lib/gcc/x86_64-w64-mingw32/11.2.0/crtend.o
 *(.gnu.linkonce.t.*)
 *(.glue_7t)
 *(.glue_7)
                0x0000000140003120                . = ALIGN (0x8)
                0x0000000140003120                ___CTOR_LIST__ = .
                0x0000000140003120                __CTOR_LIST__ = .
                0x0000000140003120        0x4 LONG 0xffffffffffffffff
                0x0000000140003124        0x4 LONG 0xffffffffffffffff
 *(.ctors)
 .ctors         0x0000000140003128        0x8 C:\Users\MOHAME~1\AppData\Local\Temp\ccLogtqh.o
 *(.ctor)
 *(SORT_BY_NAME(.ctors.*))
 .ctors.65535   0x0000000140003130        0x8 C:/Users/Mohamed Hosny/Desktop/ITI/CppES/msys64/msys64/mingw64/bin/../lib/gcc/x86_64-w64-mingw32/11.2.0/crtend.o
                0x0000000140003138        0x4 LONG 0x0
                0x000000014000313c        0x4 LONG 0x0
                0x0000000140003140                ___DTOR_LIST__ = .
                0x0000000140003140                __DTOR_LIST__ = .
                0x0000000140003140        0x4 LONG 0xffffffffffffffff
                0x0000000140003144        0x4 LONG 0xffffffffffffffff
 *(.dtors)
 *(.dtor)
 *(SORT_BY_NAME(.dtors.*))
                0x0000000140003148        0x4 LONG 0x0
                0x000000014000314c        0x4 LONG 0x0
 *(SORT_NONE(.fini))
 *(.gcc_exc)
                [!provide]                        PROVIDE (etext = .)
 *(.gcc_except_table)

.data           0x0000000140004000      0x200
                0x0000000140004000                __data_start__ = .
 *(.data)
 .data          0x0000000140004000       0x10 C:/Users/Mohamed Hosny/Desktop/ITI/CppES/msys64/msys64/mingw64/bin/../lib/gcc/x86_64-w64-mingw32/11.2.0/../../../../x86_64-w64-mingw32/lib/../lib/crt2.o
                0x0000000140004000                __mingw_winmain_nShowCmd
 .data          0x0000000140004010        0x0 C:/Users/Mohamed Hosny/Desktop/ITI/CppES/msys64/msys64/mingw64/bin/../lib/gcc/x86_64-w64-mingw32/11.2.0/crtbegin.o
 .data          0x0000000140004010        0x0 C:\Users\MOHAME~1\AppData\Local\Temp\ccLogtqh.o
 .data          0x0000000140004010       0x10 C:/Users/Mohamed Hosny/Desktop/ITI/CppES/msys64/msys64/mingw64/bin/../lib/gcc/x86_64-w64-mingw32/11.2.0/../../../../x86_64-w64-mingw32/lib/../lib/libmingw32.a(lib64_libmingw32_a-gccmain.o)
 .data          0x0000000140004020       0x10 C:/Users/Mohamed Hosny/Desktop/ITI/CppES/msys64/msys64/mingw64/bin/../lib/gcc/x86_64-w64-mingw32/11.2.0/../../../../x86_64-w64-mingw32/lib/../lib/libmingw32.a(lib64_libmingw32_a-natstart.o)
                0x0000000140004020                __native_vcclrit_reason
                0x0000000140004024                __native_dllmain_reason
 .data          0x0000000140004030       0x10 C:/Users/Mohamed Hosny/Desktop/ITI/CppES/msys64/msys64/mingw64/bin/../lib/gcc/x86_64-w64-mingw32/11.2.0/../../../../x86_64-w64-mingw32/lib/../lib/libmingw32.a(lib64_libmingw32_a-wildcard.o)
                0x0000000140004030                _dowildcard
 .data          0x0000000140004040        0x0 C:/Users/Mohamed Hosny/Desktop/ITI/CppES/msys64/msys64/mingw64/bin/../lib/gcc/x86_64-w64-mingw32/11.2.0/../../../../x86_64-w64-mingw32/lib/../lib/libmingw32.a(lib64_libmingw32_a-dllargv.o)
 .data          0x0000000140004040        0x0 C:/Users/Mohamed Hosny/Desktop/ITI/CppES/msys64/msys64/mingw64/bin/../lib/gcc/x86_64-w64-mingw32/11.2.0/../../../../x86_64-w64-mingw32/lib/../lib/libmingw32.a(lib64_libmingw32_a-_newmode.o)
 .data          0x0000000140004040        0x0 C:/Users/Mohamed Hosny/Desktop/ITI/CppES/msys64/msys64/mingw64/bin/../lib/gcc/x86_64-w64-mingw32/11.2.0/../../../../x86_64-w64-mingw32/lib/../lib/libmingw32.a(lib64_libmingw32_a-tlssup.o)
 .data          0x0000000140004040        0x0 C:/Users/Mohamed Hosny/Desktop/ITI/CppES/msys64/msys64/mingw64/bin/../lib/gcc/x86_64-w64-mingw32/11.2.0/../../../../x86_64-w64-mingw32/lib/../lib/libmingw32.a(lib64_libmingw32_a-xncommod.o)
 .data          0x0000000140004040        0x0 C:/Users/Mohamed Hosny/Desktop/ITI/CppES/msys64/msys64/mingw64/bin/../lib/gcc/x86_64-w64-mingw32/11.2.0/../../../../x86_64-w64-mingw32/lib/../lib/libmingw32.a(lib64_libmingw32_a-cinitexe.o)
 .data          0x0000000140004040        0x0 C:/Users/Mohamed Hosny/Desktop/ITI/CppES/msys64/msys64/mingw64/bin/../lib/gcc/x86_64-w64-mingw32/11.2.0/../../../../x86_64-w64-mingw32/lib/../lib/libmingw32.a(lib64_libmingw32_a-merr.o)
 .data          0x0000000140004040        0x0 C:/Users/Mohamed Hosny/Desktop/ITI/CppES/msys64/msys64/mingw64/bin/../lib/gcc/x86_64-w64-mingw32/11.2.0/../../../../x86_64-w64-mingw32/lib/../lib/libmingw32.a(lib64_libmingw32_a-CRT_fp10.o)
 .data          0x0000000140004040        0x0 C:/Users/Mohamed Hosny/Desktop/ITI/CppES/msys64/msys64/mingw64/bin/../lib/gcc/x86_64-w64-mingw32/11.2.0/../../../../x86_64-w64-mingw32/lib/../lib/libmingw32.a(lib64_libmingw32_a-mingw_helpers.o)
 .data          0x0000000140004040        0x0 C:/Users/Mohamed Hosny/Desktop/ITI/CppES/msys64/msys64/mingw64/bin/../lib/gcc/x86_64-w64-mingw32/11.2.0/../../../../x86_64-w64-mingw32/lib/../lib/libmingw32.a(lib64_libmingw32_a-pseudo-reloc.o)
 .data          0x0000000140004040        0x0 C:/Users/Mohamed Hosny/Desktop/ITI/CppES/msys64/msys64/mingw64/bin/../lib/gcc/x86_64-w64-mingw32/11.2.0/../../../../x86_64-w64-mingw32/lib/../lib/libmingw32.a(lib64_libmingw32_a-usermatherr.o)
 .data          0x0000000140004040        0x0 C:/Users/Mohamed Hosny/Desktop/ITI/CppES/msys64/msys64/mingw64/bin/../lib/gcc/x86_64-w64-mingw32/11.2.0/../../../../x86_64-w64-mingw32/lib/../lib/libmingw32.a(lib64_libmingw32_a-xtxtmode.o)
 .data          0x0000000140004040        0x0 C:/Users/Mohamed Hosny/Desktop/ITI/CppES/msys64/msys64/mingw64/bin/../lib/gcc/x86_64-w64-mingw32/11.2.0/../../../../x86_64-w64-mingw32/lib/../lib/libmingw32.a(lib64_libmingw32_a-crt_handler.o)
 .data          0x0000000140004040        0x0 C:/Users/Mohamed Hosny/Desktop/ITI/CppES/msys64/msys64/mingw64/bin/../lib/gcc/x86_64-w64-mingw32/11.2.0/../../../../x86_64-w64-mingw32/lib/../lib/libmingw32.a(lib64_libmingw32_a-tlsthrd.o)
 .data          0x0000000140004040       0x10 C:/Users/Mohamed Hosny/Desktop/ITI/CppES/msys64/msys64/mingw64/bin/../lib/gcc/x86_64-w64-mingw32/11.2.0/../../../../x86_64-w64-mingw32/lib/../lib/libmingw32.a(lib64_libmingw32_a-tlsmcrt.o)
                0x0000000140004040                _CRT_MT
 .data          0x0000000140004050        0x0 C:/Users/Mohamed Hosny/Desktop/ITI/CppES/msys64/msys64/mingw64/bin/../lib/gcc/x86_64-w64-mingw32/11.2.0/../../../../x86_64-w64-mingw32/lib/../lib/libmingw32.a(lib64_libmingw32_a-pseudo-reloc-list.o)
 .data          0x0000000140004050        0x0 C:/Users/Mohamed Hosny/Desktop/ITI/CppES/msys64/msys64/mingw64/bin/../lib/gcc/x86_64-w64-mingw32/11.2.0/../../../../x86_64-w64-mingw32/lib/../lib/libmingw32.a(lib64_libmingw32_a-pesect.o)
 .data          0x0000000140004050        0x0 C:/Users/Mohamed Hosny/Desktop/ITI/CppES/msys64/msys64/mingw64/bin/../lib/gcc/x86_64-w64-mingw32/11.2.0/libgcc.a(_chkstk_ms.o)
 .data          0x0000000140004050        0x0 C:/Users/Mohamed Hosny/Desktop/ITI/CppES/msys64/msys64/mingw64/bin/../lib/gcc/x86_64-w64-mingw32/11.2.0/libgcc.a(_ctors.o)
 .data          0x0000000140004050       0x10 C:/Users/Mohamed Hosny/Desktop/ITI/CppES/msys64/msys64/mingw64/bin/../lib/gcc/x86_64-w64-mingw32/11.2.0/../../../../x86_64-w64-mingw32/lib/../lib/libmingwex.a(lib64_libmingwex_a-mingw_matherr.o)
                0x0000000140004050                _MINGW_INSTALL_DEBUG_MATHERR
 .data          0x0000000140004060       0x10 C:/Users/Mohamed Hosny/Desktop/ITI/CppES/msys64/msys64/mingw64/bin/../lib/gcc/x86_64-w64-mingw32/11.2.0/../../../../x86_64-w64-mingw32/lib/../lib/libmsvcrt.a(lib64_libmsvcrt_extra_a-__p__fmode.o)
                0x0000000140004060                __imp___p__fmode
 .data          0x0000000140004070       0x10 C:/Users/Mohamed Hosny/Desktop/ITI/CppES/msys64/msys64/mingw64/bin/../lib/gcc/x86_64-w64-mingw32/11.2.0/../../../../x86_64-w64-mingw32/lib/../lib/libmsvcrt.a(lib64_libmsvcrt_extra_a-__p__commode.o)
                0x0000000140004070                __imp___p__commode
 .data          0x0000000140004080       0x10 C:/Users/Mohamed Hosny/Desktop/ITI/CppES/msys64/msys64/mingw64/bin/../lib/gcc/x86_64-w64-mingw32/11.2.0/../../../../x86_64-w64-mingw32/lib/../lib/libmsvcrt.a(lib64_libmsvcrt_extra_a-__p__acmdln.o)
                0x0000000140004080                __imp___p__acmdln
 .data          0x0000000140004090       0x10 C:/Users/Mohamed Hosny/Desktop/ITI/CppES/msys64/msys64/mingw64/bin/../lib/gcc/x86_64-w64-mingw32/11.2.0/../../../../x86_64-w64-mingw32/lib/../lib/libmsvcrt.a(lib64_libmsvcrt_extra_a-invalid_parameter_handler.o)
                0x0000000140004090                __imp__get_invalid_parameter_handler
                0x0000000140004098                __imp__set_invalid_parameter_handler
 .data          0x00000001400040a0       0x10 C:/Users/Mohamed Hosny/Desktop/ITI/CppES/msys64/msys64/mingw64/bin/../lib/gcc/x86_64-w64-mingw32/11.2.0/../../../../x86_64-w64-mingw32/lib/../lib/libmsvcrt.a(lib64_libmsvcrt_common_a-acrt_iob_func.o)
                0x00000001400040a0                __imp___acrt_iob_func
 .data          0x00000001400040b0        0x0 C:/Users/Mohamed Hosny/Desktop/ITI/CppES/msys64/msys64/mingw64/bin/../lib/gcc/x86_64-w64-mingw32/11.2.0/../../../../x86_64-w64-mingw32/lib/../lib/libmsvcrt.a(libmsvcrt_defs00055.o)
 .data          0x00000001400040b0        0x0 C:/Users/Mohamed Hosny/Desktop/ITI/CppES/msys64/msys64/mingw64/bin/../lib/gcc/x86_64-w64-mingw32/11.2.0/../../../../x86_64-w64-mingw32/lib/../lib/libmsvcrt.a(libmsvcrt_defs00081.o)
 .data          0x00000001400040b0        0x0 C:/Users/Mohamed Hosny/Desktop/ITI/CppES/msys64/msys64/mingw64/bin/../lib/gcc/x86_64-w64-mingw32/11.2.0/../../../../x86_64-w64-mingw32/lib/../lib/libmsvcrt.a(libmsvcrt_defs00082.o)
 .data          0x00000001400040b0        0x0 C:/Users/Mohamed Hosny/Desktop/ITI/CppES/msys64/msys64/mingw64/bin/../lib/gcc/x86_64-w64-mingw32/11.2.0/../../../../x86_64-w64-mingw32/lib/../lib/libmsvcrt.a(libmsvcrt_defs00083.o)
 .data          0x00000001400040b0        0x0 C:/Users/Mohamed Hosny/Desktop/ITI/CppES/msys64/msys64/mingw64/bin/../lib/gcc/x86_64-w64-mingw32/11.2.0/../../../../x86_64-w64-mingw32/lib/../lib/libmsvcrt.a(libmsvcrt_defs00097.o)
 .data          0x00000001400040b0        0x0 C:/Users/Mohamed Hosny/Desktop/ITI/CppES/msys64/msys64/mingw64/bin/../lib/gcc/x86_64-w64-mingw32/11.2.0/../../../../x86_64-w64-mingw32/lib/../lib/libmsvcrt.a(libmsvcrt_defs00099.o)
 .data          0x00000001400040b0        0x0 C:/Users/Mohamed Hosny/Desktop/ITI/CppES/msys64/msys64/mingw64/bin/../lib/gcc/x86_64-w64-mingw32/11.2.0/../../../../x86_64-w64-mingw32/lib/../lib/libmsvcrt.a(libmsvcrt_defs00116.o)
 .data          0x00000001400040b0        0x0 C:/Users/Mohamed Hosny/Desktop/ITI/CppES/msys64/msys64/mingw64/bin/../lib/gcc/x86_64-w64-mingw32/11.2.0/../../../../x86_64-w64-mingw32/lib/../lib/libmsvcrt.a(libmsvcrt_defs00123.o)
 .data          0x00000001400040b0        0x0 C:/Users/Mohamed Hosny/Desktop/ITI/CppES/msys64/msys64/mingw64/bin/../lib/gcc/x86_64-w64-mingw32/11.2.0/../../../../x86_64-w64-mingw32/lib/../lib/libmsvcrt.a(libmsvcrt_defs00141.o)
 .data          0x00000001400040b0        0x0 C:/Users/Mohamed Hosny/Desktop/ITI/CppES/msys64/msys64/mingw64/bin/../lib/gcc/x86_64-w64-mingw32/11.2.0/../../../../x86_64-w64-mingw32/lib/../lib/libmsvcrt.a(libmsvcrt_defs00157.o)
 .data          0x00000001400040b0        0x0 C:/Users/Mohamed Hosny/Desktop/ITI/CppES/msys64/msys64/mingw64/bin/../lib/gcc/x86_64-w64-mingw32/11.2.0/../../../../x86_64-w64-mingw32/lib/../lib/libmsvcrt.a(libmsvcrt_defs00254.o)
 .data          0x00000001400040b0        0x0 C:/Users/Mohamed Hosny/Desktop/ITI/CppES/msys64/msys64/mingw64/bin/../lib/gcc/x86_64-w64-mingw32/11.2.0/../../../../x86_64-w64-mingw32/lib/../lib/libmsvcrt.a(libmsvcrt_defs00332.o)
 .data          0x00000001400040b0        0x0 C:/Users/Mohamed Hosny/Desktop/ITI/CppES/msys64/msys64/mingw64/bin/../lib/gcc/x86_64-w64-mingw32/11.2.0/../../../../x86_64-w64-mingw32/lib/../lib/libmsvcrt.a(libmsvcrt_defs00614.o)
 .data          0x00000001400040b0        0x0 C:/Users/Mohamed Hosny/Desktop/ITI/CppES/msys64/msys64/mingw64/bin/../lib/gcc/x86_64-w64-mingw32/11.2.0/../../../../x86_64-w64-mingw32/lib/../lib/libmsvcrt.a(libmsvcrt_defs01038.o)
 .data          0x00000001400040b0        0x0 C:/Users/Mohamed Hosny/Desktop/ITI/CppES/msys64/msys64/mingw64/bin/../lib/gcc/x86_64-w64-mingw32/11.2.0/../../../../x86_64-w64-mingw32/lib/../lib/libmsvcrt.a(libmsvcrt_defs01056.o)
 .data          0x00000001400040b0        0x0 C:/Users/Mohamed Hosny/Desktop/ITI/CppES/msys64/msys64/mingw64/bin/../lib/gcc/x86_64-w64-mingw32/11.2.0/../../../../x86_64-w64-mingw32/lib/../lib/libmsvcrt.a(libmsvcrt_defs01069.o)
 .data          0x00000001400040b0        0x0 C:/Users/Mohamed Hosny/Desktop/ITI/CppES/msys64/msys64/mingw64/bin/../lib/gcc/x86_64-w64-mingw32/11.2.0/../../../../x86_64-w64-mingw32/lib/../lib/libmsvcrt.a(libmsvcrt_defs01090.o)
 .data          0x00000001400040b0        0x0 C:/Users/Mohamed Hosny/Desktop/ITI/CppES/msys64/msys64/mingw64/bin/../lib/gcc/x86_64-w64-mingw32/11.2.0/../../../../x86_64-w64-mingw32/lib/../lib/libmsvcrt.a(libmsvcrt_defs01097.o)
 .data          0x00000001400040b0        0x0 C:/Users/Mohamed Hosny/Desktop/ITI/CppES/msys64/msys64/mingw64/bin/../lib/gcc/x86_64-w64-mingw32/11.2.0/../../../../x86_64-w64-mingw32/lib/../lib/libmsvcrt.a(libmsvcrt_defs01110.o)
 .data          0x00000001400040b0        0x0 C:/Users/Mohamed Hosny/Desktop/ITI/CppES/msys64/msys64/mingw64/bin/../lib/gcc/x86_64-w64-mingw32/11.2.0/../../../../x86_64-w64-mingw32/lib/../lib/libmsvcrt.a(libmsvcrt_defs01158.o)
 .data          0x00000001400040b0        0x0 C:/Users/Mohamed Hosny/Desktop/ITI/CppES/msys64/msys64/mingw64/bin/../lib/gcc/x86_64-w64-mingw32/11.2.0/../../../../x86_64-w64-mingw32/lib/../lib/libmsvcrt.a(libmsvcrt_defs01166.o)
 .data          0x00000001400040b0        0x0 C:/Users/Mohamed Hosny/Desktop/ITI/CppES/msys64/msys64/mingw64/bin/../lib/gcc/x86_64-w64-mingw32/11.2.0/../../../../x86_64-w64-mingw32/lib/../lib/libmsvcrt.a(libmsvcrt_defs01198.o)
 .data          0x00000001400040b0        0x0 C:/Users/Mohamed Hosny/Desktop/ITI/CppES/msys64/msys64/mingw64/bin/../lib/gcc/x86_64-w64-mingw32/11.2.0/../../../../x86_64-w64-mingw32/lib/../lib/libmsvcrt.a(libmsvcrt_defs01221.o)
 .data          0x00000001400040b0        0x0 C:/Users/Mohamed Hosny/Desktop/ITI/CppES/msys64/msys64/mingw64/bin/../lib/gcc/x86_64-w64-mingw32/11.2.0/../../../../x86_64-w64-mingw32/lib/../lib/libmsvcrt.a(libmsvcrt_defs01224.o)
 .data          0x00000001400040b0        0x0 C:/Users/Mohamed Hosny/Desktop/ITI/CppES/msys64/msys64/mingw64/bin/../lib/gcc/x86_64-w64-mingw32/11.2.0/../../../../x86_64-w64-mingw32/lib/../lib/libmsvcrt.a(libmsvcrt_defs01259.o)
 .data          0x00000001400040b0        0x0 C:/Users/Mohamed Hosny/Desktop/ITI/CppES/msys64/msys64/mingw64/bin/../lib/gcc/x86_64-w64-mingw32/11.2.0/../../../../x86_64-w64-mingw32/lib/../lib/libmsvcrt.a(libmsvcrt_defh.o)
 .data          0x00000001400040b0        0x0 C:/Users/Mohamed Hosny/Desktop/ITI/CppES/msys64/msys64/mingw64/bin/../lib/gcc/x86_64-w64-mingw32/11.2.0/../../../../x86_64-w64-mingw32/lib/../lib/libmsvcrt.a(libmsvcrt_deft.o)
 .data          0x00000001400040b0        0x0 C:/Users/Mohamed Hosny/Desktop/ITI/CppES/msys64/msys64/mingw64/bin/../lib/gcc/x86_64-w64-mingw32/11.2.0/../../../../x86_64-w64-mingw32/lib/../lib/libkernel32.a(libkernel32s01493.o)
 .data          0x00000001400040b0        0x0 C:/Users/Mohamed Hosny/Desktop/ITI/CppES/msys64/msys64/mingw64/bin/../lib/gcc/x86_64-w64-mingw32/11.2.0/../../../../x86_64-w64-mingw32/lib/../lib/libkernel32.a(libkernel32s01491.o)
 .data          0x00000001400040b0        0x0 C:/Users/Mohamed Hosny/Desktop/ITI/CppES/msys64/msys64/mingw64/bin/../lib/gcc/x86_64-w64-mingw32/11.2.0/../../../../x86_64-w64-mingw32/lib/../lib/libkernel32.a(libkernel32s01444.o)
 .data          0x00000001400040b0        0x0 C:/Users/Mohamed Hosny/Desktop/ITI/CppES/msys64/msys64/mingw64/bin/../lib/gcc/x86_64-w64-mingw32/11.2.0/../../../../x86_64-w64-mingw32/lib/../lib/libkernel32.a(libkernel32s01409.o)
 .data          0x00000001400040b0        0x0 C:/Users/Mohamed Hosny/Desktop/ITI/CppES/msys64/msys64/mingw64/bin/../lib/gcc/x86_64-w64-mingw32/11.2.0/../../../../x86_64-w64-mingw32/lib/../lib/libkernel32.a(libkernel32s01393.o)
 .data          0x00000001400040b0        0x0 C:/Users/Mohamed Hosny/Desktop/ITI/CppES/msys64/msys64/mingw64/bin/../lib/gcc/x86_64-w64-mingw32/11.2.0/../../../../x86_64-w64-mingw32/lib/../lib/libkernel32.a(libkernel32s00983.o)
 .data          0x00000001400040b0        0x0 C:/Users/Mohamed Hosny/Desktop/ITI/CppES/msys64/msys64/mingw64/bin/../lib/gcc/x86_64-w64-mingw32/11.2.0/../../../../x86_64-w64-mingw32/lib/../lib/libkernel32.a(libkernel32s00891.o)
 .data          0x00000001400040b0        0x0 C:/Users/Mohamed Hosny/Desktop/ITI/CppES/msys64/msys64/mingw64/bin/../lib/gcc/x86_64-w64-mingw32/11.2.0/../../../../x86_64-w64-mingw32/lib/../lib/libkernel32.a(libkernel32s00742.o)
 .data          0x00000001400040b0        0x0 C:/Users/Mohamed Hosny/Desktop/ITI/CppES/msys64/msys64/mingw64/bin/../lib/gcc/x86_64-w64-mingw32/11.2.0/../../../../x86_64-w64-mingw32/lib/../lib/libkernel32.a(libkernel32s00629.o)
 .data          0x00000001400040b0        0x0 C:/Users/Mohamed Hosny/Desktop/ITI/CppES/msys64/msys64/mingw64/bin/../lib/gcc/x86_64-w64-mingw32/11.2.0/../../../../x86_64-w64-mingw32/lib/../lib/libkernel32.a(libkernel32s00318.o)
 .data          0x00000001400040b0        0x0 C:/Users/Mohamed Hosny/Desktop/ITI/CppES/msys64/msys64/mingw64/bin/../lib/gcc/x86_64-w64-mingw32/11.2.0/../../../../x86_64-w64-mingw32/lib/../lib/libkernel32.a(libkernel32s00282.o)
 .data          0x00000001400040b0        0x0 C:/Users/Mohamed Hosny/Desktop/ITI/CppES/msys64/msys64/mingw64/bin/../lib/gcc/x86_64-w64-mingw32/11.2.0/../../../../x86_64-w64-mingw32/lib/../lib/libkernel32.a(libkernel32h.o)
 .data          0x00000001400040b0        0x0 C:/Users/Mohamed Hosny/Desktop/ITI/CppES/msys64/msys64/mingw64/bin/../lib/gcc/x86_64-w64-mingw32/11.2.0/../../../../x86_64-w64-mingw32/lib/../lib/libkernel32.a(libkernel32t.o)
 .data          0x00000001400040b0        0x0 C:/Users/Mohamed Hosny/Desktop/ITI/CppES/msys64/msys64/mingw64/bin/../lib/gcc/x86_64-w64-mingw32/11.2.0/crtend.o
 *(.data2)
 *(SORT_BY_NAME(.data$*))
 *(.jcr)
                0x00000001400040b0                __data_end__ = .
 *(.data_cygwin_nocopy)

.rdata          0x0000000140005000      0xc00
 *(.rdata)
 .rdata         0x0000000140005000       0x50 C:\Users\MOHAME~1\AppData\Local\Temp\ccLogtqh.o
 *fill*         0x0000000140005050       0x10 
 .rdata         0x0000000140005060       0x60 C:/Users/Mohamed Hosny/Desktop/ITI/CppES/msys64/msys64/mingw64/bin/../lib/gcc/x86_64-w64-mingw32/11.2.0/../../../../x86_64-w64-mingw32/lib/../lib/libmingw32.a(lib64_libmingw32_a-tlssup.o)
                0x0000000140005060                __dyn_tls_init_callback
                0x0000000140005080                _tls_used
 .rdata         0x00000001400050c0      0x140 C:/Users/Mohamed Hosny/Desktop/ITI/CppES/msys64/msys64/mingw64/bin/../lib/gcc/x86_64-w64-mingw32/11.2.0/../../../../x86_64-w64-mingw32/lib/../lib/libmingw32.a(lib64_libmingw32_a-merr.o)
 .rdata         0x0000000140005200      0x160 C:/Users/Mohamed Hosny/Desktop/ITI/CppES/msys64/msys64/mingw64/bin/../lib/gcc/x86_64-w64-mingw32/11.2.0/../../../../x86_64-w64-mingw32/lib/../lib/libmingw32.a(lib64_libmingw32_a-pseudo-reloc.o)
 .rdata         0x0000000140005360       0x30 C:/Users/Mohamed Hosny/Desktop/ITI/CppES/msys64/msys64/mingw64/bin/../lib/gcc/x86_64-w64-mingw32/11.2.0/../../../../x86_64-w64-mingw32/lib/../lib/libmingw32.a(lib64_libmingw32_a-crt_handler.o)
 .rdata         0x0000000140005390        0x8 ertr000001.o
 *(SORT_BY_NAME(.rdata$*))
 *fill*         0x0000000140005398        0x8 
 .rdata$.refptr._CRT_MT
                0x00000001400053a0       0x10 C:/Users/Mohamed Hosny/Desktop/ITI/CppES/msys64/msys64/mingw64/bin/../lib/gcc/x86_64-w64-mingw32/11.2.0/../../../../x86_64-w64-mingw32/lib/../lib/libmingw32.a(lib64_libmingw32_a-tlssup.o)
                0x00000001400053a0                .refptr._CRT_MT
 .rdata$.refptr._MINGW_INSTALL_DEBUG_MATHERR
                0x00000001400053b0       0x10 C:/Users/Mohamed Hosny/Desktop/ITI/CppES/msys64/msys64/mingw64/bin/../lib/gcc/x86_64-w64-mingw32/11.2.0/../../../../x86_64-w64-mingw32/lib/../lib/crt2.o
                0x00000001400053b0                .refptr._MINGW_INSTALL_DEBUG_MATHERR
 .rdata$.refptr._ZSt3cin
                0x00000001400053c0       0x10 C:\Users\MOHAME~1\AppData\Local\Temp\ccLogtqh.o
                0x00000001400053c0                __fu1__ZSt3cin
                0x00000001400053c0                .refptr._ZSt3cin
 .rdata$.refptr._ZSt4cout
                0x00000001400053d0       0x10 C:\Users\MOHAME~1\AppData\Local\Temp\ccLogtqh.o
                0x00000001400053d0                __fu0__ZSt4cout
                0x00000001400053d0                .refptr._ZSt4cout
 .rdata$.refptr._ZSt4endlIcSt11char_traitsIcEERSt13basic_ostreamIT_T0_ES6_
                0x00000001400053e0       0x10 C:\Users\MOHAME~1\AppData\Local\Temp\ccLogtqh.o
                0x00000001400053e0                .refptr._ZSt4endlIcSt11char_traitsIcEERSt13basic_ostreamIT_T0_ES6_
 .rdata$.refptr.__CTOR_LIST__
                0x00000001400053f0       0x10 C:/Users/Mohamed Hosny/Desktop/ITI/CppES/msys64/msys64/mingw64/bin/../lib/gcc/x86_64-w64-mingw32/11.2.0/../../../../x86_64-w64-mingw32/lib/../lib/libmingw32.a(lib64_libmingw32_a-gccmain.o)
                0x00000001400053f0                .refptr.__CTOR_LIST__
 .rdata$.refptr.__RUNTIME_PSEUDO_RELOC_LIST_END__
                0x0000000140005400       0x10 C:/Users/Mohamed Hosny/Desktop/ITI/CppES/msys64/msys64/mingw64/bin/../lib/gcc/x86_64-w64-mingw32/11.2.0/../../../../x86_64-w64-mingw32/lib/../lib/libmingw32.a(lib64_libmingw32_a-pseudo-reloc.o)
                0x0000000140005400                .refptr.__RUNTIME_PSEUDO_RELOC_LIST_END__
 .rdata$.refptr.__RUNTIME_PSEUDO_RELOC_LIST__
                0x0000000140005410       0x10 C:/Users/Mohamed Hosny/Desktop/ITI/CppES/msys64/msys64/mingw64/bin/../lib/gcc/x86_64-w64-mingw32/11.2.0/../../../../x86_64-w64-mingw32/lib/../lib/libmingw32.a(lib64_libmingw32_a-pseudo-reloc.o)
                0x0000000140005410                .refptr.__RUNTIME_PSEUDO_RELOC_LIST__
 .rdata$.refptr.__dyn_tls_init_callback
                0x0000000140005420       0x10 C:/Users/Mohamed Hosny/Desktop/ITI/CppES/msys64/msys64/mingw64/bin/../lib/gcc/x86_64-w64-mingw32/11.2.0/../../../../x86_64-w64-mingw32/lib/../lib/crt2.o
                0x0000000140005420                .refptr.__dyn_tls_init_callback
 .rdata$.refptr.__image_base__
                0x0000000140005430       0x10 C:/Users/Mohamed Hosny/Desktop/ITI/CppES/msys64/msys64/mingw64/bin/../lib/gcc/x86_64-w64-mingw32/11.2.0/../../../../x86_64-w64-mingw32/lib/../lib/crt2.o
                0x0000000140005430                .refptr.__image_base__
 .rdata$.refptr.__imp___initenv
                0x0000000140005440       0x10 C:/Users/Mohamed Hosny/Desktop/ITI/CppES/msys64/msys64/mingw64/bin/../lib/gcc/x86_64-w64-mingw32/11.2.0/../../../../x86_64-w64-mingw32/lib/../lib/crt2.o
                0x0000000140005440                .refptr.__imp___initenv
 .rdata$.refptr.__imp__acmdln
                0x0000000140005450       0x10 C:/Users/Mohamed Hosny/Desktop/ITI/CppES/msys64/msys64/mingw64/bin/../lib/gcc/x86_64-w64-mingw32/11.2.0/../../../../x86_64-w64-mingw32/lib/../lib/libmsvcrt.a(lib64_libmsvcrt_extra_a-__p__acmdln.o)
                0x0000000140005450                .refptr.__imp__acmdln
 .rdata$.refptr.__imp__commode
                0x0000000140005460       0x10 C:/Users/Mohamed Hosny/Desktop/ITI/CppES/msys64/msys64/mingw64/bin/../lib/gcc/x86_64-w64-mingw32/11.2.0/../../../../x86_64-w64-mingw32/lib/../lib/libmsvcrt.a(lib64_libmsvcrt_extra_a-__p__commode.o)
                0x0000000140005460                .refptr.__imp__commode
 .rdata$.refptr.__imp__fmode
                0x0000000140005470       0x10 C:/Users/Mohamed Hosny/Desktop/ITI/CppES/msys64/msys64/mingw64/bin/../lib/gcc/x86_64-w64-mingw32/11.2.0/../../../../x86_64-w64-mingw32/lib/../lib/libmsvcrt.a(lib64_libmsvcrt_extra_a-__p__fmode.o)
                0x0000000140005470                .refptr.__imp__fmode
 .rdata$.refptr.__mingw_app_type
                0x0000000140005480       0x10 C:/Users/Mohamed Hosny/Desktop/ITI/CppES/msys64/msys64/mingw64/bin/../lib/gcc/x86_64-w64-mingw32/11.2.0/../../../../x86_64-w64-mingw32/lib/../lib/crt2.o
                0x0000000140005480                .refptr.__mingw_app_type
 .rdata$.refptr.__mingw_initltsdrot_force
                0x0000000140005490       0x10 C:/Users/Mohamed Hosny/Desktop/ITI/CppES/msys64/msys64/mingw64/bin/../lib/gcc/x86_64-w64-mingw32/11.2.0/../../../../x86_64-w64-mingw32/lib/../lib/crt2.o
                0x0000000140005490                .refptr.__mingw_initltsdrot_force
 .rdata$.refptr.__mingw_initltsdyn_force
                0x00000001400054a0       0x10 C:/Users/Mohamed Hosny/Desktop/ITI/CppES/msys64/msys64/mingw64/bin/../lib/gcc/x86_64-w64-mingw32/11.2.0/../../../../x86_64-w64-mingw32/lib/../lib/crt2.o
                0x00000001400054a0                .refptr.__mingw_initltsdyn_force
 .rdata$.refptr.__mingw_initltssuo_force
                0x00000001400054b0       0x10 C:/Users/Mohamed Hosny/Desktop/ITI/CppES/msys64/msys64/mingw64/bin/../lib/gcc/x86_64-w64-mingw32/11.2.0/../../../../x86_64-w64-mingw32/lib/../lib/crt2.o
                0x00000001400054b0                .refptr.__mingw_initltssuo_force
 .rdata$.refptr.__mingw_oldexcpt_handler
                0x00000001400054c0       0x10 C:/Users/Mohamed Hosny/Desktop/ITI/CppES/msys64/msys64/mingw64/bin/../lib/gcc/x86_64-w64-mingw32/11.2.0/../../../../x86_64-w64-mingw32/lib/../lib/crt2.o
                0x00000001400054c0                .refptr.__mingw_oldexcpt_handler
 .rdata$.refptr.__native_startup_lock
                0x00000001400054d0       0x10 C:/Users/Mohamed Hosny/Desktop/ITI/CppES/msys64/msys64/mingw64/bin/../lib/gcc/x86_64-w64-mingw32/11.2.0/../../../../x86_64-w64-mingw32/lib/../lib/crt2.o
                0x00000001400054d0                .refptr.__native_startup_lock
 .rdata$.refptr.__native_startup_state
                0x00000001400054e0       0x10 C:/Users/Mohamed Hosny/Desktop/ITI/CppES/msys64/msys64/mingw64/bin/../lib/gcc/x86_64-w64-mingw32/11.2.0/../../../../x86_64-w64-mingw32/lib/../lib/crt2.o
                0x00000001400054e0                .refptr.__native_startup_state
 .rdata$.refptr.__xc_a
                0x00000001400054f0       0x10 C:/Users/Mohamed Hosny/Desktop/ITI/CppES/msys64/msys64/mingw64/bin/../lib/gcc/x86_64-w64-mingw32/11.2.0/../../../../x86_64-w64-mingw32/lib/../lib/crt2.o
                0x00000001400054f0                .refptr.__xc_a
 .rdata$.refptr.__xc_z
                0x0000000140005500       0x10 C:/Users/Mohamed Hosny/Desktop/ITI/CppES/msys64/msys64/mingw64/bin/../lib/gcc/x86_64-w64-mingw32/11.2.0/../../../../x86_64-w64-mingw32/lib/../lib/crt2.o
                0x0000000140005500                .refptr.__xc_z
 .rdata$.refptr.__xi_a
                0x0000000140005510       0x10 C:/Users/Mohamed Hosny/Desktop/ITI/CppES/msys64/msys64/mingw64/bin/../lib/gcc/x86_64-w64-mingw32/11.2.0/../../../../x86_64-w64-mingw32/lib/../lib/crt2.o
                0x0000000140005510                .refptr.__xi_a
 .rdata$.refptr.__xi_z
                0x0000000140005520       0x10 C:/Users/Mohamed Hosny/Desktop/ITI/CppES/msys64/msys64/mingw64/bin/../lib/gcc/x86_64-w64-mingw32/11.2.0/../../../../x86_64-w64-mingw32/lib/../lib/crt2.o
                0x0000000140005520                .refptr.__xi_z
 .rdata$.refptr._commode
                0x0000000140005530       0x10 C:/Users/Mohamed Hosny/Desktop/ITI/CppES/msys64/msys64/mingw64/bin/../lib/gcc/x86_64-w64-mingw32/11.2.0/../../../../x86_64-w64-mingw32/lib/../lib/crt2.o
                0x0000000140005530                .refptr._commode
 .rdata$.refptr._dowildcard
                0x0000000140005540       0x10 C:/Users/Mohamed Hosny/Desktop/ITI/CppES/msys64/msys64/mingw64/bin/../lib/gcc/x86_64-w64-mingw32/11.2.0/../../../../x86_64-w64-mingw32/lib/../lib/crt2.o
                0x0000000140005540                .refptr._dowildcard
 .rdata$.refptr._fmode
                0x0000000140005550       0x10 C:/Users/Mohamed Hosny/Desktop/ITI/CppES/msys64/msys64/mingw64/bin/../lib/gcc/x86_64-w64-mingw32/11.2.0/../../../../x86_64-w64-mingw32/lib/../lib/crt2.o
                0x0000000140005550                .refptr._fmode
 .rdata$.refptr._gnu_exception_handler
                0x0000000140005560       0x10 C:/Users/Mohamed Hosny/Desktop/ITI/CppES/msys64/msys64/mingw64/bin/../lib/gcc/x86_64-w64-mingw32/11.2.0/../../../../x86_64-w64-mingw32/lib/../lib/crt2.o
                0x0000000140005560                .refptr._gnu_exception_handler
 .rdata$.refptr._matherr
                0x0000000140005570       0x10 C:/Users/Mohamed Hosny/Desktop/ITI/CppES/msys64/msys64/mingw64/bin/../lib/gcc/x86_64-w64-mingw32/11.2.0/../../../../x86_64-w64-mingw32/lib/../lib/crt2.o
                0x0000000140005570                .refptr._matherr
 .rdata$.refptr._newmode
                0x0000000140005580       0x10 C:/Users/Mohamed Hosny/Desktop/ITI/CppES/msys64/msys64/mingw64/bin/../lib/gcc/x86_64-w64-mingw32/11.2.0/../../../../x86_64-w64-mingw32/lib/../lib/crt2.o
                0x0000000140005580                .refptr._newmode
 .rdata$zzz     0x0000000140005590       0x30 C:/Users/Mohamed Hosny/Desktop/ITI/CppES/msys64/msys64/mingw64/bin/../lib/gcc/x86_64-w64-mingw32/11.2.0/../../../../x86_64-w64-mingw32/lib/../lib/crt2.o
 .rdata$zzz     0x00000001400055c0       0x30 C:/Users/Mohamed Hosny/Desktop/ITI/CppES/msys64/msys64/mingw64/bin/../lib/gcc/x86_64-w64-mingw32/11.2.0/crtbegin.o
 .rdata$zzz     0x00000001400055f0       0x30 C:\Users\MOHAME~1\AppData\Local\Temp\ccLogtqh.o
 .rdata$zzz     0x0000000140005620       0x30 C:/Users/Mohamed Hosny/Desktop/ITI/CppES/msys64/msys64/mingw64/bin/../lib/gcc/x86_64-w64-mingw32/11.2.0/../../../../x86_64-w64-mingw32/lib/../lib/libmingw32.a(lib64_libmingw32_a-gccmain.o)
 .rdata$zzz     0x0000000140005650       0x30 C:/Users/Mohamed Hosny/Desktop/ITI/CppES/msys64/msys64/mingw64/bin/../lib/gcc/x86_64-w64-mingw32/11.2.0/../../../../x86_64-w64-mingw32/lib/../lib/libmingw32.a(lib64_libmingw32_a-natstart.o)
 .rdata$zzz     0x0000000140005680       0x30 C:/Users/Mohamed Hosny/Desktop/ITI/CppES/msys64/msys64/mingw64/bin/../lib/gcc/x86_64-w64-mingw32/11.2.0/../../../../x86_64-w64-mingw32/lib/../lib/libmingw32.a(lib64_libmingw32_a-wildcard.o)
 .rdata$zzz     0x00000001400056b0       0x30 C:/Users/Mohamed Hosny/Desktop/ITI/CppES/msys64/msys64/mingw64/bin/../lib/gcc/x86_64-w64-mingw32/11.2.0/../../../../x86_64-w64-mingw32/lib/../lib/libmingw32.a(lib64_libmingw32_a-dllargv.o)
 .rdata$zzz     0x00000001400056e0       0x30 C:/Users/Mohamed Hosny/Desktop/ITI/CppES/msys64/msys64/mingw64/bin/../lib/gcc/x86_64-w64-mingw32/11.2.0/../../../../x86_64-w64-mingw32/lib/../lib/libmingw32.a(lib64_libmingw32_a-_newmode.o)
 .rdata$zzz     0x0000000140005710       0x30 C:/Users/Mohamed Hosny/Desktop/ITI/CppES/msys64/msys64/mingw64/bin/../lib/gcc/x86_64-w64-mingw32/11.2.0/../../../../x86_64-w64-mingw32/lib/../lib/libmingw32.a(lib64_libmingw32_a-tlssup.o)
 .rdata$zzz     0x0000000140005740       0x30 C:/Users/Mohamed Hosny/Desktop/ITI/CppES/msys64/msys64/mingw64/bin/../lib/gcc/x86_64-w64-mingw32/11.2.0/../../../../x86_64-w64-mingw32/lib/../lib/libmingw32.a(lib64_libmingw32_a-xncommod.o)
 .rdata$zzz     0x0000000140005770       0x30 C:/Users/Mohamed Hosny/Desktop/ITI/CppES/msys64/msys64/mingw64/bin/../lib/gcc/x86_64-w64-mingw32/11.2.0/../../../../x86_64-w64-mingw32/lib/../lib/libmingw32.a(lib64_libmingw32_a-cinitexe.o)
 .rdata$zzz     0x00000001400057a0       0x30 C:/Users/Mohamed Hosny/Desktop/ITI/CppES/msys64/msys64/mingw64/bin/../lib/gcc/x86_64-w64-mingw32/11.2.0/../../../../x86_64-w64-mingw32/lib/../lib/libmingw32.a(lib64_libmingw32_a-merr.o)
 .rdata$zzz     0x00000001400057d0       0x30 C:/Users/Mohamed Hosny/Desktop/ITI/CppES/msys64/msys64/mingw64/bin/../lib/gcc/x86_64-w64-mingw32/11.2.0/../../../../x86_64-w64-mingw32/lib/../lib/libmingw32.a(lib64_libmingw32_a-CRT_fp10.o)
 .rdata$zzz     0x0000000140005800       0x30 C:/Users/Mohamed Hosny/Desktop/ITI/CppES/msys64/msys64/mingw64/bin/../lib/gcc/x86_64-w64-mingw32/11.2.0/../../../../x86_64-w64-mingw32/lib/../lib/libmingw32.a(lib64_libmingw32_a-mingw_helpers.o)
 .rdata$zzz     0x0000000140005830       0x30 C:/Users/Mohamed Hosny/Desktop/ITI/CppES/msys64/msys64/mingw64/bin/../lib/gcc/x86_64-w64-mingw32/11.2.0/../../../../x86_64-w64-mingw32/lib/../lib/libmingw32.a(lib64_libmingw32_a-pseudo-reloc.o)
 .rdata$zzz     0x0000000140005860       0x30 C:/Users/Mohamed Hosny/Desktop/ITI/CppES/msys64/msys64/mingw64/bin/../lib/gcc/x86_64-w64-mingw32/11.2.0/../../../../x86_64-w64-mingw32/lib/../lib/libmingw32.a(lib64_libmingw32_a-usermatherr.o)
 .rdata$zzz     0x0000000140005890       0x30 C:/Users/Mohamed Hosny/Desktop/ITI/CppES/msys64/msys64/mingw64/bin/../lib/gcc/x86_64-w64-mingw32/11.2.0/../../../../x86_64-w64-mingw32/lib/../lib/libmingw32.a(lib64_libmingw32_a-xtxtmode.o)
 .rdata$zzz     0x00000001400058c0       0x30 C:/Users/Mohamed Hosny/Desktop/ITI/CppES/msys64/msys64/mingw64/bin/../lib/gcc/x86_64-w64-mingw32/11.2.0/../../../../x86_64-w64-mingw32/lib/../lib/libmingw32.a(lib64_libmingw32_a-crt_handler.o)
 .rdata$zzz     0x00000001400058f0       0x30 C:/Users/Mohamed Hosny/Desktop/ITI/CppES/msys64/msys64/mingw64/bin/../lib/gcc/x86_64-w64-mingw32/11.2.0/../../../../x86_64-w64-mingw32/lib/../lib/libmingw32.a(lib64_libmingw32_a-tlsthrd.o)
 .rdata$zzz     0x0000000140005920       0x30 C:/Users/Mohamed Hosny/Desktop/ITI/CppES/msys64/msys64/mingw64/bin/../lib/gcc/x86_64-w64-mingw32/11.2.0/../../../../x86_64-w64-mingw32/lib/../lib/libmingw32.a(lib64_libmingw32_a-tlsmcrt.o)
 .rdata$zzz     0x0000000140005950       0x30 C:/Users/Mohamed Hosny/Desktop/ITI/CppES/msys64/msys64/mingw64/bin/../lib/gcc/x86_64-w64-mingw32/11.2.0/../../../../x86_64-w64-mingw32/lib/../lib/libmingw32.a(lib64_libmingw32_a-pseudo-reloc-list.o)
 .rdata$zzz     0x0000000140005980       0x30 C:/Users/Mohamed Hosny/Desktop/ITI/CppES/msys64/msys64/mingw64/bin/../lib/gcc/x86_64-w64-mingw32/11.2.0/../../../../x86_64-w64-mingw32/lib/../lib/libmingw32.a(lib64_libmingw32_a-pesect.o)
 .rdata$zzz     0x00000001400059b0       0x30 C:/Users/Mohamed Hosny/Desktop/ITI/CppES/msys64/msys64/mingw64/bin/../lib/gcc/x86_64-w64-mingw32/11.2.0/libgcc.a(_ctors.o)
 .rdata$zzz     0x00000001400059e0       0x30 C:/Users/Mohamed Hosny/Desktop/ITI/CppES/msys64/msys64/mingw64/bin/../lib/gcc/x86_64-w64-mingw32/11.2.0/../../../../x86_64-w64-mingw32/lib/../lib/libmingwex.a(lib64_libmingwex_a-mingw_matherr.o)
 .rdata$zzz     0x0000000140005a10       0x30 C:/Users/Mohamed Hosny/Desktop/ITI/CppES/msys64/msys64/mingw64/bin/../lib/gcc/x86_64-w64-mingw32/11.2.0/../../../../x86_64-w64-mingw32/lib/../lib/libmsvcrt.a(lib64_libmsvcrt_extra_a-__p__fmode.o)
 .rdata$zzz     0x0000000140005a40       0x30 C:/Users/Mohamed Hosny/Desktop/ITI/CppES/msys64/msys64/mingw64/bin/../lib/gcc/x86_64-w64-mingw32/11.2.0/../../../../x86_64-w64-mingw32/lib/../lib/libmsvcrt.a(lib64_libmsvcrt_extra_a-__p__commode.o)
 .rdata$zzz     0x0000000140005a70       0x30 C:/Users/Mohamed Hosny/Desktop/ITI/CppES/msys64/msys64/mingw64/bin/../lib/gcc/x86_64-w64-mingw32/11.2.0/../../../../x86_64-w64-mingw32/lib/../lib/libmsvcrt.a(lib64_libmsvcrt_extra_a-__p__acmdln.o)
 .rdata$zzz     0x0000000140005aa0       0x30 C:/Users/Mohamed Hosny/Desktop/ITI/CppES/msys64/msys64/mingw64/bin/../lib/gcc/x86_64-w64-mingw32/11.2.0/../../../../x86_64-w64-mingw32/lib/../lib/libmsvcrt.a(lib64_libmsvcrt_extra_a-invalid_parameter_handler.o)
 .rdata$zzz     0x0000000140005ad0       0x30 C:/Users/Mohamed Hosny/Desktop/ITI/CppES/msys64/msys64/mingw64/bin/../lib/gcc/x86_64-w64-mingw32/11.2.0/../../../../x86_64-w64-mingw32/lib/../lib/libmsvcrt.a(lib64_libmsvcrt_common_a-acrt_iob_func.o)
 .rdata$zzz     0x0000000140005b00       0x30 C:/Users/Mohamed Hosny/Desktop/ITI/CppES/msys64/msys64/mingw64/bin/../lib/gcc/x86_64-w64-mingw32/11.2.0/crtend.o
                0x0000000140005b30                . = ALIGN (0x4)
                0x0000000140005b30                __rt_psrelocs_start = .
 *(.rdata_runtime_pseudo_reloc)
 .rdata_runtime_pseudo_reloc
                0x0000000140005b30       0x18 rtr000000.o
 .rdata_runtime_pseudo_reloc
                0x0000000140005b48        0xc rtr000002.o
                0x0000000140005b54                __rt_psrelocs_end = .
                0x0000000000000024                __rt_psrelocs_size = (__rt_psrelocs_end - __rt_psrelocs_start)
                0x0000000140005b54                ___RUNTIME_PSEUDO_RELOC_LIST_END__ = .
                0x0000000140005b54                __RUNTIME_PSEUDO_RELOC_LIST_END__ = .
                0x0000000140005b30                ___RUNTIME_PSEUDO_RELOC_LIST__ = (. - __rt_psrelocs_size)
                0x0000000140005b30                __RUNTIME_PSEUDO_RELOC_LIST__ = (. - __rt_psrelocs_size)

.eh_frame
 *(.eh_frame*)

.pdata          0x0000000140006000      0x400
 *(.pdata*)
 .pdata         0x0000000140006000       0x54 C:/Users/Mohamed Hosny/Desktop/ITI/CppES/msys64/msys64/mingw64/bin/../lib/gcc/x86_64-w64-mingw32/11.2.0/../../../../x86_64-w64-mingw32/lib/../lib/crt2.o
 .pdata         0x0000000140006054       0x18 C:/Users/Mohamed Hosny/Desktop/ITI/CppES/msys64/msys64/mingw64/bin/../lib/gcc/x86_64-w64-mingw32/11.2.0/crtbegin.o
 .pdata         0x000000014000606c       0x30 C:\Users\MOHAME~1\AppData\Local\Temp\ccLogtqh.o
 .pdata$_ZSteqIcSt11char_traitsIcESaIcEEbRKNSt7__cxx1112basic_stringIT_T0_T1_EEPKS5_
                0x000000014000609c        0xc C:\Users\MOHAME~1\AppData\Local\Temp\ccLogtqh.o
 .pdata         0x00000001400060a8       0x24 C:/Users/Mohamed Hosny/Desktop/ITI/CppES/msys64/msys64/mingw64/bin/../lib/gcc/x86_64-w64-mingw32/11.2.0/../../../../x86_64-w64-mingw32/lib/../lib/libmingw32.a(lib64_libmingw32_a-gccmain.o)
 .pdata         0x00000001400060cc        0xc C:/Users/Mohamed Hosny/Desktop/ITI/CppES/msys64/msys64/mingw64/bin/../lib/gcc/x86_64-w64-mingw32/11.2.0/../../../../x86_64-w64-mingw32/lib/../lib/libmingw32.a(lib64_libmingw32_a-dllargv.o)
 .pdata         0x00000001400060d8       0x24 C:/Users/Mohamed Hosny/Desktop/ITI/CppES/msys64/msys64/mingw64/bin/../lib/gcc/x86_64-w64-mingw32/11.2.0/../../../../x86_64-w64-mingw32/lib/../lib/libmingw32.a(lib64_libmingw32_a-tlssup.o)
 .pdata         0x00000001400060fc        0xc C:/Users/Mohamed Hosny/Desktop/ITI/CppES/msys64/msys64/mingw64/bin/../lib/gcc/x86_64-w64-mingw32/11.2.0/../../../../x86_64-w64-mingw32/lib/../lib/libmingw32.a(lib64_libmingw32_a-merr.o)
 .pdata         0x0000000140006108        0xc C:/Users/Mohamed Hosny/Desktop/ITI/CppES/msys64/msys64/mingw64/bin/../lib/gcc/x86_64-w64-mingw32/11.2.0/../../../../x86_64-w64-mingw32/lib/../lib/libmingw32.a(lib64_libmingw32_a-CRT_fp10.o)
 .pdata         0x0000000140006114       0x24 C:/Users/Mohamed Hosny/Desktop/ITI/CppES/msys64/msys64/mingw64/bin/../lib/gcc/x86_64-w64-mingw32/11.2.0/../../../../x86_64-w64-mingw32/lib/../lib/libmingw32.a(lib64_libmingw32_a-pseudo-reloc.o)
 .pdata         0x0000000140006138       0x18 C:/Users/Mohamed Hosny/Desktop/ITI/CppES/msys64/msys64/mingw64/bin/../lib/gcc/x86_64-w64-mingw32/11.2.0/../../../../x86_64-w64-mingw32/lib/../lib/libmingw32.a(lib64_libmingw32_a-usermatherr.o)
 .pdata         0x0000000140006150        0xc C:/Users/Mohamed Hosny/Desktop/ITI/CppES/msys64/msys64/mingw64/bin/../lib/gcc/x86_64-w64-mingw32/11.2.0/../../../../x86_64-w64-mingw32/lib/../lib/libmingw32.a(lib64_libmingw32_a-crt_handler.o)
 .pdata         0x000000014000615c       0x30 C:/Users/Mohamed Hosny/Desktop/ITI/CppES/msys64/msys64/mingw64/bin/../lib/gcc/x86_64-w64-mingw32/11.2.0/../../../../x86_64-w64-mingw32/lib/../lib/libmingw32.a(lib64_libmingw32_a-tlsthrd.o)
 .pdata         0x000000014000618c       0x6c C:/Users/Mohamed Hosny/Desktop/ITI/CppES/msys64/msys64/mingw64/bin/../lib/gcc/x86_64-w64-mingw32/11.2.0/../../../../x86_64-w64-mingw32/lib/../lib/libmingw32.a(lib64_libmingw32_a-pesect.o)
 .pdata         0x00000001400061f8        0xc C:/Users/Mohamed Hosny/Desktop/ITI/CppES/msys64/msys64/mingw64/bin/../lib/gcc/x86_64-w64-mingw32/11.2.0/../../../../x86_64-w64-mingw32/lib/../lib/libmsvcrt.a(lib64_libmsvcrt_extra_a-__p__fmode.o)
 .pdata         0x0000000140006204        0xc C:/Users/Mohamed Hosny/Desktop/ITI/CppES/msys64/msys64/mingw64/bin/../lib/gcc/x86_64-w64-mingw32/11.2.0/../../../../x86_64-w64-mingw32/lib/../lib/libmsvcrt.a(lib64_libmsvcrt_extra_a-__p__commode.o)
 .pdata         0x0000000140006210        0xc C:/Users/Mohamed Hosny/Desktop/ITI/CppES/msys64/msys64/mingw64/bin/../lib/gcc/x86_64-w64-mingw32/11.2.0/../../../../x86_64-w64-mingw32/lib/../lib/libmsvcrt.a(lib64_libmsvcrt_extra_a-__p__acmdln.o)
 .pdata         0x000000014000621c       0x18 C:/Users/Mohamed Hosny/Desktop/ITI/CppES/msys64/msys64/mingw64/bin/../lib/gcc/x86_64-w64-mingw32/11.2.0/../../../../x86_64-w64-mingw32/lib/../lib/libmsvcrt.a(lib64_libmsvcrt_extra_a-invalid_parameter_handler.o)
 .pdata         0x0000000140006234        0xc C:/Users/Mohamed Hosny/Desktop/ITI/CppES/msys64/msys64/mingw64/bin/../lib/gcc/x86_64-w64-mingw32/11.2.0/../../../../x86_64-w64-mingw32/lib/../lib/libmsvcrt.a(lib64_libmsvcrt_common_a-acrt_iob_func.o)
 .pdata.startup
                0x0000000140006240        0xc C:/Users/Mohamed Hosny/Desktop/ITI/CppES/msys64/msys64/mingw64/bin/../lib/gcc/x86_64-w64-mingw32/11.2.0/crtend.o

.xdata          0x0000000140007000      0x200
 *(.xdata*)
 .xdata         0x0000000140007000       0x70 C:/Users/Mohamed Hosny/Desktop/ITI/CppES/msys64/msys64/mingw64/bin/../lib/gcc/x86_64-w64-mingw32/11.2.0/../../../../x86_64-w64-mingw32/lib/../lib/crt2.o
 .xdata         0x0000000140007070        0x8 C:/Users/Mohamed Hosny/Desktop/ITI/CppES/msys64/msys64/mingw64/bin/../lib/gcc/x86_64-w64-mingw32/11.2.0/crtbegin.o
 .xdata         0x0000000140007078       0x50 C:\Users\MOHAME~1\AppData\Local\Temp\ccLogtqh.o
 .xdata$_ZSteqIcSt11char_traitsIcESaIcEEbRKNSt7__cxx1112basic_stringIT_T0_T1_EEPKS5_
                0x00000001400070c8        0xc C:\Users\MOHAME~1\AppData\Local\Temp\ccLogtqh.o
 .xdata         0x00000001400070d4       0x18 C:/Users/Mohamed Hosny/Desktop/ITI/CppES/msys64/msys64/mingw64/bin/../lib/gcc/x86_64-w64-mingw32/11.2.0/../../../../x86_64-w64-mingw32/lib/../lib/libmingw32.a(lib64_libmingw32_a-gccmain.o)
 .xdata         0x00000001400070ec        0x4 C:/Users/Mohamed Hosny/Desktop/ITI/CppES/msys64/msys64/mingw64/bin/../lib/gcc/x86_64-w64-mingw32/11.2.0/../../../../x86_64-w64-mingw32/lib/../lib/libmingw32.a(lib64_libmingw32_a-dllargv.o)
 .xdata         0x00000001400070f0       0x18 C:/Users/Mohamed Hosny/Desktop/ITI/CppES/msys64/msys64/mingw64/bin/../lib/gcc/x86_64-w64-mingw32/11.2.0/../../../../x86_64-w64-mingw32/lib/../lib/libmingw32.a(lib64_libmingw32_a-tlssup.o)
 .xdata         0x0000000140007108       0x18 C:/Users/Mohamed Hosny/Desktop/ITI/CppES/msys64/msys64/mingw64/bin/../lib/gcc/x86_64-w64-mingw32/11.2.0/../../../../x86_64-w64-mingw32/lib/../lib/libmingw32.a(lib64_libmingw32_a-merr.o)
 .xdata         0x0000000140007120        0x4 C:/Users/Mohamed Hosny/Desktop/ITI/CppES/msys64/msys64/mingw64/bin/../lib/gcc/x86_64-w64-mingw32/11.2.0/../../../../x86_64-w64-mingw32/lib/../lib/libmingw32.a(lib64_libmingw32_a-CRT_fp10.o)
 .xdata         0x0000000140007124       0x30 C:/Users/Mohamed Hosny/Desktop/ITI/CppES/msys64/msys64/mingw64/bin/../lib/gcc/x86_64-w64-mingw32/11.2.0/../../../../x86_64-w64-mingw32/lib/../lib/libmingw32.a(lib64_libmingw32_a-pseudo-reloc.o)
 .xdata         0x0000000140007154        0xc C:/Users/Mohamed Hosny/Desktop/ITI/CppES/msys64/msys64/mingw64/bin/../lib/gcc/x86_64-w64-mingw32/11.2.0/../../../../x86_64-w64-mingw32/lib/../lib/libmingw32.a(lib64_libmingw32_a-usermatherr.o)
 .xdata         0x0000000140007160        0x8 C:/Users/Mohamed Hosny/Desktop/ITI/CppES/msys64/msys64/mingw64/bin/../lib/gcc/x86_64-w64-mingw32/11.2.0/../../../../x86_64-w64-mingw32/lib/../lib/libmingw32.a(lib64_libmingw32_a-crt_handler.o)
 .xdata         0x0000000140007168       0x34 C:/Users/Mohamed Hosny/Desktop/ITI/CppES/msys64/msys64/mingw64/bin/../lib/gcc/x86_64-w64-mingw32/11.2.0/../../../../x86_64-w64-mingw32/lib/../lib/libmingw32.a(lib64_libmingw32_a-tlsthrd.o)
 .xdata         0x000000014000719c       0x2c C:/Users/Mohamed Hosny/Desktop/ITI/CppES/msys64/msys64/mingw64/bin/../lib/gcc/x86_64-w64-mingw32/11.2.0/../../../../x86_64-w64-mingw32/lib/../lib/libmingw32.a(lib64_libmingw32_a-pesect.o)
 .xdata         0x00000001400071c8        0x4 C:/Users/Mohamed Hosny/Desktop/ITI/CppES/msys64/msys64/mingw64/bin/../lib/gcc/x86_64-w64-mingw32/11.2.0/../../../../x86_64-w64-mingw32/lib/../lib/libmsvcrt.a(lib64_libmsvcrt_extra_a-__p__fmode.o)
 .xdata         0x00000001400071cc        0x4 C:/Users/Mohamed Hosny/Desktop/ITI/CppES/msys64/msys64/mingw64/bin/../lib/gcc/x86_64-w64-mingw32/11.2.0/../../../../x86_64-w64-mingw32/lib/../lib/libmsvcrt.a(lib64_libmsvcrt_extra_a-__p__commode.o)
 .xdata         0x00000001400071d0        0x4 C:/Users/Mohamed Hosny/Desktop/ITI/CppES/msys64/msys64/mingw64/bin/../lib/gcc/x86_64-w64-mingw32/11.2.0/../../../../x86_64-w64-mingw32/lib/../lib/libmsvcrt.a(lib64_libmsvcrt_extra_a-__p__acmdln.o)
 .xdata         0x00000001400071d4        0x8 C:/Users/Mohamed Hosny/Desktop/ITI/CppES/msys64/msys64/mingw64/bin/../lib/gcc/x86_64-w64-mingw32/11.2.0/../../../../x86_64-w64-mingw32/lib/../lib/libmsvcrt.a(lib64_libmsvcrt_extra_a-invalid_parameter_handler.o)
 .xdata         0x00000001400071dc        0x8 C:/Users/Mohamed Hosny/Desktop/ITI/CppES/msys64/msys64/mingw64/bin/../lib/gcc/x86_64-w64-mingw32/11.2.0/../../../../x86_64-w64-mingw32/lib/../lib/libmsvcrt.a(lib64_libmsvcrt_common_a-acrt_iob_func.o)
 .xdata.startup
                0x00000001400071e4        0x4 C:/Users/Mohamed Hosny/Desktop/ITI/CppES/msys64/msys64/mingw64/bin/../lib/gcc/x86_64-w64-mingw32/11.2.0/crtend.o

.bss            0x0000000140008000      0x1a0
                0x0000000140008000                __bss_start__ = .
 *(.bss)
 .bss           0x0000000140008000       0x40 C:/Users/Mohamed Hosny/Desktop/ITI/CppES/msys64/msys64/mingw64/bin/../lib/gcc/x86_64-w64-mingw32/11.2.0/../../../../x86_64-w64-mingw32/lib/../lib/crt2.o
                0x0000000140008000                __mingw_module_is_dll
                0x0000000140008008                __mingw_winmain_lpCmdLine
                0x0000000140008010                __mingw_winmain_hInstance
 .bss           0x0000000140008040        0x0 C:/Users/Mohamed Hosny/Desktop/ITI/CppES/msys64/msys64/mingw64/bin/../lib/gcc/x86_64-w64-mingw32/11.2.0/crtbegin.o
 .bss           0x0000000140008040       0x10 C:\Users\MOHAME~1\AppData\Local\Temp\ccLogtqh.o
 .bss           0x0000000140008050       0x10 C:/Users/Mohamed Hosny/Desktop/ITI/CppES/msys64/msys64/mingw64/bin/../lib/gcc/x86_64-w64-mingw32/11.2.0/../../../../x86_64-w64-mingw32/lib/../lib/libmingw32.a(lib64_libmingw32_a-gccmain.o)
 .bss           0x0000000140008060       0x10 C:/Users/Mohamed Hosny/Desktop/ITI/CppES/msys64/msys64/mingw64/bin/../lib/gcc/x86_64-w64-mingw32/11.2.0/../../../../x86_64-w64-mingw32/lib/../lib/libmingw32.a(lib64_libmingw32_a-natstart.o)
                0x0000000140008060                __native_startup_lock
                0x0000000140008068                __native_startup_state
 .bss           0x0000000140008070        0x0 C:/Users/Mohamed Hosny/Desktop/ITI/CppES/msys64/msys64/mingw64/bin/../lib/gcc/x86_64-w64-mingw32/11.2.0/../../../../x86_64-w64-mingw32/lib/../lib/libmingw32.a(lib64_libmingw32_a-wildcard.o)
 .bss           0x0000000140008070        0x0 C:/Users/Mohamed Hosny/Desktop/ITI/CppES/msys64/msys64/mingw64/bin/../lib/gcc/x86_64-w64-mingw32/11.2.0/../../../../x86_64-w64-mingw32/lib/../lib/libmingw32.a(lib64_libmingw32_a-dllargv.o)
 .bss           0x0000000140008070       0x10 C:/Users/Mohamed Hosny/Desktop/ITI/CppES/msys64/msys64/mingw64/bin/../lib/gcc/x86_64-w64-mingw32/11.2.0/../../../../x86_64-w64-mingw32/lib/../lib/libmingw32.a(lib64_libmingw32_a-_newmode.o)
                0x0000000140008070                _newmode
 .bss           0x0000000140008080       0x10 C:/Users/Mohamed Hosny/Desktop/ITI/CppES/msys64/msys64/mingw64/bin/../lib/gcc/x86_64-w64-mingw32/11.2.0/../../../../x86_64-w64-mingw32/lib/../lib/libmingw32.a(lib64_libmingw32_a-tlssup.o)
                0x0000000140008080                __mingw_initltssuo_force
                0x0000000140008084                __mingw_initltsdyn_force
                0x0000000140008088                __mingw_initltsdrot_force
                0x000000014000808c                _tls_index
 .bss           0x0000000140008090       0x10 C:/Users/Mohamed Hosny/Desktop/ITI/CppES/msys64/msys64/mingw64/bin/../lib/gcc/x86_64-w64-mingw32/11.2.0/../../../../x86_64-w64-mingw32/lib/../lib/libmingw32.a(lib64_libmingw32_a-xncommod.o)
                0x0000000140008090                _commode
 .bss           0x00000001400080a0        0x0 C:/Users/Mohamed Hosny/Desktop/ITI/CppES/msys64/msys64/mingw64/bin/../lib/gcc/x86_64-w64-mingw32/11.2.0/../../../../x86_64-w64-mingw32/lib/../lib/libmingw32.a(lib64_libmingw32_a-cinitexe.o)
 .bss           0x00000001400080a0        0x0 C:/Users/Mohamed Hosny/Desktop/ITI/CppES/msys64/msys64/mingw64/bin/../lib/gcc/x86_64-w64-mingw32/11.2.0/../../../../x86_64-w64-mingw32/lib/../lib/libmingw32.a(lib64_libmingw32_a-merr.o)
 .bss           0x00000001400080a0        0x0 C:/Users/Mohamed Hosny/Desktop/ITI/CppES/msys64/msys64/mingw64/bin/../lib/gcc/x86_64-w64-mingw32/11.2.0/../../../../x86_64-w64-mingw32/lib/../lib/libmingw32.a(lib64_libmingw32_a-CRT_fp10.o)
 .bss           0x00000001400080a0       0x10 C:/Users/Mohamed Hosny/Desktop/ITI/CppES/msys64/msys64/mingw64/bin/../lib/gcc/x86_64-w64-mingw32/11.2.0/../../../../x86_64-w64-mingw32/lib/../lib/libmingw32.a(lib64_libmingw32_a-mingw_helpers.o)
                0x00000001400080a0                __mingw_app_type
 .bss           0x00000001400080b0       0x10 C:/Users/Mohamed Hosny/Desktop/ITI/CppES/msys64/msys64/mingw64/bin/../lib/gcc/x86_64-w64-mingw32/11.2.0/../../../../x86_64-w64-mingw32/lib/../lib/libmingw32.a(lib64_libmingw32_a-pseudo-reloc.o)
 .bss           0x00000001400080c0       0x10 C:/Users/Mohamed Hosny/Desktop/ITI/CppES/msys64/msys64/mingw64/bin/../lib/gcc/x86_64-w64-mingw32/11.2.0/../../../../x86_64-w64-mingw32/lib/../lib/libmingw32.a(lib64_libmingw32_a-usermatherr.o)
 .bss           0x00000001400080d0       0x10 C:/Users/Mohamed Hosny/Desktop/ITI/CppES/msys64/msys64/mingw64/bin/../lib/gcc/x86_64-w64-mingw32/11.2.0/../../../../x86_64-w64-mingw32/lib/../lib/libmingw32.a(lib64_libmingw32_a-xtxtmode.o)
                0x00000001400080d0                _fmode
 .bss           0x00000001400080e0       0x10 C:/Users/Mohamed Hosny/Desktop/ITI/CppES/msys64/msys64/mingw64/bin/../lib/gcc/x86_64-w64-mingw32/11.2.0/../../../../x86_64-w64-mingw32/lib/../lib/libmingw32.a(lib64_libmingw32_a-crt_handler.o)
                0x00000001400080e0                __mingw_oldexcpt_handler
 *fill*         0x00000001400080f0       0x10 
 .bss           0x0000000140008100       0x60 C:/Users/Mohamed Hosny/Desktop/ITI/CppES/msys64/msys64/mingw64/bin/../lib/gcc/x86_64-w64-mingw32/11.2.0/../../../../x86_64-w64-mingw32/lib/../lib/libmingw32.a(lib64_libmingw32_a-tlsthrd.o)
 .bss           0x0000000140008160        0x0 C:/Users/Mohamed Hosny/Desktop/ITI/CppES/msys64/msys64/mingw64/bin/../lib/gcc/x86_64-w64-mingw32/11.2.0/../../../../x86_64-w64-mingw32/lib/../lib/libmingw32.a(lib64_libmingw32_a-tlsmcrt.o)
 .bss           0x0000000140008160       0x10 C:/Users/Mohamed Hosny/Desktop/ITI/CppES/msys64/msys64/mingw64/bin/../lib/gcc/x86_64-w64-mingw32/11.2.0/../../../../x86_64-w64-mingw32/lib/../lib/libmingw32.a(lib64_libmingw32_a-pseudo-reloc-list.o)
 .bss           0x0000000140008170        0x0 C:/Users/Mohamed Hosny/Desktop/ITI/CppES/msys64/msys64/mingw64/bin/../lib/gcc/x86_64-w64-mingw32/11.2.0/../../../../x86_64-w64-mingw32/lib/../lib/libmingw32.a(lib64_libmingw32_a-pesect.o)
 .bss           0x0000000140008170        0x0 C:/Users/Mohamed Hosny/Desktop/ITI/CppES/msys64/msys64/mingw64/bin/../lib/gcc/x86_64-w64-mingw32/11.2.0/libgcc.a(_chkstk_ms.o)
 .bss           0x0000000140008170       0x20 C:/Users/Mohamed Hosny/Desktop/ITI/CppES/msys64/msys64/mingw64/bin/../lib/gcc/x86_64-w64-mingw32/11.2.0/libgcc.a(_ctors.o)
 .bss           0x0000000140008190        0x0 C:/Users/Mohamed Hosny/Desktop/ITI/CppES/msys64/msys64/mingw64/bin/../lib/gcc/x86_64-w64-mingw32/11.2.0/../../../../x86_64-w64-mingw32/lib/../lib/libmingwex.a(lib64_libmingwex_a-mingw_matherr.o)
 .bss           0x0000000140008190        0x0 C:/Users/Mohamed Hosny/Desktop/ITI/CppES/msys64/msys64/mingw64/bin/../lib/gcc/x86_64-w64-mingw32/11.2.0/../../../../x86_64-w64-mingw32/lib/../lib/libmsvcrt.a(lib64_libmsvcrt_extra_a-__p__fmode.o)
 .bss           0x0000000140008190        0x0 C:/Users/Mohamed Hosny/Desktop/ITI/CppES/msys64/msys64/mingw64/bin/../lib/gcc/x86_64-w64-mingw32/11.2.0/../../../../x86_64-w64-mingw32/lib/../lib/libmsvcrt.a(lib64_libmsvcrt_extra_a-__p__commode.o)
 .bss           0x0000000140008190        0x0 C:/Users/Mohamed Hosny/Desktop/ITI/CppES/msys64/msys64/mingw64/bin/../lib/gcc/x86_64-w64-mingw32/11.2.0/../../../../x86_64-w64-mingw32/lib/../lib/libmsvcrt.a(lib64_libmsvcrt_extra_a-__p__acmdln.o)
 .bss           0x0000000140008190       0x10 C:/Users/Mohamed Hosny/Desktop/ITI/CppES/msys64/msys64/mingw64/bin/../lib/gcc/x86_64-w64-mingw32/11.2.0/../../../../x86_64-w64-mingw32/lib/../lib/libmsvcrt.a(lib64_libmsvcrt_extra_a-invalid_parameter_handler.o)
 .bss           0x00000001400081a0        0x0 C:/Users/Mohamed Hosny/Desktop/ITI/CppES/msys64/msys64/mingw64/bin/../lib/gcc/x86_64-w64-mingw32/11.2.0/../../../../x86_64-w64-mingw32/lib/../lib/libmsvcrt.a(lib64_libmsvcrt_common_a-acrt_iob_func.o)
 .bss           0x00000001400081a0        0x0 C:/Users/Mohamed Hosny/Desktop/ITI/CppES/msys64/msys64/mingw64/bin/../lib/gcc/x86_64-w64-mingw32/11.2.0/../../../../x86_64-w64-mingw32/lib/../lib/libmsvcrt.a(libmsvcrt_defs00055.o)
 .bss           0x00000001400081a0        0x0 C:/Users/Mohamed Hosny/Desktop/ITI/CppES/msys64/msys64/mingw64/bin/../lib/gcc/x86_64-w64-mingw32/11.2.0/../../../../x86_64-w64-mingw32/lib/../lib/libmsvcrt.a(libmsvcrt_defs00081.o)
 .bss           0x00000001400081a0        0x0 C:/Users/Mohamed Hosny/Desktop/ITI/CppES/msys64/msys64/mingw64/bin/../lib/gcc/x86_64-w64-mingw32/11.2.0/../../../../x86_64-w64-mingw32/lib/../lib/libmsvcrt.a(libmsvcrt_defs00082.o)
 .bss           0x00000001400081a0        0x0 C:/Users/Mohamed Hosny/Desktop/ITI/CppES/msys64/msys64/mingw64/bin/../lib/gcc/x86_64-w64-mingw32/11.2.0/../../../../x86_64-w64-mingw32/lib/../lib/libmsvcrt.a(libmsvcrt_defs00083.o)
 .bss           0x00000001400081a0        0x0 C:/Users/Mohamed Hosny/Desktop/ITI/CppES/msys64/msys64/mingw64/bin/../lib/gcc/x86_64-w64-mingw32/11.2.0/../../../../x86_64-w64-mingw32/lib/../lib/libmsvcrt.a(libmsvcrt_defs00097.o)
 .bss           0x00000001400081a0        0x0 C:/Users/Mohamed Hosny/Desktop/ITI/CppES/msys64/msys64/mingw64/bin/../lib/gcc/x86_64-w64-mingw32/11.2.0/../../../../x86_64-w64-mingw32/lib/../lib/libmsvcrt.a(libmsvcrt_defs00099.o)
 .bss           0x00000001400081a0        0x0 C:/Users/Mohamed Hosny/Desktop/ITI/CppES/msys64/msys64/mingw64/bin/../lib/gcc/x86_64-w64-mingw32/11.2.0/../../../../x86_64-w64-mingw32/lib/../lib/libmsvcrt.a(libmsvcrt_defs00116.o)
 .bss           0x00000001400081a0        0x0 C:/Users/Mohamed Hosny/Desktop/ITI/CppES/msys64/msys64/mingw64/bin/../lib/gcc/x86_64-w64-mingw32/11.2.0/../../../../x86_64-w64-mingw32/lib/../lib/libmsvcrt.a(libmsvcrt_defs00123.o)
 .bss           0x00000001400081a0        0x0 C:/Users/Mohamed Hosny/Desktop/ITI/CppES/msys64/msys64/mingw64/bin/../lib/gcc/x86_64-w64-mingw32/11.2.0/../../../../x86_64-w64-mingw32/lib/../lib/libmsvcrt.a(libmsvcrt_defs00141.o)
 .bss           0x00000001400081a0        0x0 C:/Users/Mohamed Hosny/Desktop/ITI/CppES/msys64/msys64/mingw64/bin/../lib/gcc/x86_64-w64-mingw32/11.2.0/../../../../x86_64-w64-mingw32/lib/../lib/libmsvcrt.a(libmsvcrt_defs00157.o)
 .bss           0x00000001400081a0        0x0 C:/Users/Mohamed Hosny/Desktop/ITI/CppES/msys64/msys64/mingw64/bin/../lib/gcc/x86_64-w64-mingw32/11.2.0/../../../../x86_64-w64-mingw32/lib/../lib/libmsvcrt.a(libmsvcrt_defs00254.o)
 .bss           0x00000001400081a0        0x0 C:/Users/Mohamed Hosny/Desktop/ITI/CppES/msys64/msys64/mingw64/bin/../lib/gcc/x86_64-w64-mingw32/11.2.0/../../../../x86_64-w64-mingw32/lib/../lib/libmsvcrt.a(libmsvcrt_defs00332.o)
 .bss           0x00000001400081a0        0x0 C:/Users/Mohamed Hosny/Desktop/ITI/CppES/msys64/msys64/mingw64/bin/../lib/gcc/x86_64-w64-mingw32/11.2.0/../../../../x86_64-w64-mingw32/lib/../lib/libmsvcrt.a(libmsvcrt_defs00614.o)
 .bss           0x00000001400081a0        0x0 C:/Users/Mohamed Hosny/Desktop/ITI/CppES/msys64/msys64/mingw64/bin/../lib/gcc/x86_64-w64-mingw32/11.2.0/../../../../x86_64-w64-mingw32/lib/../lib/libmsvcrt.a(libmsvcrt_defs01038.o)
 .bss           0x00000001400081a0        0x0 C:/Users/Mohamed Hosny/Desktop/ITI/CppES/msys64/msys64/mingw64/bin/../lib/gcc/x86_64-w64-mingw32/11.2.0/../../../../x86_64-w64-mingw32/lib/../lib/libmsvcrt.a(libmsvcrt_defs01056.o)
 .bss           0x00000001400081a0        0x0 C:/Users/Mohamed Hosny/Desktop/ITI/CppES/msys64/msys64/mingw64/bin/../lib/gcc/x86_64-w64-mingw32/11.2.0/../../../../x86_64-w64-mingw32/lib/../lib/libmsvcrt.a(libmsvcrt_defs01069.o)
 .bss           0x00000001400081a0        0x0 C:/Users/Mohamed Hosny/Desktop/ITI/CppES/msys64/msys64/mingw64/bin/../lib/gcc/x86_64-w64-mingw32/11.2.0/../../../../x86_64-w64-mingw32/lib/../lib/libmsvcrt.a(libmsvcrt_defs01090.o)
 .bss           0x00000001400081a0        0x0 C:/Users/Mohamed Hosny/Desktop/ITI/CppES/msys64/msys64/mingw64/bin/../lib/gcc/x86_64-w64-mingw32/11.2.0/../../../../x86_64-w64-mingw32/lib/../lib/libmsvcrt.a(libmsvcrt_defs01097.o)
 .bss           0x00000001400081a0        0x0 C:/Users/Mohamed Hosny/Desktop/ITI/CppES/msys64/msys64/mingw64/bin/../lib/gcc/x86_64-w64-mingw32/11.2.0/../../../../x86_64-w64-mingw32/lib/../lib/libmsvcrt.a(libmsvcrt_defs01110.o)
 .bss           0x00000001400081a0        0x0 C:/Users/Mohamed Hosny/Desktop/ITI/CppES/msys64/msys64/mingw64/bin/../lib/gcc/x86_64-w64-mingw32/11.2.0/../../../../x86_64-w64-mingw32/lib/../lib/libmsvcrt.a(libmsvcrt_defs01158.o)
 .bss           0x00000001400081a0        0x0 C:/Users/Mohamed Hosny/Desktop/ITI/CppES/msys64/msys64/mingw64/bin/../lib/gcc/x86_64-w64-mingw32/11.2.0/../../../../x86_64-w64-mingw32/lib/../lib/libmsvcrt.a(libmsvcrt_defs01166.o)
 .bss           0x00000001400081a0        0x0 C:/Users/Mohamed Hosny/Desktop/ITI/CppES/msys64/msys64/mingw64/bin/../lib/gcc/x86_64-w64-mingw32/11.2.0/../../../../x86_64-w64-mingw32/lib/../lib/libmsvcrt.a(libmsvcrt_defs01198.o)
 .bss           0x00000001400081a0        0x0 C:/Users/Mohamed Hosny/Desktop/ITI/CppES/msys64/msys64/mingw64/bin/../lib/gcc/x86_64-w64-mingw32/11.2.0/../../../../x86_64-w64-mingw32/lib/../lib/libmsvcrt.a(libmsvcrt_defs01221.o)
 .bss           0x00000001400081a0        0x0 C:/Users/Mohamed Hosny/Desktop/ITI/CppES/msys64/msys64/mingw64/bin/../lib/gcc/x86_64-w64-mingw32/11.2.0/../../../../x86_64-w64-mingw32/lib/../lib/libmsvcrt.a(libmsvcrt_defs01224.o)
 .bss           0x00000001400081a0        0x0 C:/Users/Mohamed Hosny/Desktop/ITI/CppES/msys64/msys64/mingw64/bin/../lib/gcc/x86_64-w64-mingw32/11.2.0/../../../../x86_64-w64-mingw32/lib/../lib/libmsvcrt.a(libmsvcrt_defs01259.o)